<html>
<body>
<pre>
<h1>µVision Build Log</h1>
<h2>Tool Versions:</h2>
IDE-Version: ¦ÌVision V5.29.0.0
Copyright (C) 2019 ARM Ltd and ARM Germany GmbH. All rights reserved.
License Information: LinYuheng dazhexue, BUPT, LIC=9N0AE-59F4X-VJK6J-UMNC4-6FJ8A-4EIDV
 
Tool Versions:
Toolchain:       MDK-ARM Professional  Version: 5.29.0.0
Toolchain Path:  D:\keil5\ARM\ARMCC\Bin
C Compiler:      Armcc.exe V5.06 update 6 (build 750)
Assembler:       Armasm.exe V5.06 update 6 (build 750)
Linker/Locator:  ArmLink.exe V5.06 update 6 (build 750)
Library Manager: ArmAr.exe V5.06 update 6 (build 750)
Hex Converter:   FromElf.exe V5.06 update 6 (build 750)
CPU DLL:         SARMCM3.DLL V5.29.0.0
Dialog DLL:      DCM.DLL V1.17.3.0
Target DLL:      CMSIS_AGDI.dll V1.32.0.0
Dialog DLL:      TCM.DLL V1.36.5.0
 
<h2>Project:</h2>
E:\Download\RM\sentry\MDK-ARM\standard_robot_c.uvprojx
Project File Date:  04/05/2026

<h2>Output:</h2>
*** Using Compiler 'V5.06 update 6 (build 750)', folder: 'D:\keil5\ARM\ARMCC\Bin'
Build target 'standard_robot_c'
compiling task_init.c...
..\APP\task_init.h(4): warning:  #1295-D: Deprecated declaration task_init - give arg types
  void task_init();
..\APP\task_init.h(6): warning:  #1-D: last line of file ends without a newline
  #endif //STANDARD_ROBOT_C_TASK_INIT_H
../BSP/can/bsp_can.h(66): warning:  #1-D: last line of file ends without a newline
  #endif /* BSP_CAN_H */
../Module/motor/DJI/M3508/m3508.h(42): warning:  #1-D: last line of file ends without a newline
  #endif //STANDARD_ROBOT_C_M3508_H
../Module/motor/LK/MF9025/mf9025.h(63): warning:  #1-D: last line of file ends without a newline
  #endif //STANDARD_ROBOT_C_MF9025_H
../BSP/usart/bsp_uart.h(55): warning:  #1-D: last line of file ends without a newline
  #endif /* BSP_UART_H */
../Module/DBUS/dbus.h(57): warning:  #1-D: last line of file ends without a newline
  #endif //STANDARD_ROBOT_C_DBUS_H
../Module/Power_Ctrl/power_ctrl.h(59): warning:  #1-D: last line of file ends without a newline
  #endif //NEW_CHASSIS_POWER_CTRL_H
../BSP/algorithm/rls.h(106): warning:  #1-D: last line of file ends without a newline
  #endif //NEW_CHASSIS_RLS_H
../Module/Power_Ctrl/power_ctrl_param_get.h(30): warning:  #1-D: last line of file ends without a newline
  #endif //NEW_CHASSIS_POWER_CTRL_PARAM_GET_H
../Module/Super_Cap/super_cap.h(29): warning:  #1-D: last line of file ends without a newline
  #endif //STANDARD_ROBOT_C_SUPER_CAP_H
../Module/NUC/nuc.h(26): warning:  #1-D: last line of file ends without a newline
  #endif //STANDARD_ROBOT_C_NUC_H
../Module/COMM/CBoard_chassis.h(22): warning:  #1-D: last line of file ends without a newline
  #endif //STANDARD_ROBOT_C_CBOARD_CHASSIS_H
../Module/motor/DJI/GM6020/gm6020.h(45): warning:  #1-D: last line of file ends without a newline
  #endif //STANDARD_ROBOT_C_GM6020_H
../Module/motor/DJI/M2006/m2006.h(42): warning:  #1-D: last line of file ends without a newline
  #endif //STANDARD_ROBOT_C_M2006_H
../Module/COMM/CBoard_gimbal.h(27): warning:  #1-D: last line of file ends without a newline
  #endif //STANDARD_ROBOT_C_CBOARD_GIMBAL_H
../Module/NX/nx.h(24): warning:  #1-D: last line of file ends without a newline
  #endif //STANDARD_ROBOT_C_NX_H
../Module/IMU/HI12/hi12.h(32): warning:  #1-D: last line of file ends without a newline
  #endif //STANDARD_ROBOT_C_HI12_H
..\APP\gimbal.h(85): warning:  #1-D: last line of file ends without a newline
  #endif //STANDARD_ROBOT_C_GIMBAL_H
../Module/LED/led.h(16): warning:  #1-D: last line of file ends without a newline
  #endif //STANDARD_ROBOT_C_LED_H
..\APP\daemon.h(13): warning:  #1-D: last line of file ends without a newline
  #endif //STANDARD_ROBOT_C_DAEMON_H
..\APP\robot_config.h(21): warning:  #1-D: last line of file ends without a newline
  #endif //STANDARD_ROBOT_C_ROBOT_CONFIG_H
..\APP\task_init.c(25): warning:  #1-D: last line of file ends without a newline
  }
..\APP\task_init.c: 23 warnings, 0 errors
compiling ins.c...
../Module/IMU/EKF/QuaternionEKF.h(73): warning:  #1295-D: Deprecated declaration Get_QEKF_INS - give arg types
  QEKF_INS_t* Get_QEKF_INS();
../APP/robot_config.h(21): warning:  #1-D: last line of file ends without a newline
  #endif //STANDARD_ROBOT_C_ROBOT_CONFIG_H
..\Module\IMU\INS\ins.c(134): warning:  #1-D: last line of file ends without a newline
  }
..\Module\IMU\INS\ins.c: 3 warnings, 0 errors
compiling chassis.c...
../BSP/can/bsp_can.h(66): warning:  #1-D: last line of file ends without a newline
  #endif /* BSP_CAN_H */
../Module/motor/DJI/M3508/m3508.h(42): warning:  #1-D: last line of file ends without a newline
  #endif //STANDARD_ROBOT_C_M3508_H
../Module/motor/LK/MF9025/mf9025.h(63): warning:  #1-D: last line of file ends without a newline
  #endif //STANDARD_ROBOT_C_MF9025_H
../BSP/usart/bsp_uart.h(55): warning:  #1-D: last line of file ends without a newline
  #endif /* BSP_UART_H */
../Module/DBUS/dbus.h(57): warning:  #1-D: last line of file ends without a newline
  #endif //STANDARD_ROBOT_C_DBUS_H
../Module/Power_Ctrl/power_ctrl.h(59): warning:  #1-D: last line of file ends without a newline
  #endif //NEW_CHASSIS_POWER_CTRL_H
../BSP/algorithm/rls.h(106): warning:  #1-D: last line of file ends without a newline
  #endif //NEW_CHASSIS_RLS_H
../Module/Power_Ctrl/power_ctrl_param_get.h(30): warning:  #1-D: last line of file ends without a newline
  #endif //NEW_CHASSIS_POWER_CTRL_PARAM_GET_H
../Module/Super_Cap/super_cap.h(29): warning:  #1-D: last line of file ends without a newline
  #endif //STANDARD_ROBOT_C_SUPER_CAP_H
../Module/NUC/nuc.h(26): warning:  #1-D: last line of file ends without a newline
  #endif //STANDARD_ROBOT_C_NUC_H
../Module/COMM/CBoard_chassis.h(22): warning:  #1-D: last line of file ends without a newline
  #endif //STANDARD_ROBOT_C_CBOARD_CHASSIS_H
..\APP\robot_config.h(21): warning:  #1-D: last line of file ends without a newline
  #endif //STANDARD_ROBOT_C_ROBOT_CONFIG_H
..\APP\chassis.c(142): warning:  #188-D: enumerated type mixed with another type
      chassis_ptr->ctrl.chassis_controller = chassis_ptr->rc.rc_data.s1;
..\APP\chassis.c(350): warning:  #177-D: function "chassis_update_power_param"  was declared but never referenced
  static void chassis_update_power_param(chassis_t* chassis_ptr)
..\APP\chassis.c(377): warning:  #177-D: function "chassis_limit_power"  was declared but never referenced
  static void chassis_limit_power(chassis_t* chassis_ptr)
..\APP\chassis.c: 15 warnings, 0 errors
linking...
Program Size: Code=47724 RO-data=1500 RW-data=612 ZI-data=44100  
FromELF: creating hex file...
"standard_robot_c\standard_robot_c.axf" - 0 Error(s), 41 Warning(s).

<h2>Software Packages used:</h2>

Package Vendor: ARM
                http://www.keil.com/pack/ARM.CMSIS.5.6.0.pack
                ARM.CMSIS.5.6.0
                CMSIS (Cortex Microcontroller Software Interface Standard)
   * Component: CORE Version: 5.3.0

Package Vendor: Keil
                http://www.keil.com/pack/Keil.STM32F4xx_DFP.2.15.0.pack
                Keil.STM32F4xx_DFP.2.15.0
                STMicroelectronics STM32F4 Series Device Support, Drivers and Examples

<h2>Collection of Component include folders:</h2>
  .\RTE\_standard_robot_c
  E:\keil\ARM\CMSIS\5.6.0\CMSIS\Core\Include
  E:\keil\Keil\STM32F4xx_DFP\2.15.0\Drivers\CMSIS\Device\ST\STM32F4xx\Include

<h2>Collection of Component Files used:</h2>

   * Component: ARM::CMSIS:CORE:5.3.0
Build Time Elapsed:  00:00:08
</pre>
</body>
</html>
