Component: ARM Compiler 5.06 update 6 (build 750) Tool: armlink [4d35ed]

==============================================================================

Section Cross References

    startup_stm32f407xx.o(STACK) refers (Special) to heapauxi.o(.text) for __use_two_region_memory
    startup_stm32f407xx.o(HEAP) refers (Special) to heapauxi.o(.text) for __use_two_region_memory
    startup_stm32f407xx.o(RESET) refers (Special) to heapauxi.o(.text) for __use_two_region_memory
    startup_stm32f407xx.o(RESET) refers to startup_stm32f407xx.o(STACK) for __initial_sp
    startup_stm32f407xx.o(RESET) refers to startup_stm32f407xx.o(.text) for Reset_Handler
    startup_stm32f407xx.o(RESET) refers to stm32f4xx_it.o(i.NMI_Handler) for NMI_Handler
    startup_stm32f407xx.o(RESET) refers to stm32f4xx_it.o(i.HardFault_Handler) for HardFault_Handler
    startup_stm32f407xx.o(RESET) refers to stm32f4xx_it.o(i.MemManage_Handler) for MemManage_Handler
    startup_stm32f407xx.o(RESET) refers to stm32f4xx_it.o(i.BusFault_Handler) for BusFault_Handler
    startup_stm32f407xx.o(RESET) refers to stm32f4xx_it.o(i.UsageFault_Handler) for UsageFault_Handler
    startup_stm32f407xx.o(RESET) refers to port.o(.emb_text) for SVC_Handler
    startup_stm32f407xx.o(RESET) refers to stm32f4xx_it.o(i.DebugMon_Handler) for DebugMon_Handler
    startup_stm32f407xx.o(RESET) refers to port.o(i.SysTick_Handler) for SysTick_Handler
    startup_stm32f407xx.o(RESET) refers to stm32f4xx_it.o(i.DMA1_Stream1_IRQHandler) for DMA1_Stream1_IRQHandler
    startup_stm32f407xx.o(RESET) refers to stm32f4xx_it.o(i.CAN1_RX0_IRQHandler) for CAN1_RX0_IRQHandler
    startup_stm32f407xx.o(RESET) refers to stm32f4xx_it.o(i.USART1_IRQHandler) for USART1_IRQHandler
    startup_stm32f407xx.o(RESET) refers to stm32f4xx_it.o(i.USART3_IRQHandler) for USART3_IRQHandler
    startup_stm32f407xx.o(RESET) refers to stm32f4xx_it.o(i.TIM8_TRG_COM_TIM14_IRQHandler) for TIM8_TRG_COM_TIM14_IRQHandler
    startup_stm32f407xx.o(RESET) refers to stm32f4xx_it.o(i.DMA2_Stream1_IRQHandler) for DMA2_Stream1_IRQHandler
    startup_stm32f407xx.o(RESET) refers to stm32f4xx_it.o(i.DMA2_Stream2_IRQHandler) for DMA2_Stream2_IRQHandler
    startup_stm32f407xx.o(RESET) refers to stm32f4xx_it.o(i.CAN2_RX0_IRQHandler) for CAN2_RX0_IRQHandler
    startup_stm32f407xx.o(RESET) refers to stm32f4xx_it.o(i.OTG_FS_IRQHandler) for OTG_FS_IRQHandler
    startup_stm32f407xx.o(RESET) refers to stm32f4xx_it.o(i.DMA2_Stream6_IRQHandler) for DMA2_Stream6_IRQHandler
    startup_stm32f407xx.o(RESET) refers to stm32f4xx_it.o(i.DMA2_Stream7_IRQHandler) for DMA2_Stream7_IRQHandler
    startup_stm32f407xx.o(RESET) refers to test.o(i.USART6_IRQHandler) for USART6_IRQHandler
    startup_stm32f407xx.o(.text) refers (Special) to heapauxi.o(.text) for __use_two_region_memory
    startup_stm32f407xx.o(.text) refers to system_stm32f4xx.o(i.SystemInit) for SystemInit
    startup_stm32f407xx.o(.text) refers to __main.o(!!!main) for __main
    startup_stm32f407xx.o(.text) refers to startup_stm32f407xx.o(HEAP) for Heap_Mem
    startup_stm32f407xx.o(.text) refers to startup_stm32f407xx.o(STACK) for Stack_Mem
    main.o(i.HAL_TIM_PeriodElapsedCallback) refers to stm32f4xx_hal.o(i.HAL_IncTick) for HAL_IncTick
    main.o(i.SystemClock_Config) refers to rt_memclr_w.o(.text) for __aeabi_memclr4
    main.o(i.SystemClock_Config) refers to stm32f4xx_hal_rcc.o(i.HAL_RCC_OscConfig) for HAL_RCC_OscConfig
    main.o(i.SystemClock_Config) refers to stm32f4xx_hal_rcc.o(i.HAL_RCC_ClockConfig) for HAL_RCC_ClockConfig
    main.o(i.main) refers to stm32f4xx_hal.o(i.HAL_Init) for HAL_Init
    main.o(i.main) refers to main.o(i.SystemClock_Config) for SystemClock_Config
    main.o(i.main) refers to gpio.o(i.MX_GPIO_Init) for MX_GPIO_Init
    main.o(i.main) refers to dma.o(i.MX_DMA_Init) for MX_DMA_Init
    main.o(i.main) refers to can.o(i.MX_CAN1_Init) for MX_CAN1_Init
    main.o(i.main) refers to can.o(i.MX_CAN2_Init) for MX_CAN2_Init
    main.o(i.main) refers to usart.o(i.MX_USART1_UART_Init) for MX_USART1_UART_Init
    main.o(i.main) refers to usart.o(i.MX_USART3_UART_Init) for MX_USART3_UART_Init
    main.o(i.main) refers to usart.o(i.MX_USART6_UART_Init) for MX_USART6_UART_Init
    main.o(i.main) refers to freertos.o(i.MX_FREERTOS_Init) for MX_FREERTOS_Init
    main.o(i.main) refers to cmsis_os.o(i.osKernelStart) for osKernelStart
    freertos.o(i.MX_FREERTOS_Init) refers to rt_memcpy_w.o(.text) for __aeabi_memcpy4
    freertos.o(i.MX_FREERTOS_Init) refers to cmsis_os.o(i.osThreadCreate) for osThreadCreate
    freertos.o(i.MX_FREERTOS_Init) refers to task_init.o(i.task_init) for task_init
    freertos.o(i.MX_FREERTOS_Init) refers to freertos.o(.constdata) for .constdata
    freertos.o(i.MX_FREERTOS_Init) refers to freertos.o(.data) for .data
    freertos.o(i.StartDefaultTask) refers to usb_device.o(i.MX_USB_DEVICE_Init) for MX_USB_DEVICE_Init
    freertos.o(i.StartDefaultTask) refers to cmsis_os.o(i.osDelay) for osDelay
[...]
    __aeabi_memclr8                          0x08000555   Thumb Code     0  rt_memclr_w.o(.text)
    __rt_memclr_w                            0x08000555   Thumb Code    78  rt_memclr_w.o(.text)
    _memset_w                                0x08000559   Thumb Code     0  rt_memclr_w.o(.text)
    __use_two_region_memory                  0x080005a3   Thumb Code     2  heapauxi.o(.text)
    __rt_heap_escrow$2region                 0x080005a5   Thumb Code     2  heapauxi.o(.text)
    __rt_heap_expand$2region                 0x080005a7   Thumb Code     2  heapauxi.o(.text)
    __aeabi_memclr                           0x080005a9   Thumb Code     0  rt_memclr.o(.text)
    __rt_memclr                              0x080005a9   Thumb Code    68  rt_memclr.o(.text)
    _memset                                  0x080005ad   Thumb Code     0  rt_memclr.o(.text)
    __user_libspace                          0x080005ed   Thumb Code     8  libspace.o(.text)
    __user_perproc_libspace                  0x080005ed   Thumb Code     0  libspace.o(.text)
    __user_perthread_libspace                0x080005ed   Thumb Code     0  libspace.o(.text)
    __user_setup_stackheap                   0x080005f5   Thumb Code    74  sys_stackheap_outer.o(.text)
    exit                                     0x0800063f   Thumb Code    18  exit.o(.text)
    _sys_exit                                0x08000651   Thumb Code     8  sys_exit.o(.text)
    __I$use$semihosting                      0x0800065d   Thumb Code     0  use_no_semi.o(.text)
    __use_no_semihosting_swi                 0x0800065d   Thumb Code     2  use_no_semi.o(.text)
    BSP_UART_IRQHandler                      0x0800065f   Thumb Code   174  bsp_uart.o(i.BSP_UART_IRQHandler)
    __semihosting_library_function           0x0800065f   Thumb Code     0  indicate_semi.o(.text)
    BSP_UART_Init                            0x0800070d   Thumb Code   310  bsp_uart.o(i.BSP_UART_Init)
    BSP_UART_Transmit_To_Mail                0x08000859   Thumb Code    84  bsp_uart.o(i.BSP_UART_Transmit_To_Mail)
    BSP_UART_TxCpltCallback                  0x080008ad   Thumb Code    22  bsp_uart.o(i.BSP_UART_TxCpltCallback)
    BusFault_Handler                         0x080008c3   Thumb Code     2  stm32f4xx_it.o(i.BusFault_Handler)
    CAN1_RX0_IRQHandler                      0x080008c5   Thumb Code     6  stm32f4xx_it.o(i.CAN1_RX0_IRQHandler)
    CAN2_RX0_IRQHandler                      0x080008d1   Thumb Code     6  stm32f4xx_it.o(i.CAN2_RX0_IRQHandler)
    DMA1_Stream1_IRQHandler                  0x08000925   Thumb Code     6  stm32f4xx_it.o(i.DMA1_Stream1_IRQHandler)
    DMA2_Stream1_IRQHandler                  0x08000931   Thumb Code     6  stm32f4xx_it.o(i.DMA2_Stream1_IRQHandler)
    DMA2_Stream2_IRQHandler                  0x0800093d   Thumb Code     6  stm32f4xx_it.o(i.DMA2_Stream2_IRQHandler)
    DMA2_Stream6_IRQHandler                  0x08000949   Thumb Code     6  stm32f4xx_it.o(i.DMA2_Stream6_IRQHandler)
    DMA2_Stream7_IRQHandler                  0x08000955   Thumb Code     6  stm32f4xx_it.o(i.DMA2_Stream7_IRQHandler)
    DebugMon_Handler                         0x08000a05   Thumb Code     2  stm32f4xx_it.o(i.DebugMon_Handler)
    Error_Handler                            0x08000a07   Thumb Code     4  main.o(i.Error_Handler)
    Get_CRC16_Check_Sum                      0x08000a0d   Thumb Code    38  crc.o(i.Get_CRC16_Check_Sum)
    Get_CRC8_Check_Sum                       0x08000a39   Thumb Code    24  crc.o(i.Get_CRC8_Check_Sum)
    HAL_CAN_ErrorCallback                    0x08000a55   Thumb Code     2  stm32f4xx_hal_can.o(i.HAL_CAN_ErrorCallback)
    HAL_CAN_IRQHandler                       0x08000a57   Thumb Code   508  stm32f4xx_hal_can.o(i.HAL_CAN_IRQHandler)
    HAL_CAN_Init                             0x08000c53   Thumb Code   282  stm32f4xx_hal_can.o(i.HAL_CAN_Init)
    HAL_CAN_MspInit                          0x08000d6d   Thumb Code   226  can.o(i.HAL_CAN_MspInit)
    HAL_CAN_RxFifo0FullCallback              0x08000e69   Thumb Code     2  stm32f4xx_hal_can.o(i.HAL_CAN_RxFifo0FullCallback)
    HAL_CAN_RxFifo0MsgPendingCallback        0x08000e6b   Thumb Code     2  stm32f4xx_hal_can.o(i.HAL_CAN_RxFifo0MsgPendingCallback)
    HAL_CAN_RxFifo1FullCallback              0x08000e6d   Thumb Code     2  stm32f4xx_hal_can.o(i.HAL_CAN_RxFifo1FullCallback)
    HAL_CAN_RxFifo1MsgPendingCallback        0x08000e6f   Thumb Code     2  stm32f4xx_hal_can.o(i.HAL_CAN_RxFifo1MsgPendingCallback)
    HAL_CAN_SleepCallback                    0x08000e71   Thumb Code     2  stm32f4xx_hal_can.o(i.HAL_CAN_SleepCallback)
    HAL_CAN_TxMailbox0AbortCallback          0x08000e73   Thumb Code     2  stm32f4xx_hal_can.o(i.HAL_CAN_TxMailbox0AbortCallback)
    HAL_CAN_TxMailbox0CompleteCallback       0x08000e75   Thumb Code     2  stm32f4xx_hal_can.o(i.HAL_CAN_TxMailbox0CompleteCallback)
    HAL_CAN_TxMailbox1AbortCallback          0x08000e77   Thumb Code     2  stm32f4xx_hal_can.o(i.HAL_CAN_TxMailbox1AbortCallback)
    HAL_CAN_TxMailbox1CompleteCallback       0x08000e79   Thumb Code     2  stm32f4xx_hal_can.o(i.HAL_CAN_TxMailbox1CompleteCallback)
    HAL_CAN_TxMailbox2AbortCallback          0x08000e7b   Thumb Code     2  stm32f4xx_hal_can.o(i.HAL_CAN_TxMailbox2AbortCallback)
    HAL_CAN_TxMailbox2CompleteCallback       0x08000e7d   Thumb Code     2  stm32f4xx_hal_can.o(i.HAL_CAN_TxMailbox2CompleteCallback)
    HAL_CAN_WakeUpFromRxMsgCallback          0x08000e7f   Thumb Code     2  stm32f4xx_hal_can.o(i.HAL_CAN_WakeUpFromRxMsgCallback)
    HAL_DMA_Abort                            0x08000e81   Thumb Code   146  stm32f4xx_hal_dma.o(i.HAL_DMA_Abort)
    HAL_DMA_Abort_IT                         0x08000f13   Thumb Code    36  stm32f4xx_hal_dma.o(i.HAL_DMA_Abort_IT)
    HAL_DMA_IRQHandler                       0x08000f39   Thumb Code   412  stm32f4xx_hal_dma.o(i.HAL_DMA_IRQHandler)
    HAL_DMA_Init                             0x080010d9   Thumb Code   206  stm32f4xx_hal_dma.o(i.HAL_DMA_Init)
    HAL_DMA_Start_IT                         0x080011ad   Thumb Code   110  stm32f4xx_hal_dma.o(i.HAL_DMA_Start_IT)
    HAL_Delay                                0x0800121d   Thumb Code    32  stm32f4xx_hal.o(i.HAL_Delay)
    HAL_GPIO_Init                            0x08001241   Thumb Code   450  stm32f4xx_hal_gpio.o(i.HAL_GPIO_Init)
    HAL_GetTick                              0x08001431   Thumb Code     6  stm32f4xx_hal.o(i.HAL_GetTick)
    HAL_IncTick                              0x0800143d   Thumb Code    12  stm32f4xx_hal.o(i.HAL_IncTick)
    HAL_Init                                 0x0800144d   Thumb Code    48  stm32f4xx_hal.o(i.HAL_Init)
    HAL_InitTick                             0x08001481   Thumb Code   132  stm32f4xx_hal_timebase_tim.o(i.HAL_InitTick)
    HAL_MspInit                              0x08001519   Thumb Code    52  stm32f4xx_hal_msp.o(i.HAL_MspInit)
    HAL_NVIC_EnableIRQ                       0x08001551   Thumb Code    26  stm32f4xx_hal_cortex.o(i.HAL_NVIC_EnableIRQ)
    HAL_NVIC_SetPriority                     0x0800156d   Thumb Code    60  stm32f4xx_hal_cortex.o(i.HAL_NVIC_SetPriority)
    HAL_NVIC_SetPriorityGrouping             0x080015ad   Thumb Code    26  stm32f4xx_hal_cortex.o(i.HAL_NVIC_SetPriorityGrouping)
    HAL_PCDEx_LPM_Callback                   0x080015d1   Thumb Code     2  stm32f4xx_hal_pcd_ex.o(i.HAL_PCDEx_LPM_Callback)
    HAL_PCDEx_SetRxFiFo                      0x080015d3   Thumb Code     8  stm32f4xx_hal_pcd_ex.o(i.HAL_PCDEx_SetRxFiFo)
    HAL_PCDEx_SetTxFiFo                      0x080015db   Thumb Code    68  stm32f4xx_hal_pcd_ex.o(i.HAL_PCDEx_SetTxFiFo)
    HAL_PCD_ConnectCallback                  0x0800161f   Thumb Code     8  usbd_conf.o(i.HAL_PCD_ConnectCallback)
    HAL_PCD_DataInStageCallback              0x08001627   Thumb Code    18  usbd_conf.o(i.HAL_PCD_DataInStageCallback)
    HAL_PCD_DataOutStageCallback             0x08001639   Thumb Code    20  usbd_conf.o(i.HAL_PCD_DataOutStageCallback)
    HAL_PCD_DisconnectCallback               0x0800164d   Thumb Code     8  usbd_conf.o(i.HAL_PCD_DisconnectCallback)
    HAL_PCD_EP_Abort                         0x08001655   Thumb Code    30  stm32f4xx_hal_pcd.o(i.HAL_PCD_EP_Abort)
    HAL_PCD_EP_Close                         0x08001673   Thumb Code    74  stm32f4xx_hal_pcd.o(i.HAL_PCD_EP_Close)
    HAL_PCD_EP_ClrStall                      0x080016bd   Thumb Code    90  stm32f4xx_hal_pcd.o(i.HAL_PCD_EP_ClrStall)
    HAL_PCD_EP_GetRxCount                    0x08001717   Thumb Code    18  stm32f4xx_hal_pcd.o(i.HAL_PCD_EP_GetRxCount)
    HAL_PCD_EP_Open                          0x08001729   Thumb Code    98  stm32f4xx_hal_pcd.o(i.HAL_PCD_EP_Open)
    HAL_PCD_EP_Receive                       0x0800178b   Thumb Code    56  stm32f4xx_hal_pcd.o(i.HAL_PCD_EP_Receive)
    HAL_PCD_EP_SetStall                      0x080017c3   Thumb Code   114  stm32f4xx_hal_pcd.o(i.HAL_PCD_EP_SetStall)
    HAL_PCD_EP_Transmit                      0x08001835   Thumb Code    50  stm32f4xx_hal_pcd.o(i.HAL_PCD_EP_Transmit)
    HAL_PCD_IRQHandler                       0x08001869   Thumb Code  1372  stm32f4xx_hal_pcd.o(i.HAL_PCD_IRQHandler)
    HAL_PCD_ISOINIncompleteCallback          0x08001dc5   Thumb Code     8  usbd_conf.o(i.HAL_PCD_ISOINIncompleteCallback)
    HAL_PCD_ISOOUTIncompleteCallback         0x08001dcd   Thumb Code     8  usbd_conf.o(i.HAL_PCD_ISOOUTIncompleteCallback)
    HAL_PCD_Init                             0x08001dd5   Thumb Code   204  stm32f4xx_hal_pcd.o(i.HAL_PCD_Init)
    HAL_PCD_MspInit                          0x08001ea1   Thumb Code   122  usbd_conf.o(i.HAL_PCD_MspInit)
    HAL_PCD_ResetCallback                    0x08001f25   Thumb Code    44  usbd_conf.o(i.HAL_PCD_ResetCallback)
    HAL_PCD_ResumeCallback                   0x08001f51   Thumb Code     8  usbd_conf.o(i.HAL_PCD_ResumeCallback)
    HAL_PCD_SOFCallback                      0x08001f59   Thumb Code     8  usbd_conf.o(i.HAL_PCD_SOFCallback)
    HAL_PCD_SetAddress                       0x08001f61   Thumb Code    38  stm32f4xx_hal_pcd.o(i.HAL_PCD_SetAddress)
    HAL_PCD_SetupStageCallback               0x08001f87   Thumb Code    14  usbd_conf.o(i.HAL_PCD_SetupStageCallback)
    HAL_PCD_Start                            0x08001f95   Thumb Code    66  stm32f4xx_hal_pcd.o(i.HAL_PCD_Start)
    HAL_PCD_SuspendCallback                  0x08001fd9   Thumb Code    44  usbd_conf.o(i.HAL_PCD_SuspendCallback)
    HAL_RCC_ClockConfig                      0x08002009   Thumb Code   288  stm32f4xx_hal_rcc.o(i.HAL_RCC_ClockConfig)
    HAL_RCC_GetClockConfig                   0x0800213d   Thumb Code    54  stm32f4xx_hal_rcc.o(i.HAL_RCC_GetClockConfig)
    HAL_RCC_GetHCLKFreq                      0x0800217d   Thumb Code     6  stm32f4xx_hal_rcc.o(i.HAL_RCC_GetHCLKFreq)
    HAL_RCC_GetPCLK1Freq                     0x08002189   Thumb Code    20  stm32f4xx_hal_rcc.o(i.HAL_RCC_GetPCLK1Freq)
    HAL_RCC_GetPCLK2Freq                     0x080021a9   Thumb Code    20  stm32f4xx_hal_rcc.o(i.HAL_RCC_GetPCLK2Freq)
    HAL_RCC_GetSysClockFreq                  0x080021c9   Thumb Code    88  stm32f4xx_hal_rcc.o(i.HAL_RCC_GetSysClockFreq)
    HAL_RCC_OscConfig                        0x0800222d   Thumb Code   856  stm32f4xx_hal_rcc.o(i.HAL_RCC_OscConfig)
    HAL_TIMEx_BreakCallback                  0x08002599   Thumb Code     2  stm32f4xx_hal_tim_ex.o(i.HAL_TIMEx_BreakCallback)
    HAL_TIMEx_CommutCallback                 0x0800259b   Thumb Code     2  stm32f4xx_hal_tim_ex.o(i.HAL_TIMEx_CommutCallback)
    HAL_TIM_Base_Init                        0x0800259d   Thumb Code    90  stm32f4xx_hal_tim.o(i.HAL_TIM_Base_Init)
    HAL_TIM_Base_MspInit                     0x080025f7   Thumb Code     2  stm32f4xx_hal_tim.o(i.HAL_TIM_Base_MspInit)
    HAL_TIM_Base_Start_IT                    0x080025f9   Thumb Code   100  stm32f4xx_hal_tim.o(i.HAL_TIM_Base_Start_IT)
    HAL_TIM_IC_CaptureCallback               0x08002679   Thumb Code     2  stm32f4xx_hal_tim.o(i.HAL_TIM_IC_CaptureCallback)
    HAL_TIM_IRQHandler                       0x0800267b   Thumb Code   304  stm32f4xx_hal_tim.o(i.HAL_TIM_IRQHandler)
    HAL_TIM_OC_DelayElapsedCallback          0x080027ab   Thumb Code     2  stm32f4xx_hal_tim.o(i.HAL_TIM_OC_DelayElapsedCallback)
    HAL_TIM_PWM_PulseFinishedCallback        0x080027ad   Thumb Code     2  stm32f4xx_hal_tim.o(i.HAL_TIM_PWM_PulseFinishedCallback)
    HAL_TIM_PeriodElapsedCallback            0x080027b1   Thumb Code    14  main.o(i.HAL_TIM_PeriodElapsedCallback)
    HAL_TIM_TriggerCallback                  0x080027c5   Thumb Code     2  stm32f4xx_hal_tim.o(i.HAL_TIM_TriggerCallback)
    HAL_UARTEx_RxEventCallback               0x080027c7   Thumb Code     2  stm32f4xx_hal_uart.o(i.HAL_UARTEx_RxEventCallback)
    HAL_UART_ErrorCallback                   0x080027c9   Thumb Code     2  stm32f4xx_hal_uart.o(i.HAL_UART_ErrorCallback)
    HAL_UART_GetError                        0x080027cb   Thumb Code     4  stm32f4xx_hal_uart.o(i.HAL_UART_GetError)
    HAL_UART_IRQHandler                      0x080027d1   Thumb Code   636  stm32f4xx_hal_uart.o(i.HAL_UART_IRQHandler)
    HAL_UART_Init                            0x08002a51   Thumb Code   100  stm32f4xx_hal_uart.o(i.HAL_UART_Init)
    HAL_UART_MspInit                         0x08002ab5   Thumb Code   612  usart.o(i.HAL_UART_MspInit)
    HAL_UART_RxCpltCallback                  0x08002d49   Thumb Code     2  stm32f4xx_hal_uart.o(i.HAL_UART_RxCpltCallback)
    HAL_UART_Transmit_DMA                    0x08002d4d   Thumb Code   120  stm32f4xx_hal_uart.o(i.HAL_UART_Transmit_DMA)
    HAL_UART_TxCpltCallback                  0x08002dd1   Thumb Code    36  bsp_uart.o(i.HAL_UART_TxCpltCallback)
    HAL_UART_TxHalfCpltCallback              0x08002df9   Thumb Code     2  stm32f4xx_hal_uart.o(i.HAL_UART_TxHalfCpltCallback)
    HardFault_Handler                        0x08002dfb   Thumb Code     2  stm32f4xx_it.o(i.HardFault_Handler)
    MX_CAN1_Init                             0x08002e35   Thumb Code    60  can.o(i.MX_CAN1_Init)
    MX_CAN2_Init                             0x08002e79   Thumb Code    60  can.o(i.MX_CAN2_Init)
    MX_DMA_Init                              0x08002ebd   Thumb Code   120  dma.o(i.MX_DMA_Init)
    MX_FREERTOS_Init                         0x08002f39   Thumb Code    34  freertos.o(i.MX_FREERTOS_Init)
    MX_GPIO_Init                             0x08002f65   Thumb Code   102  gpio.o(i.MX_GPIO_Init)
    MX_USART1_UART_Init                      0x08002fd1   Thumb Code    48  usart.o(i.MX_USART1_UART_Init)
    MX_USART3_UART_Init                      0x08003009   Thumb Code    48  usart.o(i.MX_USART3_UART_Init)
    MX_USART6_UART_Init                      0x08003041   Thumb Code    48  usart.o(i.MX_USART6_UART_Init)
    MX_USB_DEVICE_Init                       0x08003079   Thumb Code    66  usb_device.o(i.MX_USB_DEVICE_Init)
    MemManage_Handler                        0x080030cd   Thumb Code     2  stm32f4xx_it.o(i.MemManage_Handler)
    NMI_Handler                              0x080030cf   Thumb Code     2  stm32f4xx_it.o(i.NMI_Handler)
    OTG_FS_IRQHandler                        0x080030d1   Thumb Code     6  stm32f4xx_it.o(i.OTG_FS_IRQHandler)
    StartDefaultTask                         0x08003255   Thumb Code    12  freertos.o(i.StartDefaultTask)
    SysTick_Handler                          0x08003261   Thumb Code    38  port.o(i.SysTick_Handler)
    SystemClock_Config                       0x0800328d   Thumb Code   140  main.o(i.SystemClock_Config)
    SystemInit                               0x08003321   Thumb Code    12  system_stm32f4xx.o(i.SystemInit)
    TIM8_TRG_COM_TIM14_IRQHandler            0x08003331   Thumb Code     6  stm32f4xx_it.o(i.TIM8_TRG_COM_TIM14_IRQHandler)
    TIM_Base_SetConfig                       0x0800333d   Thumb Code   164  stm32f4xx_hal_tim.o(i.TIM_Base_SetConfig)
    USART1_IRQHandler                        0x08003775   Thumb Code     6  stm32f4xx_it.o(i.USART1_IRQHandler)
    USART3_IRQHandler                        0x08003781   Thumb Code     6  stm32f4xx_it.o(i.USART3_IRQHandler)
    USART6_IRQHandler                        0x0800378d   Thumb Code    18  test.o(i.USART6_IRQHandler)
    USBD_CDC_GetDeviceQualifierDescriptor    0x08003929   Thumb Code     8  usbd_cdc.o(i.USBD_CDC_GetDeviceQualifierDescriptor)
    USBD_CDC_ReceivePacket                   0x08003b0d   Thumb Code    50  usbd_cdc.o(i.USBD_CDC_ReceivePacket)
    USBD_CDC_RegisterInterface               0x08003b45   Thumb Code    22  usbd_cdc.o(i.USBD_CDC_RegisterInterface)
    USBD_CDC_SetRxBuffer                     0x08003b5b   Thumb Code    26  usbd_cdc.o(i.USBD_CDC_SetRxBuffer)
    USBD_CDC_SetTxBuffer                     0x08003b75   Thumb Code    30  usbd_cdc.o(i.USBD_CDC_SetTxBuffer)
    USBD_ClrClassConfig                      0x08003c67   Thumb Code    20  usbd_core.o(i.USBD_ClrClassConfig)
    USBD_CoreFindEP                          0x08003c7b   Thumb Code     4  usbd_core.o(i.USBD_CoreFindEP)
    USBD_CoreFindIF                          0x08003c7f   Thumb Code     4  usbd_core.o(i.USBD_CoreFindIF)
    USBD_CtlContinueRx                       0x08003c83   Thumb Code    16  usbd_ioreq.o(i.USBD_CtlContinueRx)
    USBD_CtlContinueSendData                 0x08003c93   Thumb Code    16  usbd_ioreq.o(i.USBD_CtlContinueSendData)
    USBD_CtlError                            0x08003ca3   Thumb Code    22  usbd_ctlreq.o(i.USBD_CtlError)
    USBD_CtlPrepareRx                        0x08003cb9   Thumb Code    34  usbd_ioreq.o(i.USBD_CtlPrepareRx)
    USBD_CtlReceiveStatus                    0x08003cdb   Thumb Code    22  usbd_ioreq.o(i.USBD_CtlReceiveStatus)
    USBD_CtlSendData                         0x08003cf1   Thumb Code    28  usbd_ioreq.o(i.USBD_CtlSendData)
    USBD_CtlSendStatus                       0x08003d0d   Thumb Code    22  usbd_ioreq.o(i.USBD_CtlSendStatus)
    USBD_FS_ConfigStrDescriptor              0x08003d25   Thumb Code    16  usbd_desc.o(i.USBD_FS_ConfigStrDescriptor)
    USBD_FS_DeviceDescriptor                 0x08003d45   Thumb Code     8  usbd_desc.o(i.USBD_FS_DeviceDescriptor)
    USBD_FS_InterfaceStrDescriptor           0x08003d51   Thumb Code    16  usbd_desc.o(i.USBD_FS_InterfaceStrDescriptor)
    USBD_FS_LangIDStrDescriptor              0x08003d75   Thumb Code     8  usbd_desc.o(i.USBD_FS_LangIDStrDescriptor)
    USBD_FS_ManufacturerStrDescriptor        0x08003d81   Thumb Code    16  usbd_desc.o(i.USBD_FS_ManufacturerStrDescriptor)
    USBD_FS_ProductStrDescriptor             0x08003da9   Thumb Code    16  usbd_desc.o(i.USBD_FS_ProductStrDescriptor)
    USBD_FS_SerialStrDescriptor              0x08003dd5   Thumb Code    48  usbd_desc.o(i.USBD_FS_SerialStrDescriptor)
    USBD_GetEpDesc                           0x08003ef3   Thumb Code    58  usbd_core.o(i.USBD_GetEpDesc)
    USBD_GetNextDesc                         0x08003f41   Thumb Code    14  usbd_core.o(i.USBD_GetNextDesc)
    USBD_GetString                           0x08003f4f   Thumb Code    78  usbd_ctlreq.o(i.USBD_GetString)
    USBD_Get_USB_Status                      0x08003f9d   Thumb Code    24  usbd_conf.o(i.USBD_Get_USB_Status)
    USBD_Init                                0x08003fb5   Thumb Code    38  usbd_core.o(i.USBD_Init)
    USBD_LL_ClearStallEP                     0x08003fdb   Thumb Code    18  usbd_conf.o(i.USBD_LL_ClearStallEP)
    USBD_LL_CloseEP                          0x08003fed   Thumb Code    18  usbd_conf.o(i.USBD_LL_CloseEP)
    USBD_LL_DataInStage                      0x08003fff   Thumb Code   184  usbd_core.o(i.USBD_LL_DataInStage)
    USBD_LL_DataOutStage                     0x080040b7   Thumb Code   148  usbd_core.o(i.USBD_LL_DataOutStage)
    USBD_LL_DevConnected                     0x0800414b   Thumb Code     4  usbd_core.o(i.USBD_LL_DevConnected)
    USBD_LL_DevDisconnected                  0x0800414f   Thumb Code    30  usbd_core.o(i.USBD_LL_DevDisconnected)
    USBD_LL_GetRxDataSize                    0x0800416d   Thumb Code     8  usbd_conf.o(i.USBD_LL_GetRxDataSize)
    USBD_LL_Init                             0x08004175   Thumb Code    90  usbd_conf.o(i.USBD_LL_Init)
    USBD_LL_IsStallEP                        0x080041d5   Thumb Code    30  usbd_conf.o(i.USBD_LL_IsStallEP)
    USBD_LL_IsoINIncomplete                  0x080041f3   Thumb Code    40  usbd_core.o(i.USBD_LL_IsoINIncomplete)
    USBD_LL_IsoOUTIncomplete                 0x0800421b   Thumb Code    40  usbd_core.o(i.USBD_LL_IsoOUTIncomplete)
    USBD_LL_OpenEP                           0x08004243   Thumb Code    24  usbd_conf.o(i.USBD_LL_OpenEP)
    USBD_LL_PrepareReceive                   0x0800425b   Thumb Code    18  usbd_conf.o(i.USBD_LL_PrepareReceive)
    USBD_LL_Reset                            0x0800426d   Thumb Code    94  usbd_core.o(i.USBD_LL_Reset)
    USBD_LL_Resume                           0x080042cb   Thumb Code    20  usbd_core.o(i.USBD_LL_Resume)
    USBD_LL_SOF                              0x080042df   Thumb Code    26  usbd_core.o(i.USBD_LL_SOF)
    USBD_LL_SetSpeed                         0x080042f9   Thumb Code     6  usbd_core.o(i.USBD_LL_SetSpeed)
    USBD_LL_SetUSBAddress                    0x080042ff   Thumb Code    18  usbd_conf.o(i.USBD_LL_SetUSBAddress)
    USBD_LL_SetupStage                       0x08004311   Thumb Code    96  usbd_core.o(i.USBD_LL_SetupStage)
    USBD_LL_StallEP                          0x08004371   Thumb Code    18  usbd_conf.o(i.USBD_LL_StallEP)
    USBD_LL_Start                            0x08004383   Thumb Code    18  usbd_conf.o(i.USBD_LL_Start)
    USBD_LL_Suspend                          0x08004395   Thumb Code    26  usbd_core.o(i.USBD_LL_Suspend)
    USBD_LL_Transmit                         0x080043af   Thumb Code    18  usbd_conf.o(i.USBD_LL_Transmit)
    USBD_ParseSetupRequest                   0x080043c1   Thumb Code    44  usbd_ctlreq.o(i.USBD_ParseSetupRequest)
    USBD_RegisterClass                       0x080043ed   Thumb Code    58  usbd_core.o(i.USBD_RegisterClass)
    USBD_SetClassConfig                      0x08004427   Thumb Code    20  usbd_core.o(i.USBD_SetClassConfig)
    USBD_Start                               0x080044f5   Thumb Code     4  usbd_core.o(i.USBD_Start)
    USBD_StdDevReq                           0x080044f9   Thumb Code   300  usbd_ctlreq.o(i.USBD_StdDevReq)
    USBD_StdEPReq                            0x08004625   Thumb Code   358  usbd_ctlreq.o(i.USBD_StdEPReq)
    USBD_StdItfReq                           0x0800478b   Thumb Code   114  usbd_ctlreq.o(i.USBD_StdItfReq)
    USBD_static_free                         0x080047fd   Thumb Code     2  usbd_conf.o(i.USBD_static_free)
    USBD_static_malloc                       0x08004801   Thumb Code     4  usbd_conf.o(i.USBD_static_malloc)
    USB_ActivateEndpoint                     0x08004809   Thumb Code   122  stm32f4xx_ll_usb.o(i.USB_ActivateEndpoint)
    USB_ActivateSetup                        0x08004889   Thumb Code    28  stm32f4xx_ll_usb.o(i.USB_ActivateSetup)
    USB_CoreInit                             0x080048a5   Thumb Code   126  stm32f4xx_ll_usb.o(i.USB_CoreInit)
    USB_DeactivateEndpoint                   0x0800496d   Thumb Code   194  stm32f4xx_ll_usb.o(i.USB_DeactivateEndpoint)
    USB_DevConnect                           0x08004a39   Thumb Code    28  stm32f4xx_ll_usb.o(i.USB_DevConnect)
    USB_DevDisconnect                        0x08004a55   Thumb Code    28  stm32f4xx_ll_usb.o(i.USB_DevDisconnect)
    USB_DevInit                              0x08004a71   Thumb Code   370  stm32f4xx_ll_usb.o(i.USB_DevInit)
    USB_DisableGlobalInt                     0x08004bed   Thumb Code    12  stm32f4xx_ll_usb.o(i.USB_DisableGlobalInt)
    USB_EP0_OutStart                         0x08004bf9   Thumb Code    84  stm32f4xx_ll_usb.o(i.USB_EP0_OutStart)
    USB_EPClearStall                         0x08004c51   Thumb Code    88  stm32f4xx_ll_usb.o(i.USB_EPClearStall)
    USB_EPSetStall                           0x08004ca9   Thumb Code    88  stm32f4xx_ll_usb.o(i.USB_EPSetStall)
    USB_EPStartXfer                          0x08004d01   Thumb Code   562  stm32f4xx_ll_usb.o(i.USB_EPStartXfer)
    USB_EPStopXfer                           0x08004f39   Thumb Code   158  stm32f4xx_ll_usb.o(i.USB_EPStopXfer)
    USB_EnableGlobalInt                      0x08004fd7   Thumb Code    12  stm32f4xx_ll_usb.o(i.USB_EnableGlobalInt)
    USB_FlushRxFifo                          0x08004fe3   Thumb Code    56  stm32f4xx_ll_usb.o(i.USB_FlushRxFifo)
    USB_FlushTxFifo                          0x0800501b   Thumb Code    60  stm32f4xx_ll_usb.o(i.USB_FlushTxFifo)
    USB_GetDevSpeed                          0x08005057   Thumb Code    26  stm32f4xx_ll_usb.o(i.USB_GetDevSpeed)
    USB_GetMode                              0x08005071   Thumb Code     8  stm32f4xx_ll_usb.o(i.USB_GetMode)
    USB_ReadDevAllInEpInterrupt              0x08005079   Thumb Code    14  stm32f4xx_ll_usb.o(i.USB_ReadDevAllInEpInterrupt)
    USB_ReadDevAllOutEpInterrupt             0x08005087   Thumb Code    14  stm32f4xx_ll_usb.o(i.USB_ReadDevAllOutEpInterrupt)
    USB_ReadDevInEPInterrupt                 0x08005095   Thumb Code    36  stm32f4xx_ll_usb.o(i.USB_ReadDevInEPInterrupt)
    USB_ReadDevOutEPInterrupt                0x080050b9   Thumb Code    16  stm32f4xx_ll_usb.o(i.USB_ReadDevOutEPInterrupt)
    USB_ReadInterrupts                       0x080050c9   Thumb Code     8  stm32f4xx_ll_usb.o(i.USB_ReadInterrupts)
    USB_ReadPacket                           0x080050d1   Thumb Code    62  stm32f4xx_ll_usb.o(i.USB_ReadPacket)
    USB_SetCurrentMode                       0x0800510f   Thumb Code    92  stm32f4xx_ll_usb.o(i.USB_SetCurrentMode)
    USB_SetDevAddress                        0x0800516b   Thumb Code    34  stm32f4xx_ll_usb.o(i.USB_SetDevAddress)
    USB_SetTurnaroundTime                    0x0800518d   Thumb Code   158  stm32f4xx_ll_usb.o(i.USB_SetTurnaroundTime)
    USB_WritePacket                          0x08005275   Thumb Code    40  stm32f4xx_ll_usb.o(i.USB_WritePacket)
    UsageFault_Handler                       0x0800529d   Thumb Code     2  stm32f4xx_it.o(i.UsageFault_Handler)
    Verify_CRC16_Check_Sum                   0x080052a1   Thumb Code    56  crc.o(i.Verify_CRC16_Check_Sum)
    Verify_CRC8_Check_Sum                    0x080052dd   Thumb Code    38  crc.o(i.Verify_CRC8_Check_Sum)
    cmd_debug_handler                        0x08005325   Thumb Code    68  test.o(i.cmd_debug_handler)
    fdsd                                     0x0800536d   Thumb Code    26  test.o(i.fdsd)
    find_frame_header                        0x08005387   Thumb Code    24  test.o(i.find_frame_header)
    main                                     0x080053ab   Thumb Code    46  main.o(i.main)
    osDelay                                  0x080053e5   Thumb Code    14  cmsis_os.o(i.osDelay)
    osKernelStart                            0x080053f3   Thumb Code    10  cmsis_os.o(i.osKernelStart)
    osMailAlloc                              0x080053fd   Thumb Code    12  cmsis_os.o(i.osMailAlloc)
    osMailCreate                             0x08005409   Thumb Code    92  cmsis_os.o(i.osMailCreate)
    osMailFree                               0x08005465   Thumb Code    12  cmsis_os.o(i.osMailFree)
    osMailGet                                0x08005471   Thumb Code   140  cmsis_os.o(i.osMailGet)
    osMailPut                                0x08005501   Thumb Code    88  cmsis_os.o(i.osMailPut)
    osPoolAlloc                              0x0800555d   Thumb Code   106  cmsis_os.o(i.osPoolAlloc)
    osPoolCreate                             0x080055c7   Thumb Code    94  cmsis_os.o(i.osPoolCreate)
    osPoolFree                               0x08005625   Thumb Code    48  cmsis_os.o(i.osPoolFree)
    osSemaphoreCreate                        0x08005655   Thumb Code    62  cmsis_os.o(i.osSemaphoreCreate)
    osSemaphoreRelease                       0x08005695   Thumb Code    74  cmsis_os.o(i.osSemaphoreRelease)
    osSemaphoreWait                          0x080056e5   Thumb Code    96  cmsis_os.o(i.osSemaphoreWait)
    osThreadCreate                           0x08005749   Thumb Code    84  cmsis_os.o(i.osThreadCreate)
    pvPortMalloc                             0x08005c45   Thumb Code   216  heap_4.o(i.pvPortMalloc)
    pvTaskIncrementMutexHeldCount            0x08005d21   Thumb Code    18  tasks.o(i.pvTaskIncrementMutexHeldCount)
    pxPortInitialiseStack                    0x08005d39   Thumb Code    40  port.o(i.pxPortInitialiseStack)
    task_init                                0x08005d65   Thumb Code    30  task_init.o(i.task_init)
    test_Task                                0x08005d8d   Thumb Code    46  test.o(i.test_Task)
    test_init                                0x08005dd1   Thumb Code    54  test.o(i.test_init)
    test_rxcb                                0x08005e21   Thumb Code    70  test.o(i.test_rxcb)
    uxListRemove                             0x08005e67   Thumb Code    38  list.o(i.uxListRemove)
    vApplicationGetIdleTaskMemory            0x08005e8d   Thumb Code    16  freertos.o(i.vApplicationGetIdleTaskMemory)
    vApplicationIdleHook                     0x08005ea1   Thumb Code     2  freertos.o(i.vApplicationIdleHook)
    vApplicationTickHook                     0x08005ea3   Thumb Code     2  freertos.o(i.vApplicationTickHook)
    vListInitialise                          0x08005ea5   Thumb Code    22  list.o(i.vListInitialise)
    vListInitialiseItem                      0x08005ebb   Thumb Code     6  list.o(i.vListInitialiseItem)
    vListInsert                              0x08005ec1   Thumb Code    48  list.o(i.vListInsert)
    vListInsertEnd                           0x08005ef1   Thumb Code    24  list.o(i.vListInsertEnd)
    vPortEnterCritical                       0x08005f09   Thumb Code    54  port.o(i.vPortEnterCritical)
    vPortExitCritical                        0x08005f49   Thumb Code    34  port.o(i.vPortExitCritical)
    vPortFree                                0x08005f71   Thumb Code    94  heap_4.o(i.vPortFree)
    vPortSetupTimerInterrupt                 0x08005fd5   Thumb Code    32  port.o(i.vPortSetupTimerInterrupt)
    vPortValidateInterruptPriority           0x08005ff9   Thumb Code    74  port.o(i.vPortValidateInterruptPriority)
    vTaskDelay                               0x0800604d   Thumb Code    66  tasks.o(i.vTaskDelay)
    vTaskInternalSetTimeOutState             0x08006099   Thumb Code    12  tasks.o(i.vTaskInternalSetTimeOutState)
    vTaskMissedYield                         0x080060a9   Thumb Code     8  tasks.o(i.vTaskMissedYield)
    vTaskPlaceOnEventList                    0x080060b5   Thumb Code    44  tasks.o(i.vTaskPlaceOnEventList)
    vTaskPriorityDisinheritAfterTimeout      0x080060e5   Thumb Code   152  tasks.o(i.vTaskPriorityDisinheritAfterTimeout)
    vTaskStartScheduler                      0x08006185   Thumb Code    90  tasks.o(i.vTaskStartScheduler)
    vTaskSuspendAll                          0x080061f1   Thumb Code    10  tasks.o(i.vTaskSuspendAll)
    vTaskSwitchContext                       0x08006201   Thumb Code    82  tasks.o(i.vTaskSwitchContext)
    xPortStartScheduler                      0x0800625d   Thumb Code   222  port.o(i.xPortStartScheduler)
    xQueueGenericCreate                      0x08006351   Thumb Code    66  queue.o(i.xQueueGenericCreate)
    xQueueGenericCreateStatic                0x08006393   Thumb Code   102  queue.o(i.xQueueGenericCreateStatic)
    xQueueGenericReset                       0x080063f9   Thumb Code   132  queue.o(i.xQueueGenericReset)
    xQueueGenericSend                        0x08006481   Thumb Code   346  queue.o(i.xQueueGenericSend)
    xQueueGenericSendFromISR                 0x080065e1   Thumb Code   190  queue.o(i.xQueueGenericSendFromISR)
    xQueueGiveFromISR                        0x0800669f   Thumb Code   156  queue.o(i.xQueueGiveFromISR)
    xQueueReceive                            0x0800673d   Thumb Code   308  queue.o(i.xQueueReceive)
    xQueueReceiveFromISR                     0x08006875   Thumb Code   154  queue.o(i.xQueueReceiveFromISR)
    xQueueSemaphoreTake                      0x08006911   Thumb Code   372  queue.o(i.xQueueSemaphoreTake)
    xTaskCheckForTimeOut                     0x08006a89   Thumb Code   132  tasks.o(i.xTaskCheckForTimeOut)
    xTaskCreate                              0x08006b11   Thumb Code    90  tasks.o(i.xTaskCreate)
    xTaskCreateStatic                        0x08006b6b   Thumb Code    86  tasks.o(i.xTaskCreateStatic)
    xTaskGetSchedulerState                   0x08006bc1   Thumb Code    22  tasks.o(i.xTaskGetSchedulerState)
    xTaskIncrementTick                       0x08006bdd   Thumb Code   208  tasks.o(i.xTaskIncrementTick)
    xTaskPriorityDisinherit                  0x08006cb5   Thumb Code   144  tasks.o(i.xTaskPriorityDisinherit)
    xTaskPriorityInherit                     0x08006d4d   Thumb Code   130  tasks.o(i.xTaskPriorityInherit)
    xTaskRemoveFromEventList                 0x08006dd9   Thumb Code   108  tasks.o(i.xTaskRemoveFromEventList)
    xTaskResumeAll                           0x08006e4d   Thumb Code   182  tasks.o(i.xTaskResumeAll)
    _fp_init                                 0x08006f11   Thumb Code    10  fpinit.o(x$fpl$fpinit)
    __fplib_config_fpu_vfp                   0x08006f19   Thumb Code     0  fpinit.o(x$fpl$fpinit)
    __fplib_config_pureend_doubles           0x08006f19   Thumb Code     0  fpinit.o(x$fpl$fpinit)
    AHBPrescTable                            0x08006f40   Data          16  system_stm32f4xx.o(.constdata)
    APBPrescTable                            0x08006f50   Data           8  system_stm32f4xx.o(.constdata)
    CRC8_TAB                                 0x08006f58   Data         256  crc.o(.constdata)
    wCRC_Table                               0x08007058   Data         512  crc.o(.constdata)
    Region$$Table$$Base                      0x080072c0   Number         0  anon$$obj.o(Region$$Table)
    Region$$Table$$Limit                     0x080072e0   Number         0  anon$$obj.o(Region$$Table)
    defaultTaskHandle                        0x20000000   Data           4  freertos.o(.data)
    FS_Desc                                  0x20000008   Data          28  usbd_desc.o(.data)
    USBD_LangIDDesc                          0x20000024   Data           4  usbd_desc.o(.data)
    USBD_FS_DeviceDesc                       0x20000028   Data          18  usbd_desc.o(.data)
    USBD_StringSerial                        0x2000003c   Data          26  usbd_desc.o(.data)
    USBD_Interface_fops_FS                   0x20000058   Data          20  usbd_cdc_if.o(.data)
    uwTickFreq                               0x2000006c   Data           1  stm32f4xx_hal.o(.data)
    uwTickPrio                               0x20000070   Data           4  stm32f4xx_hal.o(.data)
    uwTick                                   0x20000074   Data           4  stm32f4xx_hal.o(.data)
    SystemCoreClock                          0x20000078   Data           4  system_stm32f4xx.o(.data)
    pxCurrentTCB                             0x2000007c   Data           4  tasks.o(.data)
    USBD_CDC                                 0x2000013c   Data          56  usbd_cdc.o(.data)
    ex                                       0x20000174   Data           2  crc.o(.data)
    last_bag                                 0x20000178   Data           2  test.o(.data)
    loss_bag                                 0x2000017a   Data           2  test.o(.data)
    bag_cnt                                  0x2000017c   Data           2  test.o(.data)
    loss_rate                                0x20000180   Data           4  test.o(.data)
    test_taskHandle                          0x20000188   Data           4  task_init.o(.data)
    hcan1                                    0x200003e0   Data          40  can.o(.bss)
    hcan2                                    0x20000408   Data          40  can.o(.bss)
    huart1                                   0x20000430   Data          72  usart.o(.bss)
    huart3                                   0x20000478   Data          72  usart.o(.bss)
    huart6                                   0x200004c0   Data          72  usart.o(.bss)
    hdma_usart1_rx                           0x20000508   Data          96  usart.o(.bss)
    hdma_usart1_tx                           0x20000568   Data          96  usart.o(.bss)
    hdma_usart3_rx                           0x200005c8   Data          96  usart.o(.bss)
    hdma_usart6_rx                           0x20000628   Data          96  usart.o(.bss)
    hdma_usart6_tx                           0x20000688   Data          96  usart.o(.bss)
    htim14                                   0x200006e8   Data          72  stm32f4xx_hal_timebase_tim.o(.bss)
    hUsbDeviceFS                             0x20000730   Data         732  usb_device.o(.bss)
    USBD_StrDesc                             0x20000a0c   Data         512  usbd_desc.o(.bss)
    UserRxBufferFS                           0x20000c0c   Data        2048  usbd_cdc_if.o(.bss)
    UserTxBufferFS                           0x2000140c   Data        2048  usbd_cdc_if.o(.bss)
    hpcd_USB_OTG_FS                          0x20001e2c   Data        1252  usbd_conf.o(.bss)
    test_uart                                0x2000600c   Data         288  test.o(.bss)
    test_uart2                               0x2000612c   Data         288  test.o(.bss)
    __libspace_start                         0x2000624c   Data          96  libspace.o(.bss)
    __temporary_stack_top$libspace           0x200062ac   Data           0  libspace.o(.bss)



==============================================================================

Memory Map of the image

  Image Entry point : 0x08000189

  Load Region LR_IROM1 (Base: 0x08000000, Size: 0x0000746c, Max: 0x00100000, ABSOLUTE, COMPRESSED[0x000073a0])

    Execution Region ER_IROM1 (Exec base: 0x08000000, Load base: 0x08000000, Size: 0x000072e0, Max: 0x00100000, ABSOLUTE)

    Exec Addr    Load Addr    Size         Type   Attr      Idx    E Section Name        Object

    0x08000000   0x08000000   0x00000188   Data   RO            3    RESET               startup_stm32f407xx.o
    0x08000188   0x08000188   0x00000008   Code   RO         6728  * !!!main             c_w.l(__main.o)
    0x08000190   0x08000190   0x00000034   Code   RO         6971    !!!scatter          c_w.l(__scatter.o)
    0x080001c4   0x080001c4   0x0000005a   Code   RO         6969    !!dczerorl2         c_w.l(__dczerorl2.o)
    0x0800021e   0x0800021e   0x00000002   PAD
    0x08000220   0x08000220   0x0000001c   Code   RO         6973    !!handler_zi        c_w.l(__scatter_zi.o)
    0x0800023c   0x0800023c   0x00000002   Code   RO         6842    .ARM.Collect$$libinit$$00000000  c_w.l(libinit.o)
    0x0800023e   0x0800023e   0x00000004   Code   RO         6851    .ARM.Collect$$libinit$$00000001  c_w.l(libinit2.o)
    0x08000242   0x08000242   0x00000000   Code   RO         6854    .ARM.Collect$$libinit$$00000004  c_w.l(libinit2.o)
    0x08000242   0x08000242   0x00000000   Code   RO         6857    .ARM.Collect$$libinit$$0000000A  c_w.l(libinit2.o)
    0x08000242   0x08000242   0x00000000   Code   RO         6859    .ARM.Collect$$libinit$$0000000C  c_w.l(libinit2.o)
    0x08000242   0x08000242   0x00000000   Code   RO         6861    .ARM.Collect$$libinit$$0000000E  c_w.l(libinit2.o)
    0x08000242   0x08000242   0x00000000   Code   RO         6864    .ARM.Collect$$libinit$$00000011  c_w.l(libinit2.o)
    0x08000242   0x08000242   0x00000000   Code   RO         6866    .ARM.Collect$$libinit$$00000013  c_w.l(libinit2.o)
    0x08000242   0x08000242   0x00000000   Code   RO         6868    .ARM.Collect$$libinit$$00000015  c_w.l(libinit2.o)
    0x08000242   0x08000242   0x00000000   Code   RO         6870    .ARM.Collect$$libinit$$00000017  c_w.l(libinit2.o)
    0x08000242   0x08000242   0x00000000   Code   RO         6872    .ARM.Collect$$libinit$$00000019  c_w.l(libinit2.o)
    0x08000242   0x08000242   0x00000000   Code   RO         6874    .ARM.Collect$$libinit$$0000001B  c_w.l(libinit2.o)
    0x08000242   0x08000242   0x00000000   Code   RO         6876    .ARM.Collect$$libinit$$0000001D  c_w.l(libinit2.o)
    0x08000242   0x08000242   0x00000000   Code   RO         6878    .ARM.Collect$$libinit$$0000001F  c_w.l(libinit2.o)
    0x08000242   0x08000242   0x00000000   Code   RO         6880    .ARM.Collect$$libinit$$00000021  c_w.l(libinit2.o)
    0x08000242   0x08000242   0x00000000   Code   RO         6882    .ARM.Collect$$libinit$$00000023  c_w.l(libinit2.o)
    0x08000242   0x08000242   0x00000000   Code   RO         6884    .ARM.Collect$$libinit$$00000025  c_w.l(libinit2.o)
    0x08000242   0x08000242   0x00000000   Code   RO         6888    .ARM.Collect$$libinit$$0000002C  c_w.l(libinit2.o)
    0x08000242   0x08000242   0x00000000   Code   RO         6890    .ARM.Collect$$libinit$$0000002E  c_w.l(libinit2.o)
    0x08000242   0x08000242   0x00000000   Code   RO         6892    .ARM.Collect$$libinit$$00000030  c_w.l(libinit2.o)
    0x08000242   0x08000242   0x00000000   Code   RO         6894    .ARM.Collect$$libinit$$00000032  c_w.l(libinit2.o)
    0x08000242   0x08000242   0x00000002   Code   RO         6895    .ARM.Collect$$libinit$$00000033  c_w.l(libinit2.o)
    0x08000244   0x08000244   0x00000002   Code   RO         6926    .ARM.Collect$$libshutdown$$00000000  c_w.l(libshutdown.o)
    0x08000246   0x08000246   0x00000000   Code   RO         6952    .ARM.Collect$$libshutdown$$00000002  c_w.l(libshutdown2.o)
    0x08000246   0x08000246   0x00000000   Code   RO         6954    .ARM.Collect$$libshutdown$$00000004  c_w.l(libshutdown2.o)
    0x08000246   0x08000246   0x00000000   Code   RO         6957    .ARM.Collect$$libshutdown$$00000007  c_w.l(libshutdown2.o)
    0x08000246   0x08000246   0x00000000   Code   RO         6960    .ARM.Collect$$libshutdown$$0000000A  c_w.l(libshutdown2.o)
    0x08000246   0x08000246   0x00000000   Code   RO         6962    .ARM.Collect$$libshutdown$$0000000C  c_w.l(libshutdown2.o)
    0x08000246   0x08000246   0x00000000   Code   RO         6965    .ARM.Collect$$libshutdown$$0000000F  c_w.l(libshutdown2.o)
    0x08000246   0x08000246   0x00000002   Code   RO         6966    .ARM.Collect$$libshutdown$$00000010  c_w.l(libshutdown2.o)
    0x08000248   0x08000248   0x00000000   Code   RO         6768    .ARM.Collect$$rtentry$$00000000  c_w.l(__rtentry.o)
    0x08000248   0x08000248   0x00000000   Code   RO         6805    .ARM.Collect$$rtentry$$00000002  c_w.l(__rtentry2.o)
    0x08000248   0x08000248   0x00000006   Code   RO         6817    .ARM.Collect$$rtentry$$00000004  c_w.l(__rtentry4.o)
    0x0800024e   0x0800024e   0x00000000   Code   RO         6807    .ARM.Collect$$rtentry$$00000009  c_w.l(__rtentry2.o)
    0x0800024e   0x0800024e   0x00000004   Code   RO         6808    .ARM.Collect$$rtentry$$0000000A  c_w.l(__rtentry2.o)
    0x08000252   0x08000252   0x00000000   Code   RO         6810    .ARM.Collect$$rtentry$$0000000C  c_w.l(__rtentry2.o)
    0x08000252   0x08000252   0x00000008   Code   RO         6811    .ARM.Collect$$rtentry$$0000000D  c_w.l(__rtentry2.o)
    0x0800025a   0x0800025a   0x00000002   Code   RO         6843    .ARM.Collect$$rtexit$$00000000  c_w.l(rtexit.o)
    0x0800025c   0x0800025c   0x00000000   Code   RO         6899    .ARM.Collect$$rtexit$$00000002  c_w.l(rtexit2.o)
    0x0800025c   0x0800025c   0x00000004   Code   RO         6900    .ARM.Collect$$rtexit$$00000003  c_w.l(rtexit2.o)
    0x08000260   0x08000260   0x00000006   Code   RO         6901    .ARM.Collect$$rtexit$$00000004  c_w.l(rtexit2.o)
    0x08000266   0x08000266   0x00000002   PAD
    0x08000268   0x08000268   0x000000be   Code   RO         5653    .emb_text           port.o
    0x08000326   0x08000326   0x00000002   PAD
    0x08000328   0x08000328   0x00000040   Code   RO            4    .text               startup_stm32f407xx.o
    0x08000368   0x08000368   0x000000ee   Code   RO         6712    .text               c_w.l(lludivv7m.o)
    0x08000456   0x08000456   0x0000008a   Code   RO         6716    .text               c_w.l(rt_memcpy_v6.o)
    0x080004e0   0x080004e0   0x00000064   Code   RO         6718    .text               c_w.l(rt_memcpy_w.o)
    0x08000544   0x08000544   0x00000010   Code   RO         6722    .text               c_w.l(aeabi_memset.o)
    0x08000554   0x08000554   0x0000004e   Code   RO         6724    .text               c_w.l(rt_memclr_w.o)
    0x080005a2   0x080005a2   0x00000006   Code   RO         6726    .text               c_w.l(heapauxi.o)
    0x080005a8   0x080005a8   0x00000044   Code   RO         6775    .text               c_w.l(rt_memclr.o)
    0x080005ec   0x080005ec   0x00000008   Code   RO         6826    .text               c_w.l(libspace.o)
    0x080005f4   0x080005f4   0x0000004a   Code   RO         6829    .text               c_w.l(sys_stackheap_outer.o)
    0x0800063e   0x0800063e   0x00000012   Code   RO         6831    .text               c_w.l(exit.o)
    0x08000650   0x08000650   0x0000000c   Code   RO         6896    .text               c_w.l(sys_exit.o)
    0x0800065c   0x0800065c   0x00000002   Code   RO         6915    .text               c_w.l(use_no_semi.o)
    0x0800065e   0x0800065e   0x00000000   Code   RO         6917    .text               c_w.l(indicate_semi.o)
    0x0800065e   0x0800065e   0x000000ae   Code   RO         6552    i.BSP_UART_IRQHandler  bsp_uart.o
    0x0800070c   0x0800070c   0x0000014c   Code   RO         6553    i.BSP_UART_Init     bsp_uart.o
    0x08000858   0x08000858   0x00000054   Code   RO         6554    i.BSP_UART_Transmit_To_Mail  bsp_uart.o
    0x080008ac   0x080008ac   0x00000016   Code   RO         6555    i.BSP_UART_TxCpltCallback  bsp_uart.o
    0x080008c2   0x080008c2   0x00000002   Code   RO          455    i.BusFault_Handler  stm32f4xx_it.o
    0x080008c4   0x080008c4   0x0000000c   Code   RO          456    i.CAN1_RX0_IRQHandler  stm32f4xx_it.o
    0x080008d0   0x080008d0   0x0000000c   Code   RO          457    i.CAN2_RX0_IRQHandler  stm32f4xx_it.o
    0x080008dc   0x080008dc   0x00000004   Code   RO          776    i.CDC_Control_FS    usbd_cdc_if.o
    0x080008e0   0x080008e0   0x00000004   Code   RO          777    i.CDC_DeInit_FS     usbd_cdc_if.o
    0x080008e4   0x080008e4   0x00000024   Code   RO          778    i.CDC_Init_FS       usbd_cdc_if.o
    0x08000908   0x08000908   0x00000018   Code   RO          779    i.CDC_Receive_FS    usbd_cdc_if.o
    0x08000920   0x08000920   0x00000004   Code   RO          780    i.CDC_TransmitCplt_FS  usbd_cdc_if.o
    0x08000924   0x08000924   0x0000000c   Code   RO          458    i.DMA1_Stream1_IRQHandler  stm32f4xx_it.o
    0x08000930   0x08000930   0x0000000c   Code   RO          459    i.DMA2_Stream1_IRQHandler  stm32f4xx_it.o
    0x0800093c   0x0800093c   0x0000000c   Code   RO          460    i.DMA2_Stream2_IRQHandler  stm32f4xx_it.o
    0x08000948   0x08000948   0x0000000c   Code   RO          461    i.DMA2_Stream6_IRQHandler  stm32f4xx_it.o
    0x08000954   0x08000954   0x0000000c   Code   RO          462    i.DMA2_Stream7_IRQHandler  stm32f4xx_it.o
    0x08000960   0x08000960   0x00000028   Code   RO         3057    i.DMA_CalcBaseAndBitshift  stm32f4xx_hal_dma.o
    0x08000988   0x08000988   0x00000054   Code   RO         3058    i.DMA_CheckFifoParam  stm32f4xx_hal_dma.o
    0x080009dc   0x080009dc   0x00000028   Code   RO         3059    i.DMA_SetConfig     stm32f4xx_hal_dma.o
    0x08000a04   0x08000a04   0x00000002   Code   RO          463    i.DebugMon_Handler  stm32f4xx_it.o
    0x08000a06   0x08000a06   0x00000004   Code   RO           13    i.Error_Handler     main.o
    0x08000a0a   0x08000a0a   0x00000002   PAD
    0x08000a0c   0x08000a0c   0x0000002c   Code   RO         6196    i.Get_CRC16_Check_Sum  crc.o
    0x08000a38   0x08000a38   0x0000001c   Code   RO         6197    i.Get_CRC8_Check_Sum  crc.o
    0x08000a54   0x08000a54   0x00000002   Code   RO         3754    i.HAL_CAN_ErrorCallback  stm32f4xx_hal_can.o
    0x08000a56   0x08000a56   0x000001fc   Code   RO         3761    i.HAL_CAN_IRQHandler  stm32f4xx_hal_can.o
    0x08000c52   0x08000c52   0x0000011a   Code   RO         3762    i.HAL_CAN_Init      stm32f4xx_hal_can.o
    0x08000d6c   0x08000d6c   0x000000fc   Code   RO          329    i.HAL_CAN_MspInit   can.o
    0x08000e68   0x08000e68   0x00000002   Code   RO         3769    i.HAL_CAN_RxFifo0FullCallback  stm32f4xx_hal_can.o
    0x08000e6a   0x08000e6a   0x00000002   Code   RO         3770    i.HAL_CAN_RxFifo0MsgPendingCallback  stm32f4xx_hal_can.o
    0x08000e6c   0x08000e6c   0x00000002   Code   RO         3771    i.HAL_CAN_RxFifo1FullCallback  stm32f4xx_hal_can.o
    0x08000e6e   0x08000e6e   0x00000002   Code   RO         3772    i.HAL_CAN_RxFifo1MsgPendingCallback  stm32f4xx_hal_can.o
    0x08000e70   0x08000e70   0x00000002   Code   RO         3773    i.HAL_CAN_SleepCallback  stm32f4xx_hal_can.o
    0x08000e72   0x08000e72   0x00000002   Code   RO         3776    i.HAL_CAN_TxMailbox0AbortCallback  stm32f4xx_hal_can.o
    0x08000e74   0x08000e74   0x00000002   Code   RO         3777    i.HAL_CAN_TxMailbox0CompleteCallback  stm32f4xx_hal_can.o
    0x08000e76   0x08000e76   0x00000002   Code   RO         3778    i.HAL_CAN_TxMailbox1AbortCallback  stm32f4xx_hal_can.o
    0x08000e78   0x08000e78   0x00000002   Code   RO         3779    i.HAL_CAN_TxMailbox1CompleteCallback  stm32f4xx_hal_can.o
    0x08000e7a   0x08000e7a   0x00000002   Code   RO         3780    i.HAL_CAN_TxMailbox2AbortCallback  stm32f4xx_hal_can.o
    0x08000e7c   0x08000e7c   0x00000002   Code   RO         3781    i.HAL_CAN_TxMailbox2CompleteCallback  stm32f4xx_hal_can.o
    0x08000e7e   0x08000e7e   0x00000002   Code   RO         3783    i.HAL_CAN_WakeUpFromRxMsgCallback  stm32f4xx_hal_can.o
    0x08000e80   0x08000e80   0x00000092   Code   RO         3060    i.HAL_DMA_Abort     stm32f4xx_hal_dma.o
    0x08000f12   0x08000f12   0x00000024   Code   RO         3061    i.HAL_DMA_Abort_IT  stm32f4xx_hal_dma.o
    0x08000f36   0x08000f36   0x00000002   PAD
    0x08000f38   0x08000f38   0x000001a0   Code   RO         3065    i.HAL_DMA_IRQHandler  stm32f4xx_hal_dma.o
    0x080010d8   0x080010d8   0x000000d4   Code   RO         3066    i.HAL_DMA_Init      stm32f4xx_hal_dma.o
    0x080011ac   0x080011ac   0x0000006e   Code   RO         3070    i.HAL_DMA_Start_IT  stm32f4xx_hal_dma.o
    0x0800121a   0x0800121a   0x00000002   PAD
    0x0800121c   0x0800121c   0x00000024   Code   RO         3497    i.HAL_Delay         stm32f4xx_hal.o
    0x08001240   0x08001240   0x000001f0   Code   RO         2953    i.HAL_GPIO_Init     stm32f4xx_hal_gpio.o
    0x08001430   0x08001430   0x0000000c   Code   RO         3503    i.HAL_GetTick       stm32f4xx_hal.o
    0x0800143c   0x0800143c   0x00000010   Code   RO         3509    i.HAL_IncTick       stm32f4xx_hal.o
    0x0800144c   0x0800144c   0x00000034   Code   RO         3510    i.HAL_Init          stm32f4xx_hal.o
    0x08001480   0x08001480   0x00000098   Code   RO          603    i.HAL_InitTick      stm32f4xx_hal_timebase_tim.o
    0x08001518   0x08001518   0x00000038   Code   RO          579    i.HAL_MspInit       stm32f4xx_hal_msp.o
    0x08001550   0x08001550   0x0000001a   Code   RO         3345    i.HAL_NVIC_EnableIRQ  stm32f4xx_hal_cortex.o
    0x0800156a   0x0800156a   0x00000002   PAD
    0x0800156c   0x0800156c   0x00000040   Code   RO         3351    i.HAL_NVIC_SetPriority  stm32f4xx_hal_cortex.o
    0x080015ac   0x080015ac   0x00000024   Code   RO         3352    i.HAL_NVIC_SetPriorityGrouping  stm32f4xx_hal_cortex.o
    0x080015d0   0x080015d0   0x00000002   Code   RO         2252    i.HAL_PCDEx_LPM_Callback  stm32f4xx_hal_pcd_ex.o
    0x080015d2   0x080015d2   0x00000008   Code   RO         2253    i.HAL_PCDEx_SetRxFiFo  stm32f4xx_hal_pcd_ex.o
    0x080015da   0x080015da   0x00000044   Code   RO         2254    i.HAL_PCDEx_SetTxFiFo  stm32f4xx_hal_pcd_ex.o
    0x0800161e   0x0800161e   0x00000008   Code   RO          833    i.HAL_PCD_ConnectCallback  usbd_conf.o
    0x08001626   0x08001626   0x00000012   Code   RO          834    i.HAL_PCD_DataInStageCallback  usbd_conf.o
    0x08001638   0x08001638   0x00000014   Code   RO          835    i.HAL_PCD_DataOutStageCallback  usbd_conf.o
    0x0800164c   0x0800164c   0x00000008   Code   RO          836    i.HAL_PCD_DisconnectCallback  usbd_conf.o
    0x08001654   0x08001654   0x0000001e   Code   RO         2022    i.HAL_PCD_EP_Abort  stm32f4xx_hal_pcd.o
    0x08001672   0x08001672   0x0000004a   Code   RO         2023    i.HAL_PCD_EP_Close  stm32f4xx_hal_pcd.o
    0x080016bc   0x080016bc   0x0000005a   Code   RO         2024    i.HAL_PCD_EP_ClrStall  stm32f4xx_hal_pcd.o
    0x08001716   0x08001716   0x00000012   Code   RO         2026    i.HAL_PCD_EP_GetRxCount  stm32f4xx_hal_pcd.o
    0x08001728   0x08001728   0x00000062   Code   RO         2027    i.HAL_PCD_EP_Open   stm32f4xx_hal_pcd.o
    0x0800178a   0x0800178a   0x00000038   Code   RO         2028    i.HAL_PCD_EP_Receive  stm32f4xx_hal_pcd.o
    0x080017c2   0x080017c2   0x00000072   Code   RO         2029    i.HAL_PCD_EP_SetStall  stm32f4xx_hal_pcd.o
    0x08001834   0x08001834   0x00000032   Code   RO         2030    i.HAL_PCD_EP_Transmit  stm32f4xx_hal_pcd.o
    0x08001866   0x08001866   0x00000002   PAD
    0x08001868   0x08001868   0x0000055c   Code   RO         2032    i.HAL_PCD_IRQHandler  stm32f4xx_hal_pcd.o
    0x08001dc4   0x08001dc4   0x00000008   Code   RO          837    i.HAL_PCD_ISOINIncompleteCallback  usbd_conf.o
    0x08001dcc   0x08001dcc   0x00000008   Code   RO          838    i.HAL_PCD_ISOOUTIncompleteCallback  usbd_conf.o
    0x08001dd4   0x08001dd4   0x000000cc   Code   RO         2035    i.HAL_PCD_Init      stm32f4xx_hal_pcd.o
    0x08001ea0   0x08001ea0   0x00000084   Code   RO          840    i.HAL_PCD_MspInit   usbd_conf.o
    0x08001f24   0x08001f24   0x0000002c   Code   RO          841    i.HAL_PCD_ResetCallback  usbd_conf.o
    0x08001f50   0x08001f50   0x00000008   Code   RO          842    i.HAL_PCD_ResumeCallback  usbd_conf.o
    0x08001f58   0x08001f58   0x00000008   Code   RO          843    i.HAL_PCD_SOFCallback  usbd_conf.o
    0x08001f60   0x08001f60   0x00000026   Code   RO         2041    i.HAL_PCD_SetAddress  stm32f4xx_hal_pcd.o
    0x08001f86   0x08001f86   0x0000000e   Code   RO          844    i.HAL_PCD_SetupStageCallback  usbd_conf.o
    0x08001f94   0x08001f94   0x00000042   Code   RO         2044    i.HAL_PCD_Start     stm32f4xx_hal_pcd.o
    0x08001fd6   0x08001fd6   0x00000002   PAD
    0x08001fd8   0x08001fd8   0x00000030   Code   RO          845    i.HAL_PCD_SuspendCallback  usbd_conf.o
    0x08002008   0x08002008   0x00000134   Code   RO         2599    i.HAL_RCC_ClockConfig  stm32f4xx_hal_rcc.o
    0x0800213c   0x0800213c   0x00000040   Code   RO         2603    i.HAL_RCC_GetClockConfig  stm32f4xx_hal_rcc.o
    0x0800217c   0x0800217c   0x0000000c   Code   RO         2604    i.HAL_RCC_GetHCLKFreq  stm32f4xx_hal_rcc.o
    0x08002188   0x08002188   0x00000020   Code   RO         2606    i.HAL_RCC_GetPCLK1Freq  stm32f4xx_hal_rcc.o
    0x080021a8   0x080021a8   0x00000020   Code   RO         2607    i.HAL_RCC_GetPCLK2Freq  stm32f4xx_hal_rcc.o
    0x080021c8   0x080021c8   0x00000064   Code   RO         2608    i.HAL_RCC_GetSysClockFreq  stm32f4xx_hal_rcc.o
    0x0800222c   0x0800222c   0x0000036c   Code   RO         2611    i.HAL_RCC_OscConfig  stm32f4xx_hal_rcc.o
    0x08002598   0x08002598   0x00000002   Code   RO         1746    i.HAL_TIMEx_BreakCallback  stm32f4xx_hal_tim_ex.o
    0x0800259a   0x0800259a   0x00000002   Code   RO         1747    i.HAL_TIMEx_CommutCallback  stm32f4xx_hal_tim_ex.o
    0x0800259c   0x0800259c   0x0000005a   Code   RO         1042    i.HAL_TIM_Base_Init  stm32f4xx_hal_tim.o
    0x080025f6   0x080025f6   0x00000002   Code   RO         1044    i.HAL_TIM_Base_MspInit  stm32f4xx_hal_tim.o
    0x080025f8   0x080025f8   0x00000080   Code   RO         1047    i.HAL_TIM_Base_Start_IT  stm32f4xx_hal_tim.o
    0x08002678   0x08002678   0x00000002   Code   RO         1076    i.HAL_TIM_IC_CaptureCallback  stm32f4xx_hal_tim.o
    0x0800267a   0x0800267a   0x00000130   Code   RO         1090    i.HAL_TIM_IRQHandler  stm32f4xx_hal_tim.o
    0x080027aa   0x080027aa   0x00000002   Code   RO         1093    i.HAL_TIM_OC_DelayElapsedCallback  stm32f4xx_hal_tim.o
    0x080027ac   0x080027ac   0x00000002   Code   RO         1120    i.HAL_TIM_PWM_PulseFinishedCallback  stm32f4xx_hal_tim.o
    0x080027ae   0x080027ae   0x00000002   PAD
    0x080027b0   0x080027b0   0x00000014   Code   RO           14    i.HAL_TIM_PeriodElapsedCallback  main.o
    0x080027c4   0x080027c4   0x00000002   Code   RO         1133    i.HAL_TIM_TriggerCallback  stm32f4xx_hal_tim.o
    0x080027c6   0x080027c6   0x00000002   Code   RO         3994    i.HAL_UARTEx_RxEventCallback  stm32f4xx_hal_uart.o
    0x080027c8   0x080027c8   0x00000002   Code   RO         4008    i.HAL_UART_ErrorCallback  stm32f4xx_hal_uart.o
    0x080027ca   0x080027ca   0x00000004   Code   RO         4009    i.HAL_UART_GetError  stm32f4xx_hal_uart.o
    0x080027ce   0x080027ce   0x00000002   PAD
    0x080027d0   0x080027d0   0x00000280   Code   RO         4011    i.HAL_UART_IRQHandler  stm32f4xx_hal_uart.o
    0x08002a50   0x08002a50   0x00000064   Code   RO         4012    i.HAL_UART_Init     stm32f4xx_hal_uart.o
    0x08002ab4   0x08002ab4   0x00000294   Code   RO          402    i.HAL_UART_MspInit  usart.o
    0x08002d48   0x08002d48   0x00000002   Code   RO         4018    i.HAL_UART_RxCpltCallback  stm32f4xx_hal_uart.o
    0x08002d4a   0x08002d4a   0x00000002   PAD
    0x08002d4c   0x08002d4c   0x00000084   Code   RO         4021    i.HAL_UART_Transmit_DMA  stm32f4xx_hal_uart.o
    0x08002dd0   0x08002dd0   0x00000028   Code   RO         6556    i.HAL_UART_TxCpltCallback  bsp_uart.o
    0x08002df8   0x08002df8   0x00000002   Code   RO         4024    i.HAL_UART_TxHalfCpltCallback  stm32f4xx_hal_uart.o
    0x08002dfa   0x08002dfa   0x00000002   Code   RO          464    i.HardFault_Handler  stm32f4xx_it.o
    0x08002dfc   0x08002dfc   0x00000038   Code   RO          690    i.IntToUnicode      usbd_desc.o
    0x08002e34   0x08002e34   0x00000044   Code   RO          330    i.MX_CAN1_Init      can.o
    0x08002e78   0x08002e78   0x00000044   Code   RO          331    i.MX_CAN2_Init      can.o
    0x08002ebc   0x08002ebc   0x0000007c   Code   RO          377    i.MX_DMA_Init       dma.o
    0x08002f38   0x08002f38   0x0000002c   Code   RO          263    i.MX_FREERTOS_Init  freertos.o
    0x08002f64   0x08002f64   0x0000006c   Code   RO          239    i.MX_GPIO_Init      gpio.o
    0x08002fd0   0x08002fd0   0x00000038   Code   RO          403    i.MX_USART1_UART_Init  usart.o
    0x08003008   0x08003008   0x00000038   Code   RO          404    i.MX_USART3_UART_Init  usart.o
    0x08003040   0x08003040   0x00000038   Code   RO          405    i.MX_USART6_UART_Init  usart.o
    0x08003078   0x08003078   0x00000054   Code   RO          642    i.MX_USB_DEVICE_Init  usb_device.o
    0x080030cc   0x080030cc   0x00000002   Code   RO          465    i.MemManage_Handler  stm32f4xx_it.o
    0x080030ce   0x080030ce   0x00000002   Code   RO          466    i.NMI_Handler       stm32f4xx_it.o
    0x080030d0   0x080030d0   0x0000000c   Code   RO          467    i.OTG_FS_IRQHandler  stm32f4xx_it.o
    0x080030dc   0x080030dc   0x000000cc   Code   RO         2048    i.PCD_EP_OutXfrComplete_int  stm32f4xx_hal_pcd.o
    0x080031a8   0x080031a8   0x000000a2   Code   RO         2049    i.PCD_WriteEmptyTxFifo  stm32f4xx_hal_pcd.o
    0x0800324a   0x0800324a   0x0000000a   Code   RO         5892    i.SWAPBYTE          usbd_ctlreq.o
    0x08003254   0x08003254   0x0000000c   Code   RO          264    i.StartDefaultTask  freertos.o
    0x08003260   0x08003260   0x0000002c   Code   RO         5654    i.SysTick_Handler   port.o
    0x0800328c   0x0800328c   0x00000094   Code   RO           15    i.SystemClock_Config  main.o
    0x08003320   0x08003320   0x00000010   Code   RO         4346    i.SystemInit        system_stm32f4xx.o
    0x08003330   0x08003330   0x0000000c   Code   RO          468    i.TIM8_TRG_COM_TIM14_IRQHandler  stm32f4xx_it.o
    0x0800333c   0x0800333c   0x000000d0   Code   RO         1135    i.TIM_Base_SetConfig  stm32f4xx_hal_tim.o
    0x0800340c   0x0800340c   0x0000000e   Code   RO         4025    i.UART_DMAAbortOnError  stm32f4xx_hal_uart.o
    0x0800341a   0x0800341a   0x0000004a   Code   RO         4026    i.UART_DMAError     stm32f4xx_hal_uart.o
    0x08003464   0x08003464   0x00000042   Code   RO         4031    i.UART_DMATransmitCplt  stm32f4xx_hal_uart.o
    0x080034a6   0x080034a6   0x0000000a   Code   RO         4033    i.UART_DMATxHalfCplt  stm32f4xx_hal_uart.o
    0x080034b0   0x080034b0   0x00000026   Code   RO         6557    i.UART_DMA_Stop_Receive  bsp_uart.o
    0x080034d6   0x080034d6   0x0000004e   Code   RO         4035    i.UART_EndRxTransfer  stm32f4xx_hal_uart.o
    0x08003524   0x08003524   0x0000001c   Code   RO         4036    i.UART_EndTxTransfer  stm32f4xx_hal_uart.o
    0x08003540   0x08003540   0x000000c2   Code   RO         4037    i.UART_Receive_IT   stm32f4xx_hal_uart.o
    0x08003602   0x08003602   0x00000002   PAD
    0x08003604   0x08003604   0x0000010c   Code   RO         4038    i.UART_SetConfig    stm32f4xx_hal_uart.o
    0x08003710   0x08003710   0x00000064   Code   RO         6558    i.UART_TxTask       bsp_uart.o
    0x08003774   0x08003774   0x0000000c   Code   RO          469    i.USART1_IRQHandler  stm32f4xx_it.o
    0x08003780   0x08003780   0x0000000c   Code   RO          470    i.USART3_IRQHandler  stm32f4xx_it.o
    0x0800378c   0x0800378c   0x0000001c   Code   RO         6620    i.USART6_IRQHandler  test.o
    0x080037a8   0x080037a8   0x00000076   Code   RO         6030    i.USBD_CDC_DataIn   usbd_cdc.o
    0x0800381e   0x0800381e   0x0000003c   Code   RO         6031    i.USBD_CDC_DataOut  usbd_cdc.o
    0x0800385a   0x0800385a   0x00000002   PAD
    0x0800385c   0x0800385c   0x00000094   Code   RO         6032    i.USBD_CDC_DeInit   usbd_cdc.o
    0x080038f0   0x080038f0   0x00000036   Code   RO         6033    i.USBD_CDC_EP0_RxReady  usbd_cdc.o
    0x08003926   0x08003926   0x00000002   PAD
    0x08003928   0x08003928   0x0000000c   Code   RO         6034    i.USBD_CDC_GetDeviceQualifierDescriptor  usbd_cdc.o
    0x08003934   0x08003934   0x0000003c   Code   RO         6035    i.USBD_CDC_GetFSCfgDesc  usbd_cdc.o
    0x08003970   0x08003970   0x00000040   Code   RO         6036    i.USBD_CDC_GetHSCfgDesc  usbd_cdc.o
    0x080039b0   0x080039b0   0x0000003c   Code   RO         6037    i.USBD_CDC_GetOtherSpeedCfgDesc  usbd_cdc.o
    0x080039ec   0x080039ec   0x00000120   Code   RO         6038    i.USBD_CDC_Init     usbd_cdc.o
    0x08003b0c   0x08003b0c   0x00000038   Code   RO         6039    i.USBD_CDC_ReceivePacket  usbd_cdc.o
    0x08003b44   0x08003b44   0x00000016   Code   RO         6040    i.USBD_CDC_RegisterInterface  usbd_cdc.o
    0x08003b5a   0x08003b5a   0x0000001a   Code   RO         6041    i.USBD_CDC_SetRxBuffer  usbd_cdc.o
    0x08003b74   0x08003b74   0x0000001e   Code   RO         6042    i.USBD_CDC_SetTxBuffer  usbd_cdc.o
    0x08003b92   0x08003b92   0x000000d4   Code   RO         6043    i.USBD_CDC_Setup    usbd_cdc.o
    0x08003c66   0x08003c66   0x00000014   Code   RO         5733    i.USBD_ClrClassConfig  usbd_core.o
    0x08003c7a   0x08003c7a   0x00000004   Code   RO         5734    i.USBD_CoreFindEP   usbd_core.o
    0x08003c7e   0x08003c7e   0x00000004   Code   RO         5735    i.USBD_CoreFindIF   usbd_core.o
    0x08003c82   0x08003c82   0x00000010   Code   RO         5970    i.USBD_CtlContinueRx  usbd_ioreq.o
    0x08003c92   0x08003c92   0x00000010   Code   RO         5971    i.USBD_CtlContinueSendData  usbd_ioreq.o
    0x08003ca2   0x08003ca2   0x00000016   Code   RO         5893    i.USBD_CtlError     usbd_ctlreq.o
    0x08003cb8   0x08003cb8   0x00000022   Code   RO         5972    i.USBD_CtlPrepareRx  usbd_ioreq.o
    0x08003cda   0x08003cda   0x00000016   Code   RO         5973    i.USBD_CtlReceiveStatus  usbd_ioreq.o
    0x08003cf0   0x08003cf0   0x0000001c   Code   RO         5974    i.USBD_CtlSendData  usbd_ioreq.o
    0x08003d0c   0x08003d0c   0x00000016   Code   RO         5975    i.USBD_CtlSendStatus  usbd_ioreq.o
    0x08003d22   0x08003d22   0x00000002   PAD
    0x08003d24   0x08003d24   0x00000020   Code   RO          691    i.USBD_FS_ConfigStrDescriptor  usbd_desc.o
    0x08003d44   0x08003d44   0x0000000c   Code   RO          692    i.USBD_FS_DeviceDescriptor  usbd_desc.o
    0x08003d50   0x08003d50   0x00000024   Code   RO          693    i.USBD_FS_InterfaceStrDescriptor  usbd_desc.o
    0x08003d74   0x08003d74   0x0000000c   Code   RO          694    i.USBD_FS_LangIDStrDescriptor  usbd_desc.o
    0x08003d80   0x08003d80   0x00000028   Code   RO          695    i.USBD_FS_ManufacturerStrDescriptor  usbd_desc.o
    0x08003da8   0x08003da8   0x0000002c   Code   RO          696    i.USBD_FS_ProductStrDescriptor  usbd_desc.o
    0x08003dd4   0x08003dd4   0x00000038   Code   RO          697    i.USBD_FS_SerialStrDescriptor  usbd_desc.o
    0x08003e0c   0x08003e0c   0x000000e6   Code   RO         5894    i.USBD_GetDescriptor  usbd_ctlreq.o
    0x08003ef2   0x08003ef2   0x0000003a   Code   RO         5737    i.USBD_GetEpDesc    usbd_core.o
    0x08003f2c   0x08003f2c   0x00000014   Code   RO         5895    i.USBD_GetLen       usbd_ctlreq.o
    0x08003f40   0x08003f40   0x0000000e   Code   RO         5738    i.USBD_GetNextDesc  usbd_core.o
    0x08003f4e   0x08003f4e   0x0000004e   Code   RO         5896    i.USBD_GetString    usbd_ctlreq.o
    0x08003f9c   0x08003f9c   0x00000018   Code   RO          846    i.USBD_Get_USB_Status  usbd_conf.o
    0x08003fb4   0x08003fb4   0x00000026   Code   RO         5739    i.USBD_Init         usbd_core.o
    0x08003fda   0x08003fda   0x00000012   Code   RO          847    i.USBD_LL_ClearStallEP  usbd_conf.o
    0x08003fec   0x08003fec   0x00000012   Code   RO          848    i.USBD_LL_CloseEP   usbd_conf.o
    0x08003ffe   0x08003ffe   0x000000b8   Code   RO         5740    i.USBD_LL_DataInStage  usbd_core.o
    0x080040b6   0x080040b6   0x00000094   Code   RO         5741    i.USBD_LL_DataOutStage  usbd_core.o
    0x0800414a   0x0800414a   0x00000004   Code   RO         5742    i.USBD_LL_DevConnected  usbd_core.o
    0x0800414e   0x0800414e   0x0000001e   Code   RO         5743    i.USBD_LL_DevDisconnected  usbd_core.o
    0x0800416c   0x0800416c   0x00000008   Code   RO          852    i.USBD_LL_GetRxDataSize  usbd_conf.o
    0x08004174   0x08004174   0x00000060   Code   RO          853    i.USBD_LL_Init      usbd_conf.o
    0x080041d4   0x080041d4   0x0000001e   Code   RO          854    i.USBD_LL_IsStallEP  usbd_conf.o
    0x080041f2   0x080041f2   0x00000028   Code   RO         5744    i.USBD_LL_IsoINIncomplete  usbd_core.o
    0x0800421a   0x0800421a   0x00000028   Code   RO         5745    i.USBD_LL_IsoOUTIncomplete  usbd_core.o
    0x08004242   0x08004242   0x00000018   Code   RO          855    i.USBD_LL_OpenEP    usbd_conf.o
    0x0800425a   0x0800425a   0x00000012   Code   RO          856    i.USBD_LL_PrepareReceive  usbd_conf.o
    0x0800426c   0x0800426c   0x0000005e   Code   RO         5746    i.USBD_LL_Reset     usbd_core.o
    0x080042ca   0x080042ca   0x00000014   Code   RO         5747    i.USBD_LL_Resume    usbd_core.o
    0x080042de   0x080042de   0x0000001a   Code   RO         5748    i.USBD_LL_SOF       usbd_core.o
    0x080042f8   0x080042f8   0x00000006   Code   RO         5749    i.USBD_LL_SetSpeed  usbd_core.o
    0x080042fe   0x080042fe   0x00000012   Code   RO          857    i.USBD_LL_SetUSBAddress  usbd_conf.o
    0x08004310   0x08004310   0x00000060   Code   RO         5750    i.USBD_LL_SetupStage  usbd_core.o
    0x08004370   0x08004370   0x00000012   Code   RO          858    i.USBD_LL_StallEP   usbd_conf.o
    0x08004382   0x08004382   0x00000012   Code   RO          859    i.USBD_LL_Start     usbd_conf.o
    0x08004394   0x08004394   0x0000001a   Code   RO         5751    i.USBD_LL_Suspend   usbd_core.o
    0x080043ae   0x080043ae   0x00000012   Code   RO          861    i.USBD_LL_Transmit  usbd_conf.o
    0x080043c0   0x080043c0   0x0000002c   Code   RO         5897    i.USBD_ParseSetupRequest  usbd_ctlreq.o
    0x080043ec   0x080043ec   0x0000003a   Code   RO         5752    i.USBD_RegisterClass  usbd_core.o
    0x08004426   0x08004426   0x00000014   Code   RO         5754    i.USBD_SetClassConfig  usbd_core.o
    0x0800443a   0x0800443a   0x00000002   PAD
    0x0800443c   0x0800443c   0x000000b8   Code   RO         5898    i.USBD_SetConfig    usbd_ctlreq.o
    0x080044f4   0x080044f4   0x00000004   Code   RO         5755    i.USBD_Start        usbd_core.o
    0x080044f8   0x080044f8   0x0000012c   Code   RO         5899    i.USBD_StdDevReq    usbd_ctlreq.o
    0x08004624   0x08004624   0x00000166   Code   RO         5900    i.USBD_StdEPReq     usbd_ctlreq.o
    0x0800478a   0x0800478a   0x00000072   Code   RO         5901    i.USBD_StdItfReq    usbd_ctlreq.o
    0x080047fc   0x080047fc   0x00000002   Code   RO          862    i.USBD_static_free  usbd_conf.o
    0x080047fe   0x080047fe   0x00000002   PAD
    0x08004800   0x08004800   0x00000008   Code   RO          863    i.USBD_static_malloc  usbd_conf.o
    0x08004808   0x08004808   0x00000080   Code   RO         2294    i.USB_ActivateEndpoint  stm32f4xx_ll_usb.o
    0x08004888   0x08004888   0x0000001c   Code   RO         2296    i.USB_ActivateSetup  stm32f4xx_ll_usb.o
    0x080048a4   0x080048a4   0x00000084   Code   RO         2298    i.USB_CoreInit      stm32f4xx_ll_usb.o
    0x08004928   0x08004928   0x00000044   Code   RO         2299    i.USB_CoreReset     stm32f4xx_ll_usb.o
    0x0800496c   0x0800496c   0x000000cc   Code   RO         2302    i.USB_DeactivateEndpoint  stm32f4xx_ll_usb.o
    0x08004a38   0x08004a38   0x0000001c   Code   RO         2303    i.USB_DevConnect    stm32f4xx_ll_usb.o
    0x08004a54   0x08004a54   0x0000001c   Code   RO         2304    i.USB_DevDisconnect  stm32f4xx_ll_usb.o
    0x08004a70   0x08004a70   0x0000017c   Code   RO         2305    i.USB_DevInit       stm32f4xx_ll_usb.o
    0x08004bec   0x08004bec   0x0000000c   Code   RO         2306    i.USB_DisableGlobalInt  stm32f4xx_ll_usb.o
    0x08004bf8   0x08004bf8   0x00000058   Code   RO         2309    i.USB_EP0_OutStart  stm32f4xx_ll_usb.o
    0x08004c50   0x08004c50   0x00000058   Code   RO         2310    i.USB_EPClearStall  stm32f4xx_ll_usb.o
    0x08004ca8   0x08004ca8   0x00000058   Code   RO         2311    i.USB_EPSetStall    stm32f4xx_ll_usb.o
    0x08004d00   0x08004d00   0x00000238   Code   RO         2312    i.USB_EPStartXfer   stm32f4xx_ll_usb.o
    0x08004f38   0x08004f38   0x0000009e   Code   RO         2313    i.USB_EPStopXfer    stm32f4xx_ll_usb.o
    0x08004fd6   0x08004fd6   0x0000000c   Code   RO         2314    i.USB_EnableGlobalInt  stm32f4xx_ll_usb.o
    0x08004fe2   0x08004fe2   0x00000038   Code   RO         2315    i.USB_FlushRxFifo   stm32f4xx_ll_usb.o
    0x0800501a   0x0800501a   0x0000003c   Code   RO         2316    i.USB_FlushTxFifo   stm32f4xx_ll_usb.o
    0x08005056   0x08005056   0x0000001a   Code   RO         2318    i.USB_GetDevSpeed   stm32f4xx_ll_usb.o
    0x08005070   0x08005070   0x00000008   Code   RO         2320    i.USB_GetMode       stm32f4xx_ll_usb.o
    0x08005078   0x08005078   0x0000000e   Code   RO         2328    i.USB_ReadDevAllInEpInterrupt  stm32f4xx_ll_usb.o
    0x08005086   0x08005086   0x0000000e   Code   RO         2329    i.USB_ReadDevAllOutEpInterrupt  stm32f4xx_ll_usb.o
    0x08005094   0x08005094   0x00000024   Code   RO         2330    i.USB_ReadDevInEPInterrupt  stm32f4xx_ll_usb.o
    0x080050b8   0x080050b8   0x00000010   Code   RO         2331    i.USB_ReadDevOutEPInterrupt  stm32f4xx_ll_usb.o
    0x080050c8   0x080050c8   0x00000008   Code   RO         2332    i.USB_ReadInterrupts  stm32f4xx_ll_usb.o
    0x080050d0   0x080050d0   0x0000003e   Code   RO         2333    i.USB_ReadPacket    stm32f4xx_ll_usb.o
    0x0800510e   0x0800510e   0x0000005c   Code   RO         2335    i.USB_SetCurrentMode  stm32f4xx_ll_usb.o
    0x0800516a   0x0800516a   0x00000022   Code   RO         2336    i.USB_SetDevAddress  stm32f4xx_ll_usb.o
    0x0800518c   0x0800518c   0x000000e8   Code   RO         2338    i.USB_SetTurnaroundTime  stm32f4xx_ll_usb.o
    0x08005274   0x08005274   0x00000028   Code   RO         2341    i.USB_WritePacket   stm32f4xx_ll_usb.o
    0x0800529c   0x0800529c   0x00000002   Code   RO          471    i.UsageFault_Handler  stm32f4xx_it.o
    0x0800529e   0x0800529e   0x00000002   PAD
    0x080052a0   0x080052a0   0x0000003c   Code   RO         6198    i.Verify_CRC16_Check_Sum  crc.o
    0x080052dc   0x080052dc   0x00000026   Code   RO         6199    i.Verify_CRC8_Check_Sum  crc.o
    0x08005302   0x08005302   0x00000020   Code   RO         3358    i.__NVIC_SetPriority  stm32f4xx_hal_cortex.o
    0x08005322   0x08005322   0x00000002   PAD
    0x08005324   0x08005324   0x00000048   Code   RO         6621    i.cmd_debug_handler  test.o
    0x0800536c   0x0800536c   0x0000001a   Code   RO         6622    i.fdsd              test.o
    0x08005386   0x08005386   0x00000018   Code   RO         6623    i.find_frame_header  test.o
    0x0800539e   0x0800539e   0x0000000c   Code   RO         5205    i.inHandlerMode     cmsis_os.o
    0x080053aa   0x080053aa   0x0000002e   Code   RO           16    i.main              main.o
    0x080053d8   0x080053d8   0x0000000c   Code   RO         5207    i.makeFreeRtosPriority  cmsis_os.o
    0x080053e4   0x080053e4   0x0000000e   Code   RO         5209    i.osDelay           cmsis_os.o
    0x080053f2   0x080053f2   0x0000000a   Code   RO         5212    i.osKernelStart     cmsis_os.o
    0x080053fc   0x080053fc   0x0000000c   Code   RO         5214    i.osMailAlloc       cmsis_os.o
    0x08005408   0x08005408   0x0000005c   Code   RO         5216    i.osMailCreate      cmsis_os.o
    0x08005464   0x08005464   0x0000000c   Code   RO         5217    i.osMailFree        cmsis_os.o
    0x08005470   0x08005470   0x00000090   Code   RO         5218    i.osMailGet         cmsis_os.o
    0x08005500   0x08005500   0x0000005c   Code   RO         5219    i.osMailPut         cmsis_os.o
    0x0800555c   0x0800555c   0x0000006a   Code   RO         5231    i.osPoolAlloc       cmsis_os.o
    0x080055c6   0x080055c6   0x0000005e   Code   RO         5233    i.osPoolCreate      cmsis_os.o
    0x08005624   0x08005624   0x00000030   Code   RO         5234    i.osPoolFree        cmsis_os.o
    0x08005654   0x08005654   0x0000003e   Code   RO         5238    i.osSemaphoreCreate  cmsis_os.o
    0x08005692   0x08005692   0x00000002   PAD
    0x08005694   0x08005694   0x00000050   Code   RO         5241    i.osSemaphoreRelease  cmsis_os.o
    0x080056e4   0x080056e4   0x00000064   Code   RO         5242    i.osSemaphoreWait   cmsis_os.o
    0x08005748   0x08005748   0x00000054   Code   RO         5246    i.osThreadCreate    cmsis_os.o
    0x0800579c   0x0800579c   0x00000078   Code   RO         4861    i.prvAddCurrentTaskToDelayedList  tasks.o
    0x08005814   0x08005814   0x000000d0   Code   RO         4862    i.prvAddNewTaskToReadyList  tasks.o
    0x080058e4   0x080058e4   0x00000026   Code   RO         4524    i.prvCopyDataFromQueue  queue.o
    0x0800590a   0x0800590a   0x0000006c   Code   RO         4525    i.prvCopyDataToQueue  queue.o
    0x08005976   0x08005976   0x00000034   Code   RO         4863    i.prvDeleteTCB      tasks.o
    0x080059aa   0x080059aa   0x00000002   PAD
    0x080059ac   0x080059ac   0x0000004c   Code   RO         5586    i.prvHeapInit       heap_4.o
    0x080059f8   0x080059f8   0x00000064   Code   RO         4864    i.prvIdleTask       tasks.o
    0x08005a5c   0x08005a5c   0x00000016   Code   RO         4527    i.prvInitialiseNewQueue  queue.o
    0x08005a72   0x08005a72   0x00000002   PAD
    0x08005a74   0x08005a74   0x000000b4   Code   RO         4865    i.prvInitialiseNewTask  tasks.o
    0x08005b28   0x08005b28   0x0000004c   Code   RO         5587    i.prvInsertBlockIntoFreeList  heap_4.o
    0x08005b74   0x08005b74   0x0000001c   Code   RO         4528    i.prvIsQueueEmpty   queue.o
    0x08005b90   0x08005b90   0x00000020   Code   RO         4866    i.prvResetNextTaskUnblockTime  tasks.o
    0x08005bb0   0x08005bb0   0x00000028   Code   RO         5655    i.prvTaskExitError  port.o
    0x08005bd8   0x08005bd8   0x0000006a   Code   RO         4529    i.prvUnlockQueue    queue.o
    0x08005c42   0x08005c42   0x00000002   PAD
    0x08005c44   0x08005c44   0x000000dc   Code   RO         5588    i.pvPortMalloc      heap_4.o
    0x08005d20   0x08005d20   0x00000018   Code   RO         4869    i.pvTaskIncrementMutexHeldCount  tasks.o
    0x08005d38   0x08005d38   0x0000002c   Code   RO         5656    i.pxPortInitialiseStack  port.o
    0x08005d64   0x08005d64   0x00000028   Code   RO         6693    i.task_init         task_init.o
    0x08005d8c   0x08005d8c   0x00000044   Code   RO         6624    i.test_Task         test.o
    0x08005dd0   0x08005dd0   0x00000050   Code   RO         6625    i.test_init         test.o
    0x08005e20   0x08005e20   0x00000046   Code   RO         6626    i.test_rxcb         test.o
    0x08005e66   0x08005e66   0x00000026   Code   RO         4484    i.uxListRemove      list.o
    0x08005e8c   0x08005e8c   0x00000014   Code   RO          265    i.vApplicationGetIdleTaskMemory  freertos.o
    0x08005ea0   0x08005ea0   0x00000002   Code   RO          266    i.vApplicationIdleHook  freertos.o
    0x08005ea2   0x08005ea2   0x00000002   Code   RO          267    i.vApplicationTickHook  freertos.o
    0x08005ea4   0x08005ea4   0x00000016   Code   RO         4485    i.vListInitialise   list.o
    0x08005eba   0x08005eba   0x00000006   Code   RO         4486    i.vListInitialiseItem  list.o
    0x08005ec0   0x08005ec0   0x00000030   Code   RO         4487    i.vListInsert       list.o
    0x08005ef0   0x08005ef0   0x00000018   Code   RO         4488    i.vListInsertEnd    list.o
    0x08005f08   0x08005f08   0x00000040   Code   RO         5658    i.vPortEnterCritical  port.o
    0x08005f48   0x08005f48   0x00000028   Code   RO         5659    i.vPortExitCritical  port.o
    0x08005f70   0x08005f70   0x00000064   Code   RO         5589    i.vPortFree         heap_4.o
    0x08005fd4   0x08005fd4   0x00000024   Code   RO         5660    i.vPortSetupTimerInterrupt  port.o
    0x08005ff8   0x08005ff8   0x00000054   Code   RO         5661    i.vPortValidateInterruptPriority  port.o
    0x0800604c   0x0800604c   0x0000004c   Code   RO         4877    i.vTaskDelay        tasks.o
    0x08006098   0x08006098   0x00000010   Code   RO         4880    i.vTaskInternalSetTimeOutState  tasks.o
    0x080060a8   0x080060a8   0x0000000c   Code   RO         4881    i.vTaskMissedYield  tasks.o
    0x080060b4   0x080060b4   0x00000030   Code   RO         4883    i.vTaskPlaceOnEventList  tasks.o
    0x080060e4   0x080060e4   0x000000a0   Code   RO         4885    i.vTaskPriorityDisinheritAfterTimeout  tasks.o
    0x08006184   0x08006184   0x0000006c   Code   RO         4890    i.vTaskStartScheduler  tasks.o
    0x080061f0   0x080061f0   0x00000010   Code   RO         4892    i.vTaskSuspendAll   tasks.o
    0x08006200   0x08006200   0x0000005c   Code   RO         4893    i.vTaskSwitchContext  tasks.o
    0x0800625c   0x0800625c   0x000000f4   Code   RO         5662    i.xPortStartScheduler  port.o
    0x08006350   0x08006350   0x00000042   Code   RO         4538    i.xQueueGenericCreate  queue.o
    0x08006392   0x08006392   0x00000066   Code   RO         4539    i.xQueueGenericCreateStatic  queue.o
    0x080063f8   0x080063f8   0x00000088   Code   RO         4540    i.xQueueGenericReset  queue.o
    0x08006480   0x08006480   0x00000160   Code   RO         4541    i.xQueueGenericSend  queue.o
    0x080065e0   0x080065e0   0x000000be   Code   RO         4542    i.xQueueGenericSendFromISR  queue.o
    0x0800669e   0x0800669e   0x0000009c   Code   RO         4545    i.xQueueGiveFromISR  queue.o
    0x0800673a   0x0800673a   0x00000002   PAD
    0x0800673c   0x0800673c   0x00000138   Code   RO         4550    i.xQueueReceive     queue.o
    0x08006874   0x08006874   0x0000009a   Code   RO         4551    i.xQueueReceiveFromISR  queue.o
    0x0800690e   0x0800690e   0x00000002   PAD
    0x08006910   0x08006910   0x00000178   Code   RO         4552    i.xQueueSemaphoreTake  queue.o
    0x08006a88   0x08006a88   0x00000088   Code   RO         4896    i.xTaskCheckForTimeOut  tasks.o
    0x08006b10   0x08006b10   0x0000005a   Code   RO         4897    i.xTaskCreate       tasks.o
    0x08006b6a   0x08006b6a   0x00000056   Code   RO         4898    i.xTaskCreateStatic  tasks.o
    0x08006bc0   0x08006bc0   0x0000001c   Code   RO         4903    i.xTaskGetSchedulerState  tasks.o
    0x08006bdc   0x08006bdc   0x000000d8   Code   RO         4906    i.xTaskIncrementTick  tasks.o
    0x08006cb4   0x08006cb4   0x00000098   Code   RO         4909    i.xTaskPriorityDisinherit  tasks.o
    0x08006d4c   0x08006d4c   0x0000008c   Code   RO         4910    i.xTaskPriorityInherit  tasks.o
    0x08006dd8   0x08006dd8   0x00000074   Code   RO         4911    i.xTaskRemoveFromEventList  tasks.o
    0x08006e4c   0x08006e4c   0x000000c4   Code   RO         4912    i.xTaskResumeAll    tasks.o
    0x08006f10   0x08006f10   0x0000000a   Code   RO         6911    x$fpl$fpinit        fz_wm.l(fpinit.o)
    0x08006f1a   0x08006f1a   0x00000002   PAD
    0x08006f1c   0x08006f1c   0x0000001c   Data   RO          269    .constdata          freertos.o
    0x08006f38   0x08006f38   0x00000008   Data   RO         3072    .constdata          stm32f4xx_hal_dma.o
    0x08006f40   0x08006f40   0x00000010   Data   RO         4347    .constdata          system_stm32f4xx.o
    0x08006f50   0x08006f50   0x00000008   Data   RO         4348    .constdata          system_stm32f4xx.o
    0x08006f58   0x08006f58   0x00000300   Data   RO         6201    .constdata          crc.o
    0x08007258   0x08007258   0x00000028   Data   RO         6560    .constdata          bsp_uart.o
    0x08007280   0x08007280   0x0000001c   Data   RO         6694    .constdata          task_init.o
    0x0800729c   0x0800729c   0x0000000c   Data   RO          270    .conststring        freertos.o
    0x080072a8   0x080072a8   0x0000000b   Data   RO         6561    .conststring        bsp_uart.o
    0x080072b3   0x080072b3   0x00000001   PAD
    0x080072b4   0x080072b4   0x00000009   Data   RO         6695    .conststring        task_init.o
    0x080072bd   0x080072bd   0x00000003   PAD
    0x080072c0   0x080072c0   0x00000020   Data   RO         6967    Region$$Table       anon$$obj.o


    Execution Region RW_IRAM1 (Exec base: 0x20000000, Load base: 0x080072e0, Size: 0x0000a2b0, Max: 0x0001c000, ABSOLUTE, COMPRESSED[0x000000c0])

    Exec Addr    Load Addr    Size         Type   Attr      Idx    E Section Name        Object

    0x20000000   COMPRESSED   0x00000004   Data   RW          271    .data               freertos.o
    0x20000004   COMPRESSED   0x00000004   Data   RW          333    .data               can.o
    0x20000008   COMPRESSED   0x0000001c   Data   RW          699    .data               usbd_desc.o
    0x20000024   COMPRESSED   0x00000032   Data   RW          700    .data               usbd_desc.o
    0x20000056   COMPRESSED   0x00000002   PAD
    0x20000058   COMPRESSED   0x00000014   Data   RW          783    .data               usbd_cdc_if.o
    0x2000006c   COMPRESSED   0x0000000c   Data   RW         3517    .data               stm32f4xx_hal.o
    0x20000078   COMPRESSED   0x00000004   Data   RW         4349    .data               system_stm32f4xx.o
    0x2000007c   COMPRESSED   0x0000003c   Data   RW         4915    .data               tasks.o
    0x200000b8   COMPRESSED   0x00000020   Data   RW         5595    .data               heap_4.o
    0x200000d8   COMPRESSED   0x0000000c   Data   RW         5663    .data               port.o
    0x200000e4   COMPRESSED   0x00000001   Data   RW         5902    .data               usbd_ctlreq.o
    0x200000e5   COMPRESSED   0x00000003   PAD
    0x200000e8   COMPRESSED   0x00000053   Data   RW         6045    .data               usbd_cdc.o
    0x2000013b   COMPRESSED   0x00000001   PAD
    0x2000013c   COMPRESSED   0x00000038   Data   RW         6046    .data               usbd_cdc.o
    0x20000174   COMPRESSED   0x00000002   Data   RW         6203    .data               crc.o
    0x20000176   COMPRESSED   0x00000002   PAD
    0x20000178   COMPRESSED   0x00000010   Data   RW         6628    .data               test.o
    0x20000188   COMPRESSED   0x00000004   Data   RW         6696    .data               task_init.o
    0x2000018c        -       0x00000254   Zero   RW          268    .bss                freertos.o
    0x200003e0        -       0x00000050   Zero   RW          332    .bss                can.o
    0x20000430        -       0x000002b8   Zero   RW          406    .bss                usart.o
    0x200006e8        -       0x00000048   Zero   RW          606    .bss                stm32f4xx_hal_timebase_tim.o
    0x20000730        -       0x000002dc   Zero   RW          643    .bss                usb_device.o
    0x20000a0c        -       0x00000200   Zero   RW          698    .bss                usbd_desc.o
    0x20000c0c        -       0x00001000   Zero   RW          782    .bss                usbd_cdc_if.o
    0x20001c0c        -       0x00000704   Zero   RW          864    .bss                usbd_conf.o
    0x20002310        -       0x000000f0   Zero   RW         4914    .bss                tasks.o
    0x20002400        -       0x00003c00   Zero   RW         5594    .bss                heap_4.o
    0x20006000        -       0x0000000c   Zero   RW         6559    .bss                bsp_uart.o
    0x2000600c        -       0x00000240   Zero   RW         6627    .bss                test.o
    0x2000624c        -       0x00000060   Zero   RW         6827    .bss                c_w.l(libspace.o)
    0x200062ac   COMPRESSED   0x00000004   PAD
    0x200062b0        -       0x00002000   Zero   RW            2    HEAP                startup_stm32f407xx.o
    0x200082b0        -       0x00002000   Zero   RW            1    STACK               startup_stm32f407xx.o


    Execution Region RW_IRAM2 (Exec base: 0x2001c000, Load base: 0x080073a0, Size: 0x00000000, Max: 0x00004000, ABSOLUTE)

    **** No section assigned to this execution region ****


==============================================================================

Image component sizes


      Code (inc. data)   RO Data    RW Data    ZI Data      Debug   Object Name

         0          0          0          0          0       9000   adrc.o
       790         26         51          0         12      11833   bsp_uart.o
       388         42          0          4         80       2422   can.o
       974         18          0          0          0      37782   cmsis_os.o
       170         14        768          2          0       3498   crc.o
       124          4          0          0          0        822   dma.o
         0          0          0          0          0      19676   event_groups.o
        80         14         40          4        596       3352   freertos.o
       108          6          0          0          0        923   gpio.o
       472         24          0         32      15360       7335   heap_4.o
       138          0          0          0          0       3474   list.o
       218         14          0          0          0     750064   main.o
       786         82          0         12          0      11713   port.o
      2146         18          0          0          0      21051   queue.o
        64         26        392          0      16384        832   startup_stm32f407xx.o
       116         18          0         12          0       8646   stm32f4xx_hal.o
       816          0          0          0          0      10003   stm32f4xx_hal_can.o
       158         14          0          0          0      32974   stm32f4xx_hal_cortex.o
      1084         16          8          0          0       7250   stm32f4xx_hal_dma.o
       496         46          0          0          0       1508   stm32f4xx_hal_gpio.o
        56          4          0          0          0        846   stm32f4xx_hal_msp.o
      2576         12          0          0          0      13392   stm32f4xx_hal_pcd.o
        78          0          0          0          0       2361   stm32f4xx_hal_pcd_ex.o
      1424         92          0          0          0       6309   stm32f4xx_hal_rcc.o
       740         72          0          0          0       7392   stm32f4xx_hal_tim.o
         4          0          0          0          0       1597   stm32f4xx_hal_tim_ex.o
       152         20          0          0         72       1448   stm32f4xx_hal_timebase_tim.o
      1616         26          0          0          0      12076   stm32f4xx_hal_uart.o
       144         66          0          0          0       7843   stm32f4xx_it.o
      2708        116          0          0          0      22952   stm32f4xx_ll_usb.o
         0          0          0          0          0        384   stream_buffer.o
        16          4         24          4          0       1091   system_stm32f4xx.o
        40         10         37          4          0       1074   task_init.o
      2404        172          0         60        240      27607   tasks.o
       368         62          0         16        576      10358   test.o
       828         72          0          0        696       3615   usart.o
        84         18          0          0        732       2587   usb_device.o
      1210         34          0        139          0      13395   usbd_cdc.o
        72         16          0         20       4096       3146   usbd_cdc_if.o
       642         24          0          0       1796      16512   usbd_conf.o
       934          0          0          0          0      15127   usbd_core.o
      1360         28          0          1          0      15200   usbd_ctlreq.o
       288        104          0         78        512       7301   usbd_desc.o
       138          0          0          0          0       4456   usbd_ioreq.o

    ----------------------------------------------------------------------
     27058       1334       1356        396      41152    1142227   Object Totals
         0          0         32          0          0          0   (incl. Generated)
        48          0          4          8          0          0   (incl. Padding)

    ----------------------------------------------------------------------

      Code (inc. data)   RO Data    RW Data    ZI Data      Debug   Library Member Name

        90          0          0          0          0          0   __dczerorl2.o
         8          0          0          0          0         68   __main.o
         0          0          0          0          0          0   __rtentry.o
        12          0          0          0          0          0   __rtentry2.o
         6          0          0          0          0          0   __rtentry4.o
        52          8          0          0          0          0   __scatter.o
        28          0          0          0          0          0   __scatter_zi.o
        16          0          0          0          0         68   aeabi_memset.o
        18          0          0          0          0         80   exit.o
         6          0          0          0          0        152   heapauxi.o
         0          0          0          0          0          0   indicate_semi.o
         2          0          0          0          0          0   libinit.o
         6          0          0          0          0          0   libinit2.o
         2          0          0          0          0          0   libshutdown.o
         2          0          0          0          0          0   libshutdown2.o
         8          4          0          0         96         68   libspace.o
       238          0          0          0          0        100   lludivv7m.o
        68          0          0          0          0         68   rt_memclr.o
        78          0          0          0          0         80   rt_memclr_w.o
       138          0          0          0          0         68   rt_memcpy_v6.o
       100          0          0          0          0         80   rt_memcpy_w.o
         2          0          0          0          0          0   rtexit.o
        10          0          0          0          0          0   rtexit2.o
        12          4          0          0          0         68   sys_exit.o
        74          0          0          0          0         80   sys_stackheap_outer.o
         2          0          0          0          0         68   use_no_semi.o
        10          0          0          0          0        116   fpinit.o

    ----------------------------------------------------------------------
       994         16          0          0        100       1164   Library Totals
         6          0          0          0          4          0   (incl. Padding)

    ----------------------------------------------------------------------

      Code (inc. data)   RO Data    RW Data    ZI Data      Debug   Library Name

       978         16          0          0         96       1048   c_w.l
        10          0          0          0          0        116   fz_wm.l

    ----------------------------------------------------------------------
       994         16          0          0        100       1164   Library Totals

    ----------------------------------------------------------------------

==============================================================================


      Code (inc. data)   RO Data    RW Data    ZI Data      Debug   

     28052       1350       1356        396      41252    1110623   Grand Totals
     28052       1350       1356        192      41252    1110623   ELF Image Totals (compressed)
     28052       1350       1356        192          0          0   ROM Totals

==============================================================================

    Total RO  Size (Code + RO Data)                29408 (  28.72kB)
    Total RW  Size (RW Data + ZI Data)             41648 (  40.67kB)
    Total ROM Size (Code + RO Data + RW Data)      29600 (  28.91kB)

==============================================================================

