Component: ARM Compiler 5.06 update 6 (build 750) Tool: armlink [4d35ed]

==============================================================================

Section Cross References

    startup_stm32f407xx.o(STACK) refers (Special) to heapauxi.o(.text) for __use_two_region_memory
    startup_stm32f407xx.o(HEAP) refers (Special) to heapauxi.o(.text) for __use_two_region_memory
    startup_stm32f407xx.o(RESET) refers (Special) to heapauxi.o(.text) for __use_two_region_memory
    startup_stm32f407xx.o(RESET) refers to startup_stm32f407xx.o(STACK) for __initial_sp
    startup_stm32f407xx.o(RESET) refers to startup_stm32f407xx.o(.text) for Reset_Handler
    startup_stm32f407xx.o(RESET) refers to stm32f4xx_it.o(i.NMI_Handler) for NMI_Handler
    startup_stm32f407xx.o(RESET) refers to stm32f4xx_it.o(i.HardFault_Handler) for HardFault_Handler
    startup_stm32f407xx.o(RESET) refers to stm32f4xx_it.o(i.MemManage_Handler) for MemManage_Handler
    startup_stm32f407xx.o(RESET) refers to stm32f4xx_it.o(i.BusFault_Handler) for BusFault_Handler
    startup_stm32f407xx.o(RESET) refers to stm32f4xx_it.o(i.UsageFault_Handler) for UsageFault_Handler
    startup_stm32f407xx.o(RESET) refers to port.o(.emb_text) for SVC_Handler
    startup_stm32f407xx.o(RESET) refers to stm32f4xx_it.o(i.DebugMon_Handler) for DebugMon_Handler
    startup_stm32f407xx.o(RESET) refers to port.o(i.SysTick_Handler) for SysTick_Handler
    startup_stm32f407xx.o(RESET) refers to stm32f4xx_it.o(i.DMA1_Stream1_IRQHandler) for DMA1_Stream1_IRQHandler
    startup_stm32f407xx.o(RESET) refers to stm32f4xx_it.o(i.CAN1_RX0_IRQHandler) for CAN1_RX0_IRQHandler
    startup_stm32f407xx.o(RESET) refers to stm32f4xx_it.o(i.USART1_IRQHandler) for USART1_IRQHandler
    startup_stm32f407xx.o(RESET) refers to stm32f4xx_it.o(i.USART3_IRQHandler) for USART3_IRQHandler
    startup_stm32f407xx.o(RESET) refers to stm32f4xx_it.o(i.TIM8_TRG_COM_TIM14_IRQHandler) for TIM8_TRG_COM_TIM14_IRQHandler
    startup_stm32f407xx.o(RESET) refers to stm32f4xx_it.o(i.TIM6_DAC_IRQHandler) for TIM6_DAC_IRQHandler
    startup_stm32f407xx.o(RESET) refers to stm32f4xx_it.o(i.DMA2_Stream1_IRQHandler) for DMA2_Stream1_IRQHandler
    startup_stm32f407xx.o(RESET) refers to stm32f4xx_it.o(i.DMA2_Stream2_IRQHandler) for DMA2_Stream2_IRQHandler
    startup_stm32f407xx.o(RESET) refers to stm32f4xx_it.o(i.DMA2_Stream3_IRQHandler) for DMA2_Stream3_IRQHandler
    startup_stm32f407xx.o(RESET) refers to stm32f4xx_it.o(i.CAN2_RX0_IRQHandler) for CAN2_RX0_IRQHandler
    startup_stm32f407xx.o(RESET) refers to stm32f4xx_it.o(i.OTG_FS_IRQHandler) for OTG_FS_IRQHandler
    startup_stm32f407xx.o(RESET) refers to stm32f4xx_it.o(i.DMA2_Stream5_IRQHandler) for DMA2_Stream5_IRQHandler
    startup_stm32f407xx.o(RESET) refers to stm32f4xx_it.o(i.DMA2_Stream6_IRQHandler) for DMA2_Stream6_IRQHandler
    startup_stm32f407xx.o(RESET) refers to stm32f4xx_it.o(i.DMA2_Stream7_IRQHandler) for DMA2_Stream7_IRQHandler
    startup_stm32f407xx.o(RESET) refers to stm32f4xx_it.o(i.USART6_IRQHandler) for USART6_IRQHandler
    startup_stm32f407xx.o(.text) refers (Special) to heapauxi.o(.text) for __use_two_region_memory
    startup_stm32f407xx.o(.text) refers to system_stm32f4xx.o(i.SystemInit) for SystemInit
    startup_stm32f407xx.o(.text) refers to __main.o(!!!main) for __main
    startup_stm32f407xx.o(.text) refers to startup_stm32f407xx.o(HEAP) for Heap_Mem
    startup_stm32f407xx.o(.text) refers to startup_stm32f407xx.o(STACK) for Stack_Mem
    main.o(i.HAL_TIM_PeriodElapsedCallback) refers to stm32f4xx_hal.o(i.HAL_IncTick) for HAL_IncTick
    main.o(i.SystemClock_Config) refers to rt_memclr_w.o(.text) for __aeabi_memclr4
    main.o(i.SystemClock_Config) refers to stm32f4xx_hal_rcc.o(i.HAL_RCC_OscConfig) for HAL_RCC_OscConfig
    main.o(i.SystemClock_Config) refers to stm32f4xx_hal_rcc.o(i.HAL_RCC_ClockConfig) for HAL_RCC_ClockConfig
    main.o(i.main) refers to stm32f4xx_hal.o(i.HAL_Init) for HAL_Init
    main.o(i.main) refers to main.o(i.SystemClock_Config) for SystemClock_Config
    main.o(i.main) refers to gpio.o(i.MX_GPIO_Init) for MX_GPIO_Init
    main.o(i.main) refers to dma.o(i.MX_DMA_Init) for MX_DMA_Init
    main.o(i.main) refers to can.o(i.MX_CAN1_Init) for MX_CAN1_Init
    main.o(i.main) refers to can.o(i.MX_CAN2_Init) for MX_CAN2_Init
    main.o(i.main) refers to usart.o(i.MX_USART1_UART_Init) for MX_USART1_UART_Init
    main.o(i.main) refers to usart.o(i.MX_USART3_UART_Init) for MX_USART3_UART_Init
    main.o(i.main) refers to usart.o(i.MX_USART6_UART_Init) for MX_USART6_UART_Init
    main.o(i.main) refers to tim.o(i.MX_TIM1_Init) for MX_TIM1_Init
    main.o(i.main) refers to spi.o(i.MX_SPI1_Init) for MX_SPI1_Init
    main.o(i.main) refers to tim.o(i.MX_TIM6_Init) for MX_TIM6_Init
    main.o(i.main) refers to tim.o(i.MX_TIM10_Init) for MX_TIM10_Init
    main.o(i.main) refers to tim.o(i.MX_TIM5_Init) for MX_TIM5_Init
    main.o(i.main) refers to freertos.o(i.MX_FREERTOS_Init) for MX_FREERTOS_Init
[...]
    bmi088_accel_init                        0x08008e95   Thumb Code   292  bmi088driver.o(i.bmi088_accel_init)
    bmi088_gyro_init                         0x08008fbd   Thumb Code   246  bmi088driver.o(i.bmi088_gyro_init)
    dbus_init                                0x0800943d   Thumb Code    88  dbus.o(i.dbus_init)
    first_order_filter_cali                  0x08009649   Thumb Code    42  user_lib.o(i.first_order_filter_cali)
    first_order_filter_init                  0x08009675   Thumb Code    22  user_lib.o(i.first_order_filter_init)
    float_constrain                          0x08009691   Thumb Code    36  user_lib.o(i.float_constrain)
    get_m3508_measure                        0x080096b5   Thumb Code    36  m3508.o(i.get_m3508_measure)
    get_mf9025_measure                       0x080096d9   Thumb Code    56  mf9025.o(i.get_mf9025_measure)
    get_supercap_power                       0x08009711   Thumb Code    38  super_cap.o(i.get_supercap_power)
    get_supercap_remain                      0x08009737   Thumb Code    16  super_cap.o(i.get_supercap_remain)
    get_uart_ins_map                         0x08009749   Thumb Code     8  bsp_uart.o(i.get_uart_ins_map)
    initPowerControllerConfig                0x08009761   Thumb Code    18  power_ctrl.o(i.initPowerControllerConfig)
    int16_constrain                          0x08009773   Thumb Code    20  user_lib.o(i.int16_constrain)
    limitMaxPower                            0x08009789   Thumb Code    56  power_ctrl.o(i.limitMaxPower)
    loop_float_constrain                     0x080097d1   Thumb Code    72  user_lib.o(i.loop_float_constrain)
    m3508_ctrl                               0x08009819   Thumb Code    94  m3508.o(i.m3508_ctrl)
    m3508_init                               0x08009879   Thumb Code   130  m3508.o(i.m3508_init)
    main                                     0x08009901   Thumb Code    66  main.o(i.main)
    mf9025_callback                          0x0800994f   Thumb Code    36  mf9025.o(i.mf9025_callback)
    mf9025_ctrl_speed                        0x08009973   Thumb Code    84  mf9025.o(i.mf9025_ctrl_speed)
    mf9025_init                              0x080099c9   Thumb Code    44  mf9025.o(i.mf9025_init)
    mf9025_set_pid                           0x080099f9   Thumb Code    92  mf9025.o(i.mf9025_set_pid)
    osDelay                                  0x08009a55   Thumb Code    14  cmsis_os.o(i.osDelay)
    osKernelStart                            0x08009a63   Thumb Code    10  cmsis_os.o(i.osKernelStart)
    osMailCreate                             0x08009a6d   Thumb Code    92  cmsis_os.o(i.osMailCreate)
    osMailFree                               0x08009ac9   Thumb Code    12  cmsis_os.o(i.osMailFree)
    osMailGet                                0x08009ad5   Thumb Code   140  cmsis_os.o(i.osMailGet)
    osPoolCreate                             0x08009b65   Thumb Code    94  cmsis_os.o(i.osPoolCreate)
    osPoolFree                               0x08009bc3   Thumb Code    48  cmsis_os.o(i.osPoolFree)
    osSemaphoreCreate                        0x08009bf3   Thumb Code    62  cmsis_os.o(i.osSemaphoreCreate)
    osSemaphoreRelease                       0x08009c31   Thumb Code    74  cmsis_os.o(i.osSemaphoreRelease)
    osSemaphoreWait                          0x08009c81   Thumb Code    96  cmsis_os.o(i.osSemaphoreWait)
    osThreadCreate                           0x08009ce5   Thumb Code    84  cmsis_os.o(i.osThreadCreate)
    pvPortMalloc                             0x0800a1e1   Thumb Code   216  heap_4.o(i.pvPortMalloc)
    pvTaskIncrementMutexHeldCount            0x0800a2bd   Thumb Code    18  tasks.o(i.pvTaskIncrementMutexHeldCount)
    pxPortInitialiseStack                    0x0800a2d5   Thumb Code    40  port.o(i.pxPortInitialiseStack)
    radian_format                            0x0800a301   Thumb Code    12  user_lib.o(i.radian_format)
    setMaxPower                              0x0800a315   Thumb Code     6  power_ctrl.o(i.setMaxPower)
    super_cap_init                           0x0800a31d   Thumb Code    56  super_cap.o(i.super_cap_init)
    super_cap_use                            0x0800a35d   Thumb Code    28  super_cap.o(i.super_cap_use)
    task_init                                0x0800a379   Thumb Code    52  task_init.o(i.task_init)
    theta_format                             0x0800a3b5   Thumb Code    12  user_lib.o(i.theta_format)
    unpack_4bytes_to_floats                  0x0800a3c9   Thumb Code    12  user_lib.o(i.unpack_4bytes_to_floats)
    uxListRemove                             0x0800a3d5   Thumb Code    38  list.o(i.uxListRemove)
    vApplicationGetIdleTaskMemory            0x0800a3fd   Thumb Code    16  freertos.o(i.vApplicationGetIdleTaskMemory)
    vApplicationIdleHook                     0x0800a411   Thumb Code     2  freertos.o(i.vApplicationIdleHook)
    vApplicationTickHook                     0x0800a413   Thumb Code     2  freertos.o(i.vApplicationTickHook)
    vListInitialise                          0x0800a415   Thumb Code    22  list.o(i.vListInitialise)
    vListInitialiseItem                      0x0800a42b   Thumb Code     6  list.o(i.vListInitialiseItem)
    vListInsert                              0x0800a431   Thumb Code    48  list.o(i.vListInsert)
    vListInsertEnd                           0x0800a461   Thumb Code    24  list.o(i.vListInsertEnd)
    vPortEnterCritical                       0x0800a479   Thumb Code    54  port.o(i.vPortEnterCritical)
    vPortExitCritical                        0x0800a4b9   Thumb Code    34  port.o(i.vPortExitCritical)
    vPortFree                                0x0800a4e1   Thumb Code    94  heap_4.o(i.vPortFree)
    vPortSetupTimerInterrupt                 0x0800a545   Thumb Code    32  port.o(i.vPortSetupTimerInterrupt)
    vPortValidateInterruptPriority           0x0800a569   Thumb Code    74  port.o(i.vPortValidateInterruptPriority)
    vTaskDelay                               0x0800a5bd   Thumb Code    66  tasks.o(i.vTaskDelay)
    vTaskInternalSetTimeOutState             0x0800a609   Thumb Code    12  tasks.o(i.vTaskInternalSetTimeOutState)
    vTaskMissedYield                         0x0800a619   Thumb Code     8  tasks.o(i.vTaskMissedYield)
    vTaskPlaceOnEventList                    0x0800a625   Thumb Code    44  tasks.o(i.vTaskPlaceOnEventList)
    vTaskPriorityDisinheritAfterTimeout      0x0800a655   Thumb Code   152  tasks.o(i.vTaskPriorityDisinheritAfterTimeout)
    vTaskStartScheduler                      0x0800a6f5   Thumb Code    90  tasks.o(i.vTaskStartScheduler)
    vTaskSuspendAll                          0x0800a761   Thumb Code    10  tasks.o(i.vTaskSuspendAll)
    vTaskSwitchContext                       0x0800a771   Thumb Code    82  tasks.o(i.vTaskSwitchContext)
    xPortStartScheduler                      0x0800a7cd   Thumb Code   222  port.o(i.xPortStartScheduler)
    xQueueGenericCreate                      0x0800a8c1   Thumb Code    66  queue.o(i.xQueueGenericCreate)
    xQueueGenericCreateStatic                0x0800a903   Thumb Code   102  queue.o(i.xQueueGenericCreateStatic)
    xQueueGenericReset                       0x0800a969   Thumb Code   132  queue.o(i.xQueueGenericReset)
    xQueueGenericSend                        0x0800a9f1   Thumb Code   346  queue.o(i.xQueueGenericSend)
    xQueueGiveFromISR                        0x0800ab51   Thumb Code   156  queue.o(i.xQueueGiveFromISR)
    xQueueReceive                            0x0800abed   Thumb Code   308  queue.o(i.xQueueReceive)
    xQueueReceiveFromISR                     0x0800ad25   Thumb Code   154  queue.o(i.xQueueReceiveFromISR)
    xQueueSemaphoreTake                      0x0800adc1   Thumb Code   372  queue.o(i.xQueueSemaphoreTake)
    xTaskCheckForTimeOut                     0x0800af39   Thumb Code   132  tasks.o(i.xTaskCheckForTimeOut)
    xTaskCreate                              0x0800afc1   Thumb Code    90  tasks.o(i.xTaskCreate)
    xTaskCreateStatic                        0x0800b01b   Thumb Code    86  tasks.o(i.xTaskCreateStatic)
    xTaskGetSchedulerState                   0x0800b071   Thumb Code    22  tasks.o(i.xTaskGetSchedulerState)
    xTaskIncrementTick                       0x0800b08d   Thumb Code   208  tasks.o(i.xTaskIncrementTick)
    xTaskPriorityDisinherit                  0x0800b165   Thumb Code   144  tasks.o(i.xTaskPriorityDisinherit)
    xTaskPriorityInherit                     0x0800b1fd   Thumb Code   130  tasks.o(i.xTaskPriorityInherit)
    xTaskRemoveFromEventList                 0x0800b289   Thumb Code   108  tasks.o(i.xTaskRemoveFromEventList)
    xTaskResumeAll                           0x0800b2fd   Thumb Code   182  tasks.o(i.xTaskResumeAll)
    __aeabi_dadd                             0x0800b3c1   Thumb Code     0  daddsub_clz.o(x$fpl$dadd)
    _dadd                                    0x0800b3c1   Thumb Code   332  daddsub_clz.o(x$fpl$dadd)
    __aeabi_ddiv                             0x0800b511   Thumb Code     0  ddiv.o(x$fpl$ddiv)
    _ddiv                                    0x0800b511   Thumb Code   552  ddiv.o(x$fpl$ddiv)
    __aeabi_d2iz                             0x0800b7c1   Thumb Code     0  dfix.o(x$fpl$dfix)
    _dfix                                    0x0800b7c1   Thumb Code    94  dfix.o(x$fpl$dfix)
    __fpl_dnaninf                            0x0800b81f   Thumb Code   156  dnaninf.o(x$fpl$dnaninf)
    __fpl_dretinf                            0x0800b8bb   Thumb Code    12  dretinf.o(x$fpl$dretinf)
    __aeabi_dsub                             0x0800b8c9   Thumb Code     0  daddsub_clz.o(x$fpl$dsub)
    _dsub                                    0x0800b8c9   Thumb Code   464  daddsub_clz.o(x$fpl$dsub)
    __aeabi_f2d                              0x0800ba9d   Thumb Code     0  f2d.o(x$fpl$f2d)
    _f2d                                     0x0800ba9d   Thumb Code    86  f2d.o(x$fpl$f2d)
    __fcmp4                                  0x0800baf5   Thumb Code    24  fcmp4.o(x$fpl$fcmp4)
    __ARM_fcmp4                              0x0800bb0d   Thumb Code     0  fcmp4.o(x$fpl$fcmp4)
    _fcmp4                                   0x0800bb0d   Thumb Code    58  fcmp4.o(x$fpl$fcmp4)
    __fpl_fcmp_Inf                           0x0800bb47   Thumb Code    24  fcmpi.o(x$fpl$fcmpinf)
    __fpl_fnaninf                            0x0800bb5f   Thumb Code   140  fnaninf.o(x$fpl$fnaninf)
    _fp_init                                 0x0800bbeb   Thumb Code    10  fpinit.o(x$fpl$fpinit)
    __fplib_config_fpu_vfp                   0x0800bbf3   Thumb Code     0  fpinit.o(x$fpl$fpinit)
    __fplib_config_pureend_doubles           0x0800bbf3   Thumb Code     0  fpinit.o(x$fpl$fpinit)
    __I$use$fp                               0x0800bbf4   Number         0  usenofp.o(x$fpl$usenofp)
    AHBPrescTable                            0x0800bc18   Data          16  system_stm32f4xx.o(.constdata)
    APBPrescTable                            0x0800bc28   Data           8  system_stm32f4xx.o(.constdata)
    CRC8_TAB                                 0x0800bc30   Data         256  crc.o(.constdata)
    wCRC_Table                               0x0800bd30   Data         512  crc.o(.constdata)
    m3508_pid_config                         0x0800bf90   Data          36  chassis.o(.constdata)
    mf9025_angle_pid_config                  0x0800bfb4   Data          36  chassis.o(.constdata)
    Region$$Table$$Base                      0x0800c028   Number         0  anon$$obj.o(Region$$Table)
    Region$$Table$$Limit                     0x0800c048   Number         0  anon$$obj.o(Region$$Table)
    defaultTaskHandle                        0x20000000   Data           4  freertos.o(.data)
    FS_Desc                                  0x20000008   Data          28  usbd_desc.o(.data)
    USBD_LangIDDesc                          0x20000024   Data           4  usbd_desc.o(.data)
    USBD_FS_DeviceDesc                       0x20000028   Data          18  usbd_desc.o(.data)
    USBD_StringSerial                        0x2000003c   Data          26  usbd_desc.o(.data)
    USBD_Interface_fops_FS                   0x20000058   Data          20  usbd_cdc_if.o(.data)
    uwTickFreq                               0x2000006c   Data           1  stm32f4xx_hal.o(.data)
    uwTickPrio                               0x20000070   Data           4  stm32f4xx_hal.o(.data)
    uwTick                                   0x20000074   Data           4  stm32f4xx_hal.o(.data)
    SystemCoreClock                          0x20000078   Data           4  system_stm32f4xx.o(.data)
    pxCurrentTCB                             0x2000007c   Data           4  tasks.o(.data)
    USBD_CDC                                 0x2000013c   Data          56  usbd_cdc.o(.data)
    ex                                       0x20000174   Data           2  crc.o(.data)
    SysTime                                  0x200001b0   Data           8  bsp_dwt.o(.data)
    CYCCNT64                                 0x200001b8   Data           8  bsp_dwt.o(.data)
    BMI088_ACCEL_SEN                         0x200001dc   Data           4  bmi088driver.o(.data)
    BMI088_GYRO_SEN                          0x200001e0   Data           4  bmi088driver.o(.data)
    BMI088_SPI                               0x2000021c   Data           4  bmi088middleware.o(.data)
    nuc_ins                                  0x20000228   Data           4  nuc.o(.data)
    sentinelMaxPower                         0x2000022c   Data           4  power_ctrl.o(.data)
    chassis_taskHandle                       0x20000234   Data           4  task_init.o(.data)
    daemon_taskHandle                        0x20000238   Data           4  task_init.o(.data)
    RGB_flow_color                           0x20000248   Data          28  daemon.o(.data)
    hcan1                                    0x200004b8   Data          40  can.o(.bss)
    hcan2                                    0x200004e0   Data          40  can.o(.bss)
    hspi1                                    0x20000508   Data          88  spi.o(.bss)
    hdma_spi1_rx                             0x20000560   Data          96  spi.o(.bss)
    hdma_spi1_tx                             0x200005c0   Data          96  spi.o(.bss)
    htim1                                    0x20000620   Data          72  tim.o(.bss)
    htim5                                    0x20000668   Data          72  tim.o(.bss)
    htim6                                    0x200006b0   Data          72  tim.o(.bss)
    htim10                                   0x200006f8   Data          72  tim.o(.bss)
    huart1                                   0x20000740   Data          72  usart.o(.bss)
    huart3                                   0x20000788   Data          72  usart.o(.bss)
    huart6                                   0x200007d0   Data          72  usart.o(.bss)
    hdma_usart1_rx                           0x20000818   Data          96  usart.o(.bss)
    hdma_usart1_tx                           0x20000878   Data          96  usart.o(.bss)
    hdma_usart3_rx                           0x200008d8   Data          96  usart.o(.bss)
    hdma_usart6_rx                           0x20000938   Data          96  usart.o(.bss)
    hdma_usart6_tx                           0x20000998   Data          96  usart.o(.bss)
    htim14                                   0x200009f8   Data          72  stm32f4xx_hal_timebase_tim.o(.bss)
    hUsbDeviceFS                             0x20000a40   Data         732  usb_device.o(.bss)
    USBD_StrDesc                             0x20000d1c   Data         512  usbd_desc.o(.bss)
    UserRxBufferFS                           0x20000f1c   Data        2048  usbd_cdc_if.o(.bss)
    UserTxBufferFS                           0x2000171c   Data        2048  usbd_cdc_if.o(.bss)
    hpcd_USB_OTG_FS                          0x2000213c   Data        1252  usbd_conf.o(.bss)
    chassis                                  0x20006590   Data        2204  chassis.o(.bss)
    __libspace_start                         0x20006e44   Data          96  libspace.o(.bss)
    __temporary_stack_top$libspace           0x20006ea4   Data           0  libspace.o(.bss)



==============================================================================

Memory Map of the image

  Image Entry point : 0x08000189

  Load Region LR_IROM1 (Base: 0x08000000, Size: 0x0000c2ac, Max: 0x00100000, ABSOLUTE, COMPRESSED[0x0000c15c])

    Execution Region ER_IROM1 (Exec base: 0x08000000, Load base: 0x08000000, Size: 0x0000c048, Max: 0x00100000, ABSOLUTE)

    Exec Addr    Load Addr    Size         Type   Attr      Idx    E Section Name        Object

    0x08000000   0x08000000   0x00000188   Data   RO            3    RESET               startup_stm32f407xx.o
    0x08000188   0x08000188   0x00000008   Code   RO         8941  * !!!main             c_w.l(__main.o)
    0x08000190   0x08000190   0x00000034   Code   RO         9313    !!!scatter          c_w.l(__scatter.o)
    0x080001c4   0x080001c4   0x0000005a   Code   RO         9311    !!dczerorl2         c_w.l(__dczerorl2.o)
    0x0800021e   0x0800021e   0x00000002   PAD
    0x08000220   0x08000220   0x0000001c   Code   RO         9315    !!handler_zi        c_w.l(__scatter_zi.o)
    0x0800023c   0x0800023c   0x00000002   Code   RO         9250    .ARM.Collect$$libinit$$00000000  c_w.l(libinit.o)
    0x0800023e   0x0800023e   0x00000004   Code   RO         9091    .ARM.Collect$$libinit$$00000001  c_w.l(libinit2.o)
    0x08000242   0x08000242   0x00000000   Code   RO         9094    .ARM.Collect$$libinit$$00000004  c_w.l(libinit2.o)
    0x08000242   0x08000242   0x00000000   Code   RO         9097    .ARM.Collect$$libinit$$0000000A  c_w.l(libinit2.o)
    0x08000242   0x08000242   0x00000000   Code   RO         9099    .ARM.Collect$$libinit$$0000000C  c_w.l(libinit2.o)
    0x08000242   0x08000242   0x00000000   Code   RO         9101    .ARM.Collect$$libinit$$0000000E  c_w.l(libinit2.o)
    0x08000242   0x08000242   0x00000000   Code   RO         9104    .ARM.Collect$$libinit$$00000011  c_w.l(libinit2.o)
    0x08000242   0x08000242   0x00000000   Code   RO         9106    .ARM.Collect$$libinit$$00000013  c_w.l(libinit2.o)
    0x08000242   0x08000242   0x00000000   Code   RO         9108    .ARM.Collect$$libinit$$00000015  c_w.l(libinit2.o)
    0x08000242   0x08000242   0x00000000   Code   RO         9110    .ARM.Collect$$libinit$$00000017  c_w.l(libinit2.o)
    0x08000242   0x08000242   0x00000000   Code   RO         9112    .ARM.Collect$$libinit$$00000019  c_w.l(libinit2.o)
    0x08000242   0x08000242   0x00000000   Code   RO         9114    .ARM.Collect$$libinit$$0000001B  c_w.l(libinit2.o)
    0x08000242   0x08000242   0x00000000   Code   RO         9116    .ARM.Collect$$libinit$$0000001D  c_w.l(libinit2.o)
    0x08000242   0x08000242   0x00000000   Code   RO         9118    .ARM.Collect$$libinit$$0000001F  c_w.l(libinit2.o)
    0x08000242   0x08000242   0x00000000   Code   RO         9120    .ARM.Collect$$libinit$$00000021  c_w.l(libinit2.o)
    0x08000242   0x08000242   0x00000000   Code   RO         9122    .ARM.Collect$$libinit$$00000023  c_w.l(libinit2.o)
    0x08000242   0x08000242   0x00000000   Code   RO         9124    .ARM.Collect$$libinit$$00000025  c_w.l(libinit2.o)
    0x08000242   0x08000242   0x00000000   Code   RO         9128    .ARM.Collect$$libinit$$0000002C  c_w.l(libinit2.o)
    0x08000242   0x08000242   0x00000000   Code   RO         9130    .ARM.Collect$$libinit$$0000002E  c_w.l(libinit2.o)
    0x08000242   0x08000242   0x00000000   Code   RO         9132    .ARM.Collect$$libinit$$00000030  c_w.l(libinit2.o)
    0x08000242   0x08000242   0x00000000   Code   RO         9134    .ARM.Collect$$libinit$$00000032  c_w.l(libinit2.o)
    0x08000242   0x08000242   0x00000002   Code   RO         9135    .ARM.Collect$$libinit$$00000033  c_w.l(libinit2.o)
    0x08000244   0x08000244   0x00000002   Code   RO         9308    .ARM.Collect$$libshutdown$$00000000  c_w.l(libshutdown.o)
    0x08000246   0x08000246   0x00000000   Code   RO         9266    .ARM.Collect$$libshutdown$$00000002  c_w.l(libshutdown2.o)
    0x08000246   0x08000246   0x00000000   Code   RO         9268    .ARM.Collect$$libshutdown$$00000004  c_w.l(libshutdown2.o)
    0x08000246   0x08000246   0x00000000   Code   RO         9271    .ARM.Collect$$libshutdown$$00000007  c_w.l(libshutdown2.o)
    0x08000246   0x08000246   0x00000000   Code   RO         9274    .ARM.Collect$$libshutdown$$0000000A  c_w.l(libshutdown2.o)
    0x08000246   0x08000246   0x00000000   Code   RO         9276    .ARM.Collect$$libshutdown$$0000000C  c_w.l(libshutdown2.o)
    0x08000246   0x08000246   0x00000000   Code   RO         9279    .ARM.Collect$$libshutdown$$0000000F  c_w.l(libshutdown2.o)
    0x08000246   0x08000246   0x00000002   Code   RO         9280    .ARM.Collect$$libshutdown$$00000010  c_w.l(libshutdown2.o)
    0x08000248   0x08000248   0x00000000   Code   RO         9057    .ARM.Collect$$rtentry$$00000000  c_w.l(__rtentry.o)
    0x08000248   0x08000248   0x00000000   Code   RO         9178    .ARM.Collect$$rtentry$$00000002  c_w.l(__rtentry2.o)
    0x08000248   0x08000248   0x00000006   Code   RO         9190    .ARM.Collect$$rtentry$$00000004  c_w.l(__rtentry4.o)
    0x0800024e   0x0800024e   0x00000000   Code   RO         9180    .ARM.Collect$$rtentry$$00000009  c_w.l(__rtentry2.o)
    0x0800024e   0x0800024e   0x00000004   Code   RO         9181    .ARM.Collect$$rtentry$$0000000A  c_w.l(__rtentry2.o)
    0x08000252   0x08000252   0x00000000   Code   RO         9183    .ARM.Collect$$rtentry$$0000000C  c_w.l(__rtentry2.o)
    0x08000252   0x08000252   0x00000008   Code   RO         9184    .ARM.Collect$$rtentry$$0000000D  c_w.l(__rtentry2.o)
    0x0800025a   0x0800025a   0x00000002   Code   RO         9253    .ARM.Collect$$rtexit$$00000000  c_w.l(rtexit.o)
    0x0800025c   0x0800025c   0x00000000   Code   RO         9284    .ARM.Collect$$rtexit$$00000002  c_w.l(rtexit2.o)
    0x0800025c   0x0800025c   0x00000004   Code   RO         9285    .ARM.Collect$$rtexit$$00000003  c_w.l(rtexit2.o)
    0x08000260   0x08000260   0x00000006   Code   RO         9286    .ARM.Collect$$rtexit$$00000004  c_w.l(rtexit2.o)
    0x08000266   0x08000266   0x00000002   PAD
    0x08000268   0x08000268   0x000000be   Code   RO         6118    .emb_text           port.o
    0x08000326   0x08000326   0x00000002   PAD
    0x08000328   0x08000328   0x00000040   Code   RO            4    .text               startup_stm32f407xx.o
    0x08000368   0x08000368   0x000000ee   Code   RO         8923    .text               c_w.l(lludivv7m.o)
    0x08000456   0x08000456   0x0000008a   Code   RO         8927    .text               c_w.l(rt_memcpy_v6.o)
    0x080004e0   0x080004e0   0x00000064   Code   RO         8929    .text               c_w.l(rt_memcpy_w.o)
    0x08000544   0x08000544   0x00000010   Code   RO         8933    .text               c_w.l(aeabi_memset.o)
    0x08000554   0x08000554   0x00000044   Code   RO         8935    .text               c_w.l(rt_memclr.o)
    0x08000598   0x08000598   0x0000004e   Code   RO         8937    .text               c_w.l(rt_memclr_w.o)
    0x080005e6   0x080005e6   0x00000006   Code   RO         8939    .text               c_w.l(heapauxi.o)
    0x080005ec   0x080005ec   0x00000016   Code   RO         9087    .text               c_w.l(_rserrno.o)
    0x08000602   0x08000602   0x00000002   PAD
    0x08000604   0x08000604   0x00000008   Code   RO         9174    .text               c_w.l(libspace.o)
    0x0800060c   0x0800060c   0x00000008   Code   RO         9197    .text               c_w.l(rt_errno_addr_intlibspace.o)
    0x08000614   0x08000614   0x00000002   Code   RO         9222    .text               c_w.l(use_no_semi.o)
    0x08000616   0x08000616   0x00000000   Code   RO         9224    .text               c_w.l(indicate_semi.o)
    0x08000616   0x08000616   0x0000004a   Code   RO         9225    .text               c_w.l(sys_stackheap_outer.o)
    0x08000660   0x08000660   0x00000012   Code   RO         9231    .text               c_w.l(exit.o)
    0x08000672   0x08000672   0x00000002   PAD
    0x08000674   0x08000674   0x0000000c   Code   RO         9251    .text               c_w.l(sys_exit.o)
    0x08000680   0x08000680   0x00000090   Code   RO         6765    i.Angle_Update      user_lib.o
    0x08000710   0x08000710   0x00000010   Code   RO         7802    i.BMI088_ACCEL_NS_H  bmi088middleware.o
    0x08000720   0x08000720   0x00000010   Code   RO         7803    i.BMI088_ACCEL_NS_L  bmi088middleware.o
    0x08000730   0x08000730   0x00000010   Code   RO         7804    i.BMI088_GYRO_NS_H  bmi088middleware.o
    0x08000740   0x08000740   0x00000010   Code   RO         7805    i.BMI088_GYRO_NS_L  bmi088middleware.o
    0x08000750   0x08000750   0x00000020   Code   RO         7720    i.BMI088_Init       bmi088driver.o
    0x08000770   0x08000770   0x000001ac   Code   RO         7721    i.BMI088_Read       bmi088driver.o
    0x0800091c   0x0800091c   0x0000007c   Code   RO         7722    i.BMI088_init       bmi088driver.o
    0x08000998   0x08000998   0x00000024   Code   RO         7723    i.BMI088_read_muli_reg  bmi088driver.o
    0x080009bc   0x080009bc   0x00000016   Code   RO         7724    i.BMI088_read_single_reg  bmi088driver.o
    0x080009d2   0x080009d2   0x00000002   PAD
    0x080009d4   0x080009d4   0x00000024   Code   RO         7806    i.BMI088_read_write_byte  bmi088middleware.o
    0x080009f8   0x080009f8   0x00000012   Code   RO         7725    i.BMI088_write_single_reg  bmi088driver.o
    0x08000a0a   0x08000a0a   0x00000002   PAD
    0x08000a0c   0x08000a0c   0x0000009c   Code   RO         6969    i.BSP_CAN_Init      bsp_can.o
    0x08000aa8   0x08000aa8   0x00000064   Code   RO         6970    i.BSP_CAN_RegisterCallback  bsp_can.o
    0x08000b0c   0x08000b0c   0x0000004a   Code   RO         6971    i.BSP_CAN_Rx_IRQHandler  bsp_can.o
    0x08000b56   0x08000b56   0x00000026   Code   RO         6972    i.BSP_CAN_Start     bsp_can.o
    0x08000b7c   0x08000b7c   0x00000096   Code   RO         6973    i.BSP_CAN_Transmit  bsp_can.o
    0x08000c12   0x08000c12   0x00000022   Code   RO         7297    i.BSP_PWM_Init      bsp_pwm.o
    0x08000c34   0x08000c34   0x0000002e   Code   RO         7298    i.BSP_PWM_SetValue  bsp_pwm.o
    0x08000c62   0x08000c62   0x000000ae   Code   RO         7035    i.BSP_UART_IRQHandler  bsp_uart.o
    0x08000d10   0x08000d10   0x00000168   Code   RO         7036    i.BSP_UART_Init     bsp_uart.o
    0x08000e78   0x08000e78   0x0000001e   Code   RO         7038    i.BSP_UART_TxCpltCallback  bsp_uart.o
    0x08000e96   0x08000e96   0x00000002   Code   RO          574    i.BusFault_Handler  stm32f4xx_it.o
    0x08000e98   0x08000e98   0x0000000c   Code   RO          575    i.CAN1_RX0_IRQHandler  stm32f4xx_it.o
    0x08000ea4   0x08000ea4   0x0000000c   Code   RO          576    i.CAN2_RX0_IRQHandler  stm32f4xx_it.o
    0x08000eb0   0x08000eb0   0x0000001a   Code   RO         6974    i.CAN_FindCallbackIndex  bsp_can.o
    0x08000eca   0x08000eca   0x00000002   PAD
    0x08000ecc   0x08000ecc   0x00000030   Code   RO         7333    i.CBoard_Chassis_Init  cboard_chassis.o
    0x08000efc   0x08000efc   0x0000000e   Code   RO         7334    i.CBoard_IMU_handler  cboard_chassis.o
    0x08000f0a   0x08000f0a   0x00000054   Code   RO         7335    i.CBoard_Referee_Tranmit  cboard_chassis.o
    0x08000f5e   0x08000f5e   0x00000004   Code   RO          919    i.CDC_Control_FS    usbd_cdc_if.o
    0x08000f62   0x08000f62   0x00000004   Code   RO          920    i.CDC_DeInit_FS     usbd_cdc_if.o
    0x08000f66   0x08000f66   0x00000002   PAD
    0x08000f68   0x08000f68   0x00000024   Code   RO          921    i.CDC_Init_FS       usbd_cdc_if.o
    0x08000f8c   0x08000f8c   0x00000018   Code   RO          922    i.CDC_Receive_FS    usbd_cdc_if.o
    0x08000fa4   0x08000fa4   0x00000004   Code   RO          923    i.CDC_TransmitCplt_FS  usbd_cdc_if.o
    0x08000fa8   0x08000fa8   0x00000404   Code   RO         7726    i.Calibrate_MPU_Offset  bmi088driver.o
    0x080013ac   0x080013ac   0x00000110   Code   RO         8625    i.Chassis_Init      chassis.o
    0x080014bc   0x080014bc   0x0000021c   Code   RO         8626    i.Chassis_Task      chassis.o
    0x080016d8   0x080016d8   0x0000000c   Code   RO          577    i.DMA1_Stream1_IRQHandler  stm32f4xx_it.o
    0x080016e4   0x080016e4   0x0000000c   Code   RO          578    i.DMA2_Stream1_IRQHandler  stm32f4xx_it.o
    0x080016f0   0x080016f0   0x0000000c   Code   RO          579    i.DMA2_Stream2_IRQHandler  stm32f4xx_it.o
    0x080016fc   0x080016fc   0x0000000c   Code   RO          580    i.DMA2_Stream3_IRQHandler  stm32f4xx_it.o
    0x08001708   0x08001708   0x0000000c   Code   RO          581    i.DMA2_Stream5_IRQHandler  stm32f4xx_it.o
    0x08001714   0x08001714   0x0000000c   Code   RO          582    i.DMA2_Stream6_IRQHandler  stm32f4xx_it.o
    0x08001720   0x08001720   0x0000000c   Code   RO          583    i.DMA2_Stream7_IRQHandler  stm32f4xx_it.o
    0x0800172c   0x0800172c   0x00000028   Code   RO         3200    i.DMA_CalcBaseAndBitshift  stm32f4xx_hal_dma.o
    0x08001754   0x08001754   0x00000054   Code   RO         3201    i.DMA_CheckFifoParam  stm32f4xx_hal_dma.o
    0x080017a8   0x080017a8   0x00000028   Code   RO         3202    i.DMA_SetConfig     stm32f4xx_hal_dma.o
    0x080017d0   0x080017d0   0x00000028   Code   RO         7220    i.DWT_CNT_Update    bsp_dwt.o
    0x080017f8   0x080017f8   0x00000034   Code   RO         7221    i.DWT_Delay         bsp_dwt.o
    0x0800182c   0x0800182c   0x00000044   Code   RO         7222    i.DWT_GetDeltaT     bsp_dwt.o
    0x08001870   0x08001870   0x0000003c   Code   RO         7224    i.DWT_GetTimeline_ms  bsp_dwt.o
    0x080018ac   0x080018ac   0x00000044   Code   RO         7225    i.DWT_GetTimeline_s  bsp_dwt.o
    0x080018f0   0x080018f0   0x00000048   Code   RO         7227    i.DWT_Init          bsp_dwt.o
    0x08001938   0x08001938   0x00000094   Code   RO         7228    i.DWT_SysTimeUpdate  bsp_dwt.o
    0x080019cc   0x080019cc   0x00000124   Code   RO         8714    i.Daemon_AllOnline  daemon.o
    0x08001af0   0x08001af0   0x00000014   Code   RO         8716    i.Daemon_Task       daemon.o
    0x08001b04   0x08001b04   0x00000002   Code   RO          584    i.DebugMon_Handler  stm32f4xx_it.o
    0x08001b06   0x08001b06   0x00000004   Code   RO           13    i.Error_Handler     main.o
    0x08001b0a   0x08001b0a   0x00000002   PAD
    0x08001b0c   0x08001b0c   0x0000002c   Code   RO         6600    i.Get_CRC16_Check_Sum  crc.o
    0x08001b38   0x08001b38   0x0000001c   Code   RO         6601    i.Get_CRC8_Check_Sum  crc.o
    0x08001b54   0x08001b54   0x00000024   Code   RO         3892    i.HAL_CAN_ActivateNotification  stm32f4xx_hal_can.o
    0x08001b78   0x08001b78   0x000000bc   Code   RO         3893    i.HAL_CAN_AddTxMessage  stm32f4xx_hal_can.o
    0x08001c34   0x08001c34   0x0000010c   Code   RO         3894    i.HAL_CAN_ConfigFilter  stm32f4xx_hal_can.o
    0x08001d40   0x08001d40   0x00000002   Code   RO         3897    i.HAL_CAN_ErrorCallback  stm32f4xx_hal_can.o
    0x08001d42   0x08001d42   0x000000f4   Code   RO         3900    i.HAL_CAN_GetRxMessage  stm32f4xx_hal_can.o
    0x08001e36   0x08001e36   0x0000002c   Code   RO         3902    i.HAL_CAN_GetTxMailboxesFreeLevel  stm32f4xx_hal_can.o
    0x08001e62   0x08001e62   0x000001fc   Code   RO         3904    i.HAL_CAN_IRQHandler  stm32f4xx_hal_can.o
    0x0800205e   0x0800205e   0x0000011a   Code   RO         3905    i.HAL_CAN_Init      stm32f4xx_hal_can.o
    0x08002178   0x08002178   0x000000fc   Code   RO          340    i.HAL_CAN_MspInit   can.o
    0x08002274   0x08002274   0x00000002   Code   RO         3912    i.HAL_CAN_RxFifo0FullCallback  stm32f4xx_hal_can.o
    0x08002276   0x08002276   0x00000002   PAD
    0x08002278   0x08002278   0x0000002c   Code   RO         6975    i.HAL_CAN_RxFifo0MsgPendingCallback  bsp_can.o
    0x080022a4   0x080022a4   0x00000002   Code   RO         3914    i.HAL_CAN_RxFifo1FullCallback  stm32f4xx_hal_can.o
    0x080022a6   0x080022a6   0x00000002   Code   RO         3915    i.HAL_CAN_RxFifo1MsgPendingCallback  stm32f4xx_hal_can.o
    0x080022a8   0x080022a8   0x00000002   Code   RO         3916    i.HAL_CAN_SleepCallback  stm32f4xx_hal_can.o
    0x080022aa   0x080022aa   0x00000002   PAD
    0x080022ac   0x080022ac   0x00000058   Code   RO         3917    i.HAL_CAN_Start     stm32f4xx_hal_can.o
    0x08002304   0x08002304   0x00000002   Code   RO         3919    i.HAL_CAN_TxMailbox0AbortCallback  stm32f4xx_hal_can.o
    0x08002306   0x08002306   0x00000002   Code   RO         3920    i.HAL_CAN_TxMailbox0CompleteCallback  stm32f4xx_hal_can.o
    0x08002308   0x08002308   0x00000002   Code   RO         3921    i.HAL_CAN_TxMailbox1AbortCallback  stm32f4xx_hal_can.o
    0x0800230a   0x0800230a   0x00000002   Code   RO         3922    i.HAL_CAN_TxMailbox1CompleteCallback  stm32f4xx_hal_can.o
    0x0800230c   0x0800230c   0x00000002   Code   RO         3923    i.HAL_CAN_TxMailbox2AbortCallback  stm32f4xx_hal_can.o
    0x0800230e   0x0800230e   0x00000002   Code   RO         3924    i.HAL_CAN_TxMailbox2CompleteCallback  stm32f4xx_hal_can.o
    0x08002310   0x08002310   0x00000002   Code   RO         3926    i.HAL_CAN_WakeUpFromRxMsgCallback  stm32f4xx_hal_can.o
    0x08002312   0x08002312   0x00000092   Code   RO         3203    i.HAL_DMA_Abort     stm32f4xx_hal_dma.o
    0x080023a4   0x080023a4   0x00000024   Code   RO         3204    i.HAL_DMA_Abort_IT  stm32f4xx_hal_dma.o
    0x080023c8   0x080023c8   0x000001a0   Code   RO         3208    i.HAL_DMA_IRQHandler  stm32f4xx_hal_dma.o
    0x08002568   0x08002568   0x000000d4   Code   RO         3209    i.HAL_DMA_Init      stm32f4xx_hal_dma.o
    0x0800263c   0x0800263c   0x0000006e   Code   RO         3213    i.HAL_DMA_Start_IT  stm32f4xx_hal_dma.o
    0x080026aa   0x080026aa   0x00000002   PAD
    0x080026ac   0x080026ac   0x00000024   Code   RO         3640    i.HAL_Delay         stm32f4xx_hal.o
    0x080026d0   0x080026d0   0x000001f0   Code   RO         3096    i.HAL_GPIO_Init     stm32f4xx_hal_gpio.o
    0x080028c0   0x080028c0   0x0000000a   Code   RO         3100    i.HAL_GPIO_WritePin  stm32f4xx_hal_gpio.o
    0x080028ca   0x080028ca   0x00000002   PAD
    0x080028cc   0x080028cc   0x0000000c   Code   RO         3646    i.HAL_GetTick       stm32f4xx_hal.o
    0x080028d8   0x080028d8   0x00000010   Code   RO         3652    i.HAL_IncTick       stm32f4xx_hal.o
    0x080028e8   0x080028e8   0x00000034   Code   RO         3653    i.HAL_Init          stm32f4xx_hal.o
    0x0800291c   0x0800291c   0x00000098   Code   RO          746    i.HAL_InitTick      stm32f4xx_hal_timebase_tim.o
    0x080029b4   0x080029b4   0x00000038   Code   RO          722    i.HAL_MspInit       stm32f4xx_hal_msp.o
    0x080029ec   0x080029ec   0x0000001a   Code   RO         3488    i.HAL_NVIC_EnableIRQ  stm32f4xx_hal_cortex.o
    0x08002a06   0x08002a06   0x00000002   PAD
    0x08002a08   0x08002a08   0x00000040   Code   RO         3494    i.HAL_NVIC_SetPriority  stm32f4xx_hal_cortex.o
    0x08002a48   0x08002a48   0x00000024   Code   RO         3495    i.HAL_NVIC_SetPriorityGrouping  stm32f4xx_hal_cortex.o
    0x08002a6c   0x08002a6c   0x00000002   Code   RO         2395    i.HAL_PCDEx_LPM_Callback  stm32f4xx_hal_pcd_ex.o
    0x08002a6e   0x08002a6e   0x00000008   Code   RO         2396    i.HAL_PCDEx_SetRxFiFo  stm32f4xx_hal_pcd_ex.o
    0x08002a76   0x08002a76   0x00000044   Code   RO         2397    i.HAL_PCDEx_SetTxFiFo  stm32f4xx_hal_pcd_ex.o
    0x08002aba   0x08002aba   0x00000008   Code   RO          976    i.HAL_PCD_ConnectCallback  usbd_conf.o
    0x08002ac2   0x08002ac2   0x00000012   Code   RO          977    i.HAL_PCD_DataInStageCallback  usbd_conf.o
    0x08002ad4   0x08002ad4   0x00000014   Code   RO          978    i.HAL_PCD_DataOutStageCallback  usbd_conf.o
    0x08002ae8   0x08002ae8   0x00000008   Code   RO          979    i.HAL_PCD_DisconnectCallback  usbd_conf.o
    0x08002af0   0x08002af0   0x0000001e   Code   RO         2165    i.HAL_PCD_EP_Abort  stm32f4xx_hal_pcd.o
    0x08002b0e   0x08002b0e   0x0000004a   Code   RO         2166    i.HAL_PCD_EP_Close  stm32f4xx_hal_pcd.o
    0x08002b58   0x08002b58   0x0000005a   Code   RO         2167    i.HAL_PCD_EP_ClrStall  stm32f4xx_hal_pcd.o
    0x08002bb2   0x08002bb2   0x00000012   Code   RO         2169    i.HAL_PCD_EP_GetRxCount  stm32f4xx_hal_pcd.o
    0x08002bc4   0x08002bc4   0x00000062   Code   RO         2170    i.HAL_PCD_EP_Open   stm32f4xx_hal_pcd.o
    0x08002c26   0x08002c26   0x00000038   Code   RO         2171    i.HAL_PCD_EP_Receive  stm32f4xx_hal_pcd.o
    0x08002c5e   0x08002c5e   0x00000072   Code   RO         2172    i.HAL_PCD_EP_SetStall  stm32f4xx_hal_pcd.o
    0x08002cd0   0x08002cd0   0x00000032   Code   RO         2173    i.HAL_PCD_EP_Transmit  stm32f4xx_hal_pcd.o
    0x08002d02   0x08002d02   0x00000002   PAD
    0x08002d04   0x08002d04   0x0000055c   Code   RO         2175    i.HAL_PCD_IRQHandler  stm32f4xx_hal_pcd.o
    0x08003260   0x08003260   0x00000008   Code   RO          980    i.HAL_PCD_ISOINIncompleteCallback  usbd_conf.o
    0x08003268   0x08003268   0x00000008   Code   RO          981    i.HAL_PCD_ISOOUTIncompleteCallback  usbd_conf.o
    0x08003270   0x08003270   0x000000cc   Code   RO         2178    i.HAL_PCD_Init      stm32f4xx_hal_pcd.o
    0x0800333c   0x0800333c   0x00000084   Code   RO          983    i.HAL_PCD_MspInit   usbd_conf.o
    0x080033c0   0x080033c0   0x0000002c   Code   RO          984    i.HAL_PCD_ResetCallback  usbd_conf.o
    0x080033ec   0x080033ec   0x00000008   Code   RO          985    i.HAL_PCD_ResumeCallback  usbd_conf.o
    0x080033f4   0x080033f4   0x00000008   Code   RO          986    i.HAL_PCD_SOFCallback  usbd_conf.o
    0x080033fc   0x080033fc   0x00000026   Code   RO         2184    i.HAL_PCD_SetAddress  stm32f4xx_hal_pcd.o
    0x08003422   0x08003422   0x0000000e   Code   RO          987    i.HAL_PCD_SetupStageCallback  usbd_conf.o
    0x08003430   0x08003430   0x00000042   Code   RO         2187    i.HAL_PCD_Start     stm32f4xx_hal_pcd.o
    0x08003472   0x08003472   0x00000002   PAD
    0x08003474   0x08003474   0x00000030   Code   RO          988    i.HAL_PCD_SuspendCallback  usbd_conf.o
    0x080034a4   0x080034a4   0x00000134   Code   RO         2742    i.HAL_RCC_ClockConfig  stm32f4xx_hal_rcc.o
    0x080035d8   0x080035d8   0x00000040   Code   RO         2746    i.HAL_RCC_GetClockConfig  stm32f4xx_hal_rcc.o
    0x08003618   0x08003618   0x0000000c   Code   RO         2747    i.HAL_RCC_GetHCLKFreq  stm32f4xx_hal_rcc.o
    0x08003624   0x08003624   0x00000020   Code   RO         2749    i.HAL_RCC_GetPCLK1Freq  stm32f4xx_hal_rcc.o
    0x08003644   0x08003644   0x00000020   Code   RO         2750    i.HAL_RCC_GetPCLK2Freq  stm32f4xx_hal_rcc.o
    0x08003664   0x08003664   0x00000064   Code   RO         2751    i.HAL_RCC_GetSysClockFreq  stm32f4xx_hal_rcc.o
    0x080036c8   0x080036c8   0x0000036c   Code   RO         2754    i.HAL_RCC_OscConfig  stm32f4xx_hal_rcc.o
    0x08003a34   0x08003a34   0x000000bc   Code   RO         4136    i.HAL_SPI_Init      stm32f4xx_hal_spi.o
    0x08003af0   0x08003af0   0x00000100   Code   RO          413    i.HAL_SPI_MspInit   spi.o
    0x08003bf0   0x08003bf0   0x000001f0   Code   RO         4145    i.HAL_SPI_TransmitReceive  stm32f4xx_hal_spi.o
    0x08003de0   0x08003de0   0x00000002   Code   RO         1889    i.HAL_TIMEx_BreakCallback  stm32f4xx_hal_tim_ex.o
    0x08003de2   0x08003de2   0x00000002   Code   RO         1890    i.HAL_TIMEx_CommutCallback  stm32f4xx_hal_tim_ex.o
    0x08003de4   0x08003de4   0x00000054   Code   RO         1892    i.HAL_TIMEx_ConfigBreakDeadTime  stm32f4xx_hal_tim_ex.o
    0x08003e38   0x08003e38   0x00000090   Code   RO         1908    i.HAL_TIMEx_MasterConfigSynchronization  stm32f4xx_hal_tim_ex.o
    0x08003ec8   0x08003ec8   0x0000005a   Code   RO         1185    i.HAL_TIM_Base_Init  stm32f4xx_hal_tim.o
    0x08003f22   0x08003f22   0x00000002   PAD
    0x08003f24   0x08003f24   0x0000008c   Code   RO          455    i.HAL_TIM_Base_MspInit  tim.o
    0x08003fb0   0x08003fb0   0x00000078   Code   RO         1188    i.HAL_TIM_Base_Start  stm32f4xx_hal_tim.o
    0x08004028   0x08004028   0x00000080   Code   RO         1190    i.HAL_TIM_Base_Start_IT  stm32f4xx_hal_tim.o
    0x080040a8   0x080040a8   0x000000dc   Code   RO         1194    i.HAL_TIM_ConfigClockSource  stm32f4xx_hal_tim.o
    0x08004184   0x08004184   0x00000002   Code   RO         1219    i.HAL_TIM_IC_CaptureCallback  stm32f4xx_hal_tim.o
    0x08004186   0x08004186   0x00000130   Code   RO         1233    i.HAL_TIM_IRQHandler  stm32f4xx_hal_tim.o
    0x080042b6   0x080042b6   0x00000002   PAD
    0x080042b8   0x080042b8   0x000000e0   Code   RO          456    i.HAL_TIM_MspPostInit  tim.o
    0x08004398   0x08004398   0x00000002   Code   RO         1236    i.HAL_TIM_OC_DelayElapsedCallback  stm32f4xx_hal_tim.o
    0x0800439a   0x0800439a   0x000000cc   Code   RO         1257    i.HAL_TIM_PWM_ConfigChannel  stm32f4xx_hal_tim.o
    0x08004466   0x08004466   0x0000005a   Code   RO         1260    i.HAL_TIM_PWM_Init  stm32f4xx_hal_tim.o
    0x080044c0   0x080044c0   0x00000002   Code   RO         1262    i.HAL_TIM_PWM_MspInit  stm32f4xx_hal_tim.o
    0x080044c2   0x080044c2   0x00000002   Code   RO         1263    i.HAL_TIM_PWM_PulseFinishedCallback  stm32f4xx_hal_tim.o
    0x080044c4   0x080044c4   0x000000c8   Code   RO         1265    i.HAL_TIM_PWM_Start  stm32f4xx_hal_tim.o
    0x0800458c   0x0800458c   0x00000014   Code   RO           14    i.HAL_TIM_PeriodElapsedCallback  main.o
    0x080045a0   0x080045a0   0x00000002   Code   RO         1276    i.HAL_TIM_TriggerCallback  stm32f4xx_hal_tim.o
    0x080045a2   0x080045a2   0x00000002   Code   RO         4459    i.HAL_UARTEx_RxEventCallback  stm32f4xx_hal_uart.o
    0x080045a4   0x080045a4   0x00000002   Code   RO         4473    i.HAL_UART_ErrorCallback  stm32f4xx_hal_uart.o
    0x080045a6   0x080045a6   0x00000004   Code   RO         4474    i.HAL_UART_GetError  stm32f4xx_hal_uart.o
    0x080045aa   0x080045aa   0x00000002   PAD
    0x080045ac   0x080045ac   0x00000280   Code   RO         4476    i.HAL_UART_IRQHandler  stm32f4xx_hal_uart.o
    0x0800482c   0x0800482c   0x00000064   Code   RO         4477    i.HAL_UART_Init     stm32f4xx_hal_uart.o
    0x08004890   0x08004890   0x00000294   Code   RO          521    i.HAL_UART_MspInit  usart.o
    0x08004b24   0x08004b24   0x00000002   Code   RO         4483    i.HAL_UART_RxCpltCallback  stm32f4xx_hal_uart.o
    0x08004b26   0x08004b26   0x00000002   PAD
    0x08004b28   0x08004b28   0x00000084   Code   RO         4486    i.HAL_UART_Transmit_DMA  stm32f4xx_hal_uart.o
    0x08004bac   0x08004bac   0x00000028   Code   RO         7039    i.HAL_UART_TxCpltCallback  bsp_uart.o
    0x08004bd4   0x08004bd4   0x00000002   Code   RO         4489    i.HAL_UART_TxHalfCpltCallback  stm32f4xx_hal_uart.o
    0x08004bd6   0x08004bd6   0x00000002   Code   RO          585    i.HardFault_Handler  stm32f4xx_it.o
    0x08004bd8   0x08004bd8   0x00000054   Code   RO         7634    i.IMU_Temperature_Ctrl  ins.o
    0x08004c2c   0x08004c2c   0x00000024   Code   RO         7635    i.INS_Init          ins.o
    0x08004c50   0x08004c50   0x00000038   Code   RO         7636    i.INS_Update        ins.o
    0x08004c88   0x08004c88   0x00000038   Code   RO          833    i.IntToUnicode      usbd_desc.o
    0x08004cc0   0x08004cc0   0x0000002c   Code   RO         8013    i.LED_Init          led.o
    0x08004cec   0x08004cec   0x0000004c   Code   RO         8014    i.LED_SetColor      led.o
    0x08004d38   0x08004d38   0x00000044   Code   RO          341    i.MX_CAN1_Init      can.o
    0x08004d7c   0x08004d7c   0x00000044   Code   RO          342    i.MX_CAN2_Init      can.o
    0x08004dc0   0x08004dc0   0x0000009c   Code   RO          388    i.MX_DMA_Init       dma.o
    0x08004e5c   0x08004e5c   0x0000002c   Code   RO          274    i.MX_FREERTOS_Init  freertos.o
    0x08004e88   0x08004e88   0x000000f4   Code   RO          250    i.MX_GPIO_Init      gpio.o
    0x08004f7c   0x08004f7c   0x00000048   Code   RO          414    i.MX_SPI1_Init      spi.o
    0x08004fc4   0x08004fc4   0x00000064   Code   RO          457    i.MX_TIM10_Init     tim.o
    0x08005028   0x08005028   0x000000ec   Code   RO          458    i.MX_TIM1_Init      tim.o
    0x08005114   0x08005114   0x000000b4   Code   RO          459    i.MX_TIM5_Init      tim.o
    0x080051c8   0x080051c8   0x00000048   Code   RO          460    i.MX_TIM6_Init      tim.o
    0x08005210   0x08005210   0x00000038   Code   RO          522    i.MX_USART1_UART_Init  usart.o
    0x08005248   0x08005248   0x0000003c   Code   RO          523    i.MX_USART3_UART_Init  usart.o
    0x08005284   0x08005284   0x00000038   Code   RO          524    i.MX_USART6_UART_Init  usart.o
    0x080052bc   0x080052bc   0x00000054   Code   RO          785    i.MX_USB_DEVICE_Init  usb_device.o
    0x08005310   0x08005310   0x00000002   Code   RO          586    i.MemManage_Handler  stm32f4xx_it.o
    0x08005312   0x08005312   0x00000002   Code   RO          587    i.NMI_Handler       stm32f4xx_it.o
    0x08005314   0x08005314   0x0000004c   Code   RO         8230    i.NUC_Chassis_Handler  nuc.o
    0x08005360   0x08005360   0x0000001c   Code   RO         8231    i.NUC_Gimbal_Handler  nuc.o
    0x0800537c   0x0800537c   0x00000038   Code   RO         8232    i.NUC_Init          nuc.o
    0x080053b4   0x080053b4   0x0000008c   Code   RO         8233    i.NucRxCallback     nuc.o
    0x08005440   0x08005440   0x00000184   Code   RO         6768    i.OLS_Derivative    user_lib.o
    0x080055c4   0x080055c4   0x0000000c   Code   RO          588    i.OTG_FS_IRQHandler  stm32f4xx_it.o
    0x080055d0   0x080055d0   0x00000118   Code   RO         8627    i.Omni_Kinematics_Resolve  chassis.o
    0x080056e8   0x080056e8   0x000000cc   Code   RO         2191    i.PCD_EP_OutXfrComplete_int  stm32f4xx_hal_pcd.o
    0x080057b4   0x080057b4   0x000000a2   Code   RO         2192    i.PCD_WriteEmptyTxFifo  stm32f4xx_hal_pcd.o
    0x08005856   0x08005856   0x00000002   PAD
    0x08005858   0x08005858   0x00000280   Code   RO         6657    i.PID_calc          pid.o
    0x08005ad8   0x08005ad8   0x00000088   Code   RO         6659    i.PID_init          pid.o
    0x08005b60   0x08005b60   0x00000338   Code   RO         7115    i.PID_plus_Calculate  pid_enhanced.o
    0x08005e98   0x08005e98   0x00000054   Code   RO         8368    i.PowerControl_Init  power_ctrl_param_get.o
    0x08005eec   0x08005eec   0x000000ac   Code   RO         6694    i.RLS_Init          rls.o
    0x08005f98   0x08005f98   0x00000038   Code   RO         8413    i.Referee_Init      referee.o
    0x08005fd0   0x08005fd0   0x0000021c   Code   RO         8414    i.Referee_RxCallback  referee.o
    0x080061ec   0x080061ec   0x0000007a   Code   RO         7550    i.RemoteDataProcess_CAN  dbus.o
    0x08006266   0x08006266   0x00000002   PAD
    0x08006268   0x08006268   0x00000084   Code   RO         7551    i.RemoteDataProcess_UART  dbus.o
    0x080062ec   0x080062ec   0x0000006c   Code   RO         4174    i.SPI_EndRxTxTransaction  stm32f4xx_hal_spi.o
    0x08006358   0x08006358   0x000000bc   Code   RO         4179    i.SPI_WaitFlagStateUntilTimeout  stm32f4xx_hal_spi.o
    0x08006414   0x08006414   0x0000000a   Code   RO         6357    i.SWAPBYTE          usbd_ctlreq.o
    0x0800641e   0x0800641e   0x0000000c   Code   RO          275    i.StartDefaultTask  freertos.o
    0x0800642a   0x0800642a   0x00000002   PAD
    0x0800642c   0x0800642c   0x0000002c   Code   RO         6119    i.SysTick_Handler   port.o
    0x08006458   0x08006458   0x00000094   Code   RO           15    i.SystemClock_Config  main.o
    0x080064ec   0x080064ec   0x00000010   Code   RO         4811    i.SystemInit        system_stm32f4xx.o
    0x080064fc   0x080064fc   0x0000000c   Code   RO          589    i.TIM6_DAC_IRQHandler  stm32f4xx_it.o
    0x08006508   0x08006508   0x0000000c   Code   RO          590    i.TIM8_TRG_COM_TIM14_IRQHandler  stm32f4xx_it.o
    0x08006514   0x08006514   0x000000d0   Code   RO         1278    i.TIM_Base_SetConfig  stm32f4xx_hal_tim.o
    0x080065e4   0x080065e4   0x0000001a   Code   RO         1279    i.TIM_CCxChannelCmd  stm32f4xx_hal_tim.o
    0x080065fe   0x080065fe   0x00000014   Code   RO         1289    i.TIM_ETR_SetConfig  stm32f4xx_hal_tim.o
    0x08006612   0x08006612   0x00000010   Code   RO         1290    i.TIM_ITRx_SetConfig  stm32f4xx_hal_tim.o
    0x08006622   0x08006622   0x00000002   PAD
    0x08006624   0x08006624   0x00000060   Code   RO         1291    i.TIM_OC1_SetConfig  stm32f4xx_hal_tim.o
    0x08006684   0x08006684   0x0000006c   Code   RO         1292    i.TIM_OC2_SetConfig  stm32f4xx_hal_tim.o
    0x080066f0   0x080066f0   0x00000068   Code   RO         1293    i.TIM_OC3_SetConfig  stm32f4xx_hal_tim.o
    0x08006758   0x08006758   0x00000050   Code   RO         1294    i.TIM_OC4_SetConfig  stm32f4xx_hal_tim.o
    0x080067a8   0x080067a8   0x00000022   Code   RO         1296    i.TIM_TI1_ConfigInputStage  stm32f4xx_hal_tim.o
    0x080067ca   0x080067ca   0x00000024   Code   RO         1298    i.TIM_TI2_ConfigInputStage  stm32f4xx_hal_tim.o
    0x080067ee   0x080067ee   0x0000000e   Code   RO         4490    i.UART_DMAAbortOnError  stm32f4xx_hal_uart.o
    0x080067fc   0x080067fc   0x0000004a   Code   RO         4491    i.UART_DMAError     stm32f4xx_hal_uart.o
    0x08006846   0x08006846   0x00000042   Code   RO         4496    i.UART_DMATransmitCplt  stm32f4xx_hal_uart.o
    0x08006888   0x08006888   0x0000000a   Code   RO         4498    i.UART_DMATxHalfCplt  stm32f4xx_hal_uart.o
    0x08006892   0x08006892   0x00000026   Code   RO         7040    i.UART_DMA_Stop_Receive  bsp_uart.o
    0x080068b8   0x080068b8   0x0000004e   Code   RO         4500    i.UART_EndRxTransfer  stm32f4xx_hal_uart.o
    0x08006906   0x08006906   0x0000001c   Code   RO         4501    i.UART_EndTxTransfer  stm32f4xx_hal_uart.o
    0x08006922   0x08006922   0x000000c2   Code   RO         4502    i.UART_Receive_IT   stm32f4xx_hal_uart.o
    0x080069e4   0x080069e4   0x0000010c   Code   RO         4503    i.UART_SetConfig    stm32f4xx_hal_uart.o
    0x08006af0   0x08006af0   0x00000064   Code   RO         7041    i.UART_TxTask       bsp_uart.o
    0x08006b54   0x08006b54   0x00000024   Code   RO          591    i.USART1_IRQHandler  stm32f4xx_it.o
    0x08006b78   0x08006b78   0x00000024   Code   RO          592    i.USART3_IRQHandler  stm32f4xx_it.o
    0x08006b9c   0x08006b9c   0x00000024   Code   RO          593    i.USART6_IRQHandler  stm32f4xx_it.o
    0x08006bc0   0x08006bc0   0x00000076   Code   RO         6495    i.USBD_CDC_DataIn   usbd_cdc.o
    0x08006c36   0x08006c36   0x0000003c   Code   RO         6496    i.USBD_CDC_DataOut  usbd_cdc.o
    0x08006c72   0x08006c72   0x00000002   PAD
    0x08006c74   0x08006c74   0x00000094   Code   RO         6497    i.USBD_CDC_DeInit   usbd_cdc.o
    0x08006d08   0x08006d08   0x00000036   Code   RO         6498    i.USBD_CDC_EP0_RxReady  usbd_cdc.o
    0x08006d3e   0x08006d3e   0x00000002   PAD
    0x08006d40   0x08006d40   0x0000000c   Code   RO         6499    i.USBD_CDC_GetDeviceQualifierDescriptor  usbd_cdc.o
    0x08006d4c   0x08006d4c   0x0000003c   Code   RO         6500    i.USBD_CDC_GetFSCfgDesc  usbd_cdc.o
    0x08006d88   0x08006d88   0x00000040   Code   RO         6501    i.USBD_CDC_GetHSCfgDesc  usbd_cdc.o
    0x08006dc8   0x08006dc8   0x0000003c   Code   RO         6502    i.USBD_CDC_GetOtherSpeedCfgDesc  usbd_cdc.o
    0x08006e04   0x08006e04   0x00000120   Code   RO         6503    i.USBD_CDC_Init     usbd_cdc.o
    0x08006f24   0x08006f24   0x00000038   Code   RO         6504    i.USBD_CDC_ReceivePacket  usbd_cdc.o
    0x08006f5c   0x08006f5c   0x00000016   Code   RO         6505    i.USBD_CDC_RegisterInterface  usbd_cdc.o
    0x08006f72   0x08006f72   0x0000001a   Code   RO         6506    i.USBD_CDC_SetRxBuffer  usbd_cdc.o
    0x08006f8c   0x08006f8c   0x0000001e   Code   RO         6507    i.USBD_CDC_SetTxBuffer  usbd_cdc.o
    0x08006faa   0x08006faa   0x000000d4   Code   RO         6508    i.USBD_CDC_Setup    usbd_cdc.o
    0x0800707e   0x0800707e   0x00000014   Code   RO         6198    i.USBD_ClrClassConfig  usbd_core.o
    0x08007092   0x08007092   0x00000004   Code   RO         6199    i.USBD_CoreFindEP   usbd_core.o
    0x08007096   0x08007096   0x00000004   Code   RO         6200    i.USBD_CoreFindIF   usbd_core.o
    0x0800709a   0x0800709a   0x00000010   Code   RO         6435    i.USBD_CtlContinueRx  usbd_ioreq.o
    0x080070aa   0x080070aa   0x00000010   Code   RO         6436    i.USBD_CtlContinueSendData  usbd_ioreq.o
    0x080070ba   0x080070ba   0x00000016   Code   RO         6358    i.USBD_CtlError     usbd_ctlreq.o
    0x080070d0   0x080070d0   0x00000022   Code   RO         6437    i.USBD_CtlPrepareRx  usbd_ioreq.o
    0x080070f2   0x080070f2   0x00000016   Code   RO         6438    i.USBD_CtlReceiveStatus  usbd_ioreq.o
    0x08007108   0x08007108   0x0000001c   Code   RO         6439    i.USBD_CtlSendData  usbd_ioreq.o
    0x08007124   0x08007124   0x00000016   Code   RO         6440    i.USBD_CtlSendStatus  usbd_ioreq.o
    0x0800713a   0x0800713a   0x00000002   PAD
    0x0800713c   0x0800713c   0x00000020   Code   RO          834    i.USBD_FS_ConfigStrDescriptor  usbd_desc.o
    0x0800715c   0x0800715c   0x0000000c   Code   RO          835    i.USBD_FS_DeviceDescriptor  usbd_desc.o
    0x08007168   0x08007168   0x00000024   Code   RO          836    i.USBD_FS_InterfaceStrDescriptor  usbd_desc.o
    0x0800718c   0x0800718c   0x0000000c   Code   RO          837    i.USBD_FS_LangIDStrDescriptor  usbd_desc.o
    0x08007198   0x08007198   0x00000028   Code   RO          838    i.USBD_FS_ManufacturerStrDescriptor  usbd_desc.o
    0x080071c0   0x080071c0   0x0000002c   Code   RO          839    i.USBD_FS_ProductStrDescriptor  usbd_desc.o
    0x080071ec   0x080071ec   0x00000038   Code   RO          840    i.USBD_FS_SerialStrDescriptor  usbd_desc.o
    0x08007224   0x08007224   0x000000e6   Code   RO         6359    i.USBD_GetDescriptor  usbd_ctlreq.o
    0x0800730a   0x0800730a   0x0000003a   Code   RO         6202    i.USBD_GetEpDesc    usbd_core.o
    0x08007344   0x08007344   0x00000014   Code   RO         6360    i.USBD_GetLen       usbd_ctlreq.o
    0x08007358   0x08007358   0x0000000e   Code   RO         6203    i.USBD_GetNextDesc  usbd_core.o
    0x08007366   0x08007366   0x0000004e   Code   RO         6361    i.USBD_GetString    usbd_ctlreq.o
    0x080073b4   0x080073b4   0x00000018   Code   RO          989    i.USBD_Get_USB_Status  usbd_conf.o
    0x080073cc   0x080073cc   0x00000026   Code   RO         6204    i.USBD_Init         usbd_core.o
    0x080073f2   0x080073f2   0x00000012   Code   RO          990    i.USBD_LL_ClearStallEP  usbd_conf.o
    0x08007404   0x08007404   0x00000012   Code   RO          991    i.USBD_LL_CloseEP   usbd_conf.o
    0x08007416   0x08007416   0x000000b8   Code   RO         6205    i.USBD_LL_DataInStage  usbd_core.o
    0x080074ce   0x080074ce   0x00000094   Code   RO         6206    i.USBD_LL_DataOutStage  usbd_core.o
    0x08007562   0x08007562   0x00000004   Code   RO         6207    i.USBD_LL_DevConnected  usbd_core.o
    0x08007566   0x08007566   0x0000001e   Code   RO         6208    i.USBD_LL_DevDisconnected  usbd_core.o
    0x08007584   0x08007584   0x00000008   Code   RO          995    i.USBD_LL_GetRxDataSize  usbd_conf.o
    0x0800758c   0x0800758c   0x00000060   Code   RO          996    i.USBD_LL_Init      usbd_conf.o
    0x080075ec   0x080075ec   0x0000001e   Code   RO          997    i.USBD_LL_IsStallEP  usbd_conf.o
    0x0800760a   0x0800760a   0x00000028   Code   RO         6209    i.USBD_LL_IsoINIncomplete  usbd_core.o
    0x08007632   0x08007632   0x00000028   Code   RO         6210    i.USBD_LL_IsoOUTIncomplete  usbd_core.o
    0x0800765a   0x0800765a   0x00000018   Code   RO          998    i.USBD_LL_OpenEP    usbd_conf.o
    0x08007672   0x08007672   0x00000012   Code   RO          999    i.USBD_LL_PrepareReceive  usbd_conf.o
    0x08007684   0x08007684   0x0000005e   Code   RO         6211    i.USBD_LL_Reset     usbd_core.o
    0x080076e2   0x080076e2   0x00000014   Code   RO         6212    i.USBD_LL_Resume    usbd_core.o
    0x080076f6   0x080076f6   0x0000001a   Code   RO         6213    i.USBD_LL_SOF       usbd_core.o
    0x08007710   0x08007710   0x00000006   Code   RO         6214    i.USBD_LL_SetSpeed  usbd_core.o
    0x08007716   0x08007716   0x00000012   Code   RO         1000    i.USBD_LL_SetUSBAddress  usbd_conf.o
    0x08007728   0x08007728   0x00000060   Code   RO         6215    i.USBD_LL_SetupStage  usbd_core.o
    0x08007788   0x08007788   0x00000012   Code   RO         1001    i.USBD_LL_StallEP   usbd_conf.o
    0x0800779a   0x0800779a   0x00000012   Code   RO         1002    i.USBD_LL_Start     usbd_conf.o
    0x080077ac   0x080077ac   0x0000001a   Code   RO         6216    i.USBD_LL_Suspend   usbd_core.o
    0x080077c6   0x080077c6   0x00000012   Code   RO         1004    i.USBD_LL_Transmit  usbd_conf.o
    0x080077d8   0x080077d8   0x0000002c   Code   RO         6362    i.USBD_ParseSetupRequest  usbd_ctlreq.o
    0x08007804   0x08007804   0x0000003a   Code   RO         6217    i.USBD_RegisterClass  usbd_core.o
    0x0800783e   0x0800783e   0x00000014   Code   RO         6219    i.USBD_SetClassConfig  usbd_core.o
    0x08007852   0x08007852   0x00000002   PAD
    0x08007854   0x08007854   0x000000b8   Code   RO         6363    i.USBD_SetConfig    usbd_ctlreq.o
    0x0800790c   0x0800790c   0x00000004   Code   RO         6220    i.USBD_Start        usbd_core.o
    0x08007910   0x08007910   0x0000012c   Code   RO         6364    i.USBD_StdDevReq    usbd_ctlreq.o
    0x08007a3c   0x08007a3c   0x00000166   Code   RO         6365    i.USBD_StdEPReq     usbd_ctlreq.o
    0x08007ba2   0x08007ba2   0x00000072   Code   RO         6366    i.USBD_StdItfReq    usbd_ctlreq.o
    0x08007c14   0x08007c14   0x00000002   Code   RO         1005    i.USBD_static_free  usbd_conf.o
    0x08007c16   0x08007c16   0x00000002   PAD
    0x08007c18   0x08007c18   0x00000008   Code   RO         1006    i.USBD_static_malloc  usbd_conf.o
    0x08007c20   0x08007c20   0x00000080   Code   RO         2437    i.USB_ActivateEndpoint  stm32f4xx_ll_usb.o
    0x08007ca0   0x08007ca0   0x0000001c   Code   RO         2439    i.USB_ActivateSetup  stm32f4xx_ll_usb.o
    0x08007cbc   0x08007cbc   0x00000084   Code   RO         2441    i.USB_CoreInit      stm32f4xx_ll_usb.o
    0x08007d40   0x08007d40   0x00000044   Code   RO         2442    i.USB_CoreReset     stm32f4xx_ll_usb.o
    0x08007d84   0x08007d84   0x000000cc   Code   RO         2445    i.USB_DeactivateEndpoint  stm32f4xx_ll_usb.o
    0x08007e50   0x08007e50   0x0000001c   Code   RO         2446    i.USB_DevConnect    stm32f4xx_ll_usb.o
    0x08007e6c   0x08007e6c   0x0000001c   Code   RO         2447    i.USB_DevDisconnect  stm32f4xx_ll_usb.o
    0x08007e88   0x08007e88   0x0000017c   Code   RO         2448    i.USB_DevInit       stm32f4xx_ll_usb.o
    0x08008004   0x08008004   0x0000000c   Code   RO         2449    i.USB_DisableGlobalInt  stm32f4xx_ll_usb.o
    0x08008010   0x08008010   0x00000058   Code   RO         2452    i.USB_EP0_OutStart  stm32f4xx_ll_usb.o
    0x08008068   0x08008068   0x00000058   Code   RO         2453    i.USB_EPClearStall  stm32f4xx_ll_usb.o
    0x080080c0   0x080080c0   0x00000058   Code   RO         2454    i.USB_EPSetStall    stm32f4xx_ll_usb.o
    0x08008118   0x08008118   0x00000238   Code   RO         2455    i.USB_EPStartXfer   stm32f4xx_ll_usb.o
    0x08008350   0x08008350   0x0000009e   Code   RO         2456    i.USB_EPStopXfer    stm32f4xx_ll_usb.o
    0x080083ee   0x080083ee   0x0000000c   Code   RO         2457    i.USB_EnableGlobalInt  stm32f4xx_ll_usb.o
    0x080083fa   0x080083fa   0x00000038   Code   RO         2458    i.USB_FlushRxFifo   stm32f4xx_ll_usb.o
    0x08008432   0x08008432   0x0000003c   Code   RO         2459    i.USB_FlushTxFifo   stm32f4xx_ll_usb.o
    0x0800846e   0x0800846e   0x0000001a   Code   RO         2461    i.USB_GetDevSpeed   stm32f4xx_ll_usb.o
    0x08008488   0x08008488   0x00000008   Code   RO         2463    i.USB_GetMode       stm32f4xx_ll_usb.o
    0x08008490   0x08008490   0x0000000e   Code   RO         2471    i.USB_ReadDevAllInEpInterrupt  stm32f4xx_ll_usb.o
    0x0800849e   0x0800849e   0x0000000e   Code   RO         2472    i.USB_ReadDevAllOutEpInterrupt  stm32f4xx_ll_usb.o
    0x080084ac   0x080084ac   0x00000024   Code   RO         2473    i.USB_ReadDevInEPInterrupt  stm32f4xx_ll_usb.o
    0x080084d0   0x080084d0   0x00000010   Code   RO         2474    i.USB_ReadDevOutEPInterrupt  stm32f4xx_ll_usb.o
    0x080084e0   0x080084e0   0x00000008   Code   RO         2475    i.USB_ReadInterrupts  stm32f4xx_ll_usb.o
    0x080084e8   0x080084e8   0x0000003e   Code   RO         2476    i.USB_ReadPacket    stm32f4xx_ll_usb.o
    0x08008526   0x08008526   0x0000005c   Code   RO         2478    i.USB_SetCurrentMode  stm32f4xx_ll_usb.o
    0x08008582   0x08008582   0x00000022   Code   RO         2479    i.USB_SetDevAddress  stm32f4xx_ll_usb.o
    0x080085a4   0x080085a4   0x000000e8   Code   RO         2481    i.USB_SetTurnaroundTime  stm32f4xx_ll_usb.o
    0x0800868c   0x0800868c   0x00000028   Code   RO         2484    i.USB_WritePacket   stm32f4xx_ll_usb.o
    0x080086b4   0x080086b4   0x00000002   Code   RO          594    i.UsageFault_Handler  stm32f4xx_it.o
    0x080086b6   0x080086b6   0x00000002   PAD
    0x080086b8   0x080086b8   0x0000003c   Code   RO         6602    i.Verify_CRC16_Check_Sum  crc.o
    0x080086f4   0x080086f4   0x00000026   Code   RO         6603    i.Verify_CRC8_Check_Sum  crc.o
    0x0800871a   0x0800871a   0x00000026   Code   RO         9153    i.__ARM_fpclassifyf  m_wm.l(fpclassifyf.o)
    0x08008740   0x08008740   0x00000020   Code   RO         3501    i.__NVIC_SetPriority  stm32f4xx_hal_cortex.o
    0x08008760   0x08008760   0x00000250   Code   RO         8991    i.__hardfp_atan2f   m_wm.l(atan2f.o)
    0x080089b0   0x080089b0   0x00000150   Code   RO         9003    i.__hardfp_cosf     m_wm.l(cosf.o)
    0x08008b00   0x08008b00   0x00000048   Code   RO         9051    i.__hardfp_fminf    m_wm.l(fminf.o)
    0x08008b48   0x08008b48   0x00000190   Code   RO         9015    i.__hardfp_sinf     m_wm.l(sinf.o)
    0x08008cd8   0x08008cd8   0x0000003a   Code   RO         9039    i.__hardfp_sqrtf    m_wm.l(sqrtf.o)
    0x08008d12   0x08008d12   0x00000006   Code   RO         9156    i.__mathlib_flt_infnan  m_wm.l(funder.o)
    0x08008d18   0x08008d18   0x00000006   Code   RO         9157    i.__mathlib_flt_infnan2  m_wm.l(funder.o)
    0x08008d1e   0x08008d1e   0x00000002   PAD
    0x08008d20   0x08008d20   0x00000010   Code   RO         9158    i.__mathlib_flt_invalid  m_wm.l(funder.o)
    0x08008d30   0x08008d30   0x00000010   Code   RO         9161    i.__mathlib_flt_underflow  m_wm.l(funder.o)
    0x08008d40   0x08008d40   0x00000154   Code   RO         9169    i.__mathlib_rredf2  m_wm.l(rredf.o)
    0x08008e94   0x08008e94   0x00000128   Code   RO         7727    i.bmi088_accel_init  bmi088driver.o
    0x08008fbc   0x08008fbc   0x000000fc   Code   RO         7728    i.bmi088_gyro_init  bmi088driver.o
    0x080090b8   0x080090b8   0x000000e4   Code   RO         8628    i.chassis_calc_angle  chassis.o
    0x0800919c   0x0800919c   0x0000014c   Code   RO         8629    i.chassis_calc_move_speed  chassis.o
    0x080092e8   0x080092e8   0x00000066   Code   RO         8630    i.chassis_calc_pid_out  chassis.o
    0x0800934e   0x0800934e   0x00000002   PAD
    0x08009350   0x08009350   0x00000068   Code   RO         8631    i.chassis_pid_init  chassis.o
    0x080093b8   0x080093b8   0x00000084   Code   RO         8632    i.chassis_set_max_power  chassis.o
    0x0800943c   0x0800943c   0x0000006c   Code   RO         7552    i.dbus_init         dbus.o
    0x080094a8   0x080094a8   0x00000090   Code   RO         7119    i.f_Changing_Integration_Rate  pid_enhanced.o
    0x08009538   0x08009538   0x0000008a   Code   RO         7120    i.f_Derivative_On_Measurement  pid_enhanced.o
    0x080095c2   0x080095c2   0x00000002   PAD
    0x080095c4   0x080095c4   0x00000084   Code   RO         7121    i.f_Integral_Limit  pid_enhanced.o
    0x08009648   0x08009648   0x0000002a   Code   RO         6775    i.first_order_filter_cali  user_lib.o
    0x08009672   0x08009672   0x00000002   PAD
    0x08009674   0x08009674   0x0000001c   Code   RO         6776    i.first_order_filter_init  user_lib.o
    0x08009690   0x08009690   0x00000024   Code   RO         6777    i.float_constrain   user_lib.o
    0x080096b4   0x080096b4   0x00000024   Code   RO         8140    i.get_m3508_measure  m3508.o
    0x080096d8   0x080096d8   0x00000038   Code   RO         8179    i.get_mf9025_measure  mf9025.o
    0x08009710   0x08009710   0x00000026   Code   RO         8471    i.get_supercap_power  super_cap.o
    0x08009736   0x08009736   0x00000010   Code   RO         8472    i.get_supercap_remain  super_cap.o
    0x08009746   0x08009746   0x00000002   PAD
    0x08009748   0x08009748   0x0000000c   Code   RO         7042    i.get_uart_ins_map  bsp_uart.o
    0x08009754   0x08009754   0x0000000c   Code   RO         5670    i.inHandlerMode     cmsis_os.o
    0x08009760   0x08009760   0x00000012   Code   RO         8323    i.initPowerControllerConfig  power_ctrl.o
    0x08009772   0x08009772   0x00000014   Code   RO         6780    i.int16_constrain   user_lib.o
    0x08009786   0x08009786   0x00000002   PAD
    0x08009788   0x08009788   0x00000048   Code   RO         8324    i.limitMaxPower     power_ctrl.o
    0x080097d0   0x080097d0   0x00000048   Code   RO         6783    i.loop_float_constrain  user_lib.o
    0x08009818   0x08009818   0x0000005e   Code   RO         8141    i.m3508_ctrl        m3508.o
    0x08009876   0x08009876   0x00000002   PAD
    0x08009878   0x08009878   0x00000088   Code   RO         8142    i.m3508_init        m3508.o
    0x08009900   0x08009900   0x00000042   Code   RO           16    i.main              main.o
    0x08009942   0x08009942   0x0000000c   Code   RO         5672    i.makeFreeRtosPriority  cmsis_os.o
    0x0800994e   0x0800994e   0x00000024   Code   RO         8180    i.mf9025_callback   mf9025.o
    0x08009972   0x08009972   0x00000054   Code   RO         8181    i.mf9025_ctrl_speed  mf9025.o
    0x080099c6   0x080099c6   0x00000002   PAD
    0x080099c8   0x080099c8   0x00000030   Code   RO         8182    i.mf9025_init       mf9025.o
    0x080099f8   0x080099f8   0x0000005c   Code   RO         8183    i.mf9025_set_pid    mf9025.o
    0x08009a54   0x08009a54   0x0000000e   Code   RO         5674    i.osDelay           cmsis_os.o
    0x08009a62   0x08009a62   0x0000000a   Code   RO         5677    i.osKernelStart     cmsis_os.o
    0x08009a6c   0x08009a6c   0x0000005c   Code   RO         5681    i.osMailCreate      cmsis_os.o
    0x08009ac8   0x08009ac8   0x0000000c   Code   RO         5682    i.osMailFree        cmsis_os.o
    0x08009ad4   0x08009ad4   0x00000090   Code   RO         5683    i.osMailGet         cmsis_os.o
    0x08009b64   0x08009b64   0x0000005e   Code   RO         5698    i.osPoolCreate      cmsis_os.o
    0x08009bc2   0x08009bc2   0x00000030   Code   RO         5699    i.osPoolFree        cmsis_os.o
    0x08009bf2   0x08009bf2   0x0000003e   Code   RO         5703    i.osSemaphoreCreate  cmsis_os.o
    0x08009c30   0x08009c30   0x00000050   Code   RO         5706    i.osSemaphoreRelease  cmsis_os.o
    0x08009c80   0x08009c80   0x00000064   Code   RO         5707    i.osSemaphoreWait   cmsis_os.o
    0x08009ce4   0x08009ce4   0x00000054   Code   RO         5711    i.osThreadCreate    cmsis_os.o
    0x08009d38   0x08009d38   0x00000078   Code   RO         5326    i.prvAddCurrentTaskToDelayedList  tasks.o
    0x08009db0   0x08009db0   0x000000d0   Code   RO         5327    i.prvAddNewTaskToReadyList  tasks.o
    0x08009e80   0x08009e80   0x00000026   Code   RO         4989    i.prvCopyDataFromQueue  queue.o
    0x08009ea6   0x08009ea6   0x0000006c   Code   RO         4990    i.prvCopyDataToQueue  queue.o
    0x08009f12   0x08009f12   0x00000034   Code   RO         5328    i.prvDeleteTCB      tasks.o
    0x08009f46   0x08009f46   0x00000002   PAD
    0x08009f48   0x08009f48   0x0000004c   Code   RO         6051    i.prvHeapInit       heap_4.o
    0x08009f94   0x08009f94   0x00000064   Code   RO         5329    i.prvIdleTask       tasks.o
    0x08009ff8   0x08009ff8   0x00000016   Code   RO         4992    i.prvInitialiseNewQueue  queue.o
    0x0800a00e   0x0800a00e   0x00000002   PAD
    0x0800a010   0x0800a010   0x000000b4   Code   RO         5330    i.prvInitialiseNewTask  tasks.o
    0x0800a0c4   0x0800a0c4   0x0000004c   Code   RO         6052    i.prvInsertBlockIntoFreeList  heap_4.o
    0x0800a110   0x0800a110   0x0000001c   Code   RO         4993    i.prvIsQueueEmpty   queue.o
    0x0800a12c   0x0800a12c   0x00000020   Code   RO         5331    i.prvResetNextTaskUnblockTime  tasks.o
    0x0800a14c   0x0800a14c   0x00000028   Code   RO         6120    i.prvTaskExitError  port.o
    0x0800a174   0x0800a174   0x0000006a   Code   RO         4994    i.prvUnlockQueue    queue.o
    0x0800a1de   0x0800a1de   0x00000002   PAD
    0x0800a1e0   0x0800a1e0   0x000000dc   Code   RO         6053    i.pvPortMalloc      heap_4.o
    0x0800a2bc   0x0800a2bc   0x00000018   Code   RO         5334    i.pvTaskIncrementMutexHeldCount  tasks.o
    0x0800a2d4   0x0800a2d4   0x0000002c   Code   RO         6121    i.pxPortInitialiseStack  port.o
    0x0800a300   0x0800a300   0x00000014   Code   RO         6788    i.radian_format     user_lib.o
    0x0800a314   0x0800a314   0x00000006   Code   RO         8325    i.setMaxPower       power_ctrl.o
    0x0800a31a   0x0800a31a   0x00000002   PAD
    0x0800a31c   0x0800a31c   0x00000040   Code   RO         8473    i.super_cap_init    super_cap.o
    0x0800a35c   0x0800a35c   0x0000001c   Code   RO         8474    i.super_cap_use     super_cap.o
    0x0800a378   0x0800a378   0x0000003c   Code   RO         8516    i.task_init         task_init.o
    0x0800a3b4   0x0800a3b4   0x00000014   Code   RO         6792    i.theta_format      user_lib.o
    0x0800a3c8   0x0800a3c8   0x0000000c   Code   RO         6793    i.unpack_4bytes_to_floats  user_lib.o
    0x0800a3d4   0x0800a3d4   0x00000026   Code   RO         4949    i.uxListRemove      list.o
    0x0800a3fa   0x0800a3fa   0x00000002   PAD
    0x0800a3fc   0x0800a3fc   0x00000014   Code   RO          276    i.vApplicationGetIdleTaskMemory  freertos.o
    0x0800a410   0x0800a410   0x00000002   Code   RO          277    i.vApplicationIdleHook  freertos.o
    0x0800a412   0x0800a412   0x00000002   Code   RO          278    i.vApplicationTickHook  freertos.o
    0x0800a414   0x0800a414   0x00000016   Code   RO         4950    i.vListInitialise   list.o
    0x0800a42a   0x0800a42a   0x00000006   Code   RO         4951    i.vListInitialiseItem  list.o
    0x0800a430   0x0800a430   0x00000030   Code   RO         4952    i.vListInsert       list.o
    0x0800a460   0x0800a460   0x00000018   Code   RO         4953    i.vListInsertEnd    list.o
    0x0800a478   0x0800a478   0x00000040   Code   RO         6123    i.vPortEnterCritical  port.o
    0x0800a4b8   0x0800a4b8   0x00000028   Code   RO         6124    i.vPortExitCritical  port.o
    0x0800a4e0   0x0800a4e0   0x00000064   Code   RO         6054    i.vPortFree         heap_4.o
    0x0800a544   0x0800a544   0x00000024   Code   RO         6125    i.vPortSetupTimerInterrupt  port.o
    0x0800a568   0x0800a568   0x00000054   Code   RO         6126    i.vPortValidateInterruptPriority  port.o
    0x0800a5bc   0x0800a5bc   0x0000004c   Code   RO         5342    i.vTaskDelay        tasks.o
    0x0800a608   0x0800a608   0x00000010   Code   RO         5345    i.vTaskInternalSetTimeOutState  tasks.o
    0x0800a618   0x0800a618   0x0000000c   Code   RO         5346    i.vTaskMissedYield  tasks.o
    0x0800a624   0x0800a624   0x00000030   Code   RO         5348    i.vTaskPlaceOnEventList  tasks.o
    0x0800a654   0x0800a654   0x000000a0   Code   RO         5350    i.vTaskPriorityDisinheritAfterTimeout  tasks.o
    0x0800a6f4   0x0800a6f4   0x0000006c   Code   RO         5355    i.vTaskStartScheduler  tasks.o
    0x0800a760   0x0800a760   0x00000010   Code   RO         5357    i.vTaskSuspendAll   tasks.o
    0x0800a770   0x0800a770   0x0000005c   Code   RO         5358    i.vTaskSwitchContext  tasks.o
    0x0800a7cc   0x0800a7cc   0x000000f4   Code   RO         6127    i.xPortStartScheduler  port.o
    0x0800a8c0   0x0800a8c0   0x00000042   Code   RO         5003    i.xQueueGenericCreate  queue.o
    0x0800a902   0x0800a902   0x00000066   Code   RO         5004    i.xQueueGenericCreateStatic  queue.o
    0x0800a968   0x0800a968   0x00000088   Code   RO         5005    i.xQueueGenericReset  queue.o
    0x0800a9f0   0x0800a9f0   0x00000160   Code   RO         5006    i.xQueueGenericSend  queue.o
    0x0800ab50   0x0800ab50   0x0000009c   Code   RO         5010    i.xQueueGiveFromISR  queue.o
    0x0800abec   0x0800abec   0x00000138   Code   RO         5015    i.xQueueReceive     queue.o
    0x0800ad24   0x0800ad24   0x0000009a   Code   RO         5016    i.xQueueReceiveFromISR  queue.o
    0x0800adbe   0x0800adbe   0x00000002   PAD
    0x0800adc0   0x0800adc0   0x00000178   Code   RO         5017    i.xQueueSemaphoreTake  queue.o
    0x0800af38   0x0800af38   0x00000088   Code   RO         5361    i.xTaskCheckForTimeOut  tasks.o
    0x0800afc0   0x0800afc0   0x0000005a   Code   RO         5362    i.xTaskCreate       tasks.o
    0x0800b01a   0x0800b01a   0x00000056   Code   RO         5363    i.xTaskCreateStatic  tasks.o
    0x0800b070   0x0800b070   0x0000001c   Code   RO         5368    i.xTaskGetSchedulerState  tasks.o
    0x0800b08c   0x0800b08c   0x000000d8   Code   RO         5371    i.xTaskIncrementTick  tasks.o
    0x0800b164   0x0800b164   0x00000098   Code   RO         5374    i.xTaskPriorityDisinherit  tasks.o
    0x0800b1fc   0x0800b1fc   0x0000008c   Code   RO         5375    i.xTaskPriorityInherit  tasks.o
    0x0800b288   0x0800b288   0x00000074   Code   RO         5376    i.xTaskRemoveFromEventList  tasks.o
    0x0800b2fc   0x0800b2fc   0x000000c4   Code   RO         5377    i.xTaskResumeAll    tasks.o
    0x0800b3c0   0x0800b3c0   0x00000150   Code   RO         8945    x$fpl$dadd          fz_wm.l(daddsub_clz.o)
    0x0800b510   0x0800b510   0x000002b0   Code   RO         8952    x$fpl$ddiv          fz_wm.l(ddiv.o)
    0x0800b7c0   0x0800b7c0   0x0000005e   Code   RO         8955    x$fpl$dfix          fz_wm.l(dfix.o)
    0x0800b81e   0x0800b81e   0x0000009c   Code   RO         9138    x$fpl$dnaninf       fz_wm.l(dnaninf.o)
    0x0800b8ba   0x0800b8ba   0x0000000c   Code   RO         9140    x$fpl$dretinf       fz_wm.l(dretinf.o)
    0x0800b8c6   0x0800b8c6   0x00000002   PAD
    0x0800b8c8   0x0800b8c8   0x000001d4   Code   RO         8947    x$fpl$dsub          fz_wm.l(daddsub_clz.o)
    0x0800ba9c   0x0800ba9c   0x00000056   Code   RO         8965    x$fpl$f2d           fz_wm.l(f2d.o)
    0x0800baf2   0x0800baf2   0x00000002   PAD
    0x0800baf4   0x0800baf4   0x00000052   Code   RO         9144    x$fpl$fcmp4         fz_wm.l(fcmp4.o)
    0x0800bb46   0x0800bb46   0x00000018   Code   RO         9218    x$fpl$fcmpinf       fz_wm.l(fcmpi.o)
    0x0800bb5e   0x0800bb5e   0x0000008c   Code   RO         9148    x$fpl$fnaninf       fz_wm.l(fnaninf.o)
    0x0800bbea   0x0800bbea   0x0000000a   Code   RO         9220    x$fpl$fpinit        fz_wm.l(fpinit.o)
    0x0800bbf4   0x0800bbf4   0x00000000   Code   RO         9152    x$fpl$usenofp       fz_wm.l(usenofp.o)
    0x0800bbf4   0x0800bbf4   0x0000001c   Data   RO          280    .constdata          freertos.o
    0x0800bc10   0x0800bc10   0x00000008   Data   RO         3215    .constdata          stm32f4xx_hal_dma.o
    0x0800bc18   0x0800bc18   0x00000010   Data   RO         4812    .constdata          system_stm32f4xx.o
    0x0800bc28   0x0800bc28   0x00000008   Data   RO         4813    .constdata          system_stm32f4xx.o
    0x0800bc30   0x0800bc30   0x00000300   Data   RO         6606    .constdata          crc.o
    0x0800bf30   0x0800bf30   0x00000028   Data   RO         7044    .constdata          bsp_uart.o
    0x0800bf58   0x0800bf58   0x00000038   Data   RO         8517    .constdata          task_init.o
    0x0800bf90   0x0800bf90   0x00000048   Data   RO         8635    .constdata          chassis.o
    0x0800bfd8   0x0800bfd8   0x00000020   Data   RO         9170    .constdata          m_wm.l(rredf.o)
    0x0800bff8   0x0800bff8   0x0000000c   Data   RO          281    .conststring        freertos.o
    0x0800c004   0x0800c004   0x0000000b   Data   RO         7045    .conststring        bsp_uart.o
    0x0800c00f   0x0800c00f   0x00000001   PAD
    0x0800c010   0x0800c010   0x00000018   Data   RO         8518    .conststring        task_init.o
    0x0800c028   0x0800c028   0x00000020   Data   RO         9309    Region$$Table       anon$$obj.o


    Execution Region RW_IRAM1 (Exec base: 0x20000000, Load base: 0x0800c048, Size: 0x0000aea8, Max: 0x0001c000, ABSOLUTE, COMPRESSED[0x00000114])

    Exec Addr    Load Addr    Size         Type   Attr      Idx    E Section Name        Object

    0x20000000   COMPRESSED   0x00000004   Data   RW          282    .data               freertos.o
    0x20000004   COMPRESSED   0x00000004   Data   RW          344    .data               can.o
    0x20000008   COMPRESSED   0x0000001c   Data   RW          842    .data               usbd_desc.o
    0x20000024   COMPRESSED   0x00000032   Data   RW          843    .data               usbd_desc.o
    0x20000056   COMPRESSED   0x00000002   PAD
    0x20000058   COMPRESSED   0x00000014   Data   RW          926    .data               usbd_cdc_if.o
    0x2000006c   COMPRESSED   0x0000000c   Data   RW         3660    .data               stm32f4xx_hal.o
    0x20000078   COMPRESSED   0x00000004   Data   RW         4814    .data               system_stm32f4xx.o
    0x2000007c   COMPRESSED   0x0000003c   Data   RW         5380    .data               tasks.o
    0x200000b8   COMPRESSED   0x00000020   Data   RW         6060    .data               heap_4.o
    0x200000d8   COMPRESSED   0x0000000c   Data   RW         6128    .data               port.o
    0x200000e4   COMPRESSED   0x00000001   Data   RW         6367    .data               usbd_ctlreq.o
    0x200000e5   COMPRESSED   0x00000003   PAD
    0x200000e8   COMPRESSED   0x00000053   Data   RW         6510    .data               usbd_cdc.o
    0x2000013b   COMPRESSED   0x00000001   PAD
    0x2000013c   COMPRESSED   0x00000038   Data   RW         6511    .data               usbd_cdc.o
    0x20000174   COMPRESSED   0x00000002   Data   RW         6608    .data               crc.o
    0x20000176   COMPRESSED   0x00000002   PAD
    0x20000178   COMPRESSED   0x00000008   Data   RW         6978    .data               bsp_can.o
    0x20000180   COMPRESSED   0x00000040   Data   RW         7229    .data               bsp_dwt.o
    0x200001c0   COMPRESSED   0x00000004   Data   RW         7553    .data               dbus.o
    0x200001c4   COMPRESSED   0x0000000c   Data   RW         7641    .data               ins.o
    0x200001d0   COMPRESSED   0x0000004c   Data   RW         7730    .data               bmi088driver.o
    0x2000021c   COMPRESSED   0x00000004   Data   RW         7807    .data               bmi088middleware.o
    0x20000220   COMPRESSED   0x00000008   Data   RW         8016    .data               led.o
    0x20000228   COMPRESSED   0x00000004   Data   RW         8234    .data               nuc.o
    0x2000022c   COMPRESSED   0x00000004   Data   RW         8326    .data               power_ctrl.o
    0x20000230   COMPRESSED   0x00000004   Data   RW         8416    .data               referee.o
    0x20000234   COMPRESSED   0x00000008   Data   RW         8519    .data               task_init.o
    0x2000023c   COMPRESSED   0x0000000c   Data   RW         8637    .data               chassis.o
    0x20000248   COMPRESSED   0x0000001c   Data   RW         8718    .data               daemon.o
    0x20000264        -       0x00000254   Zero   RW          279    .bss                freertos.o
    0x200004b8        -       0x00000050   Zero   RW          343    .bss                can.o
    0x20000508        -       0x00000118   Zero   RW          415    .bss                spi.o
    0x20000620        -       0x00000120   Zero   RW          461    .bss                tim.o
    0x20000740        -       0x000002b8   Zero   RW          525    .bss                usart.o
    0x200009f8        -       0x00000048   Zero   RW          749    .bss                stm32f4xx_hal_timebase_tim.o
    0x20000a40        -       0x000002dc   Zero   RW          786    .bss                usb_device.o
    0x20000d1c        -       0x00000200   Zero   RW          841    .bss                usbd_desc.o
    0x20000f1c        -       0x00001000   Zero   RW          925    .bss                usbd_cdc_if.o
    0x20001f1c        -       0x00000704   Zero   RW         1007    .bss                usbd_conf.o
    0x20002620        -       0x000000f0   Zero   RW         5379    .bss                tasks.o
    0x20002710        -       0x00003c00   Zero   RW         6059    .bss                heap_4.o
    0x20006310        -       0x000000c4   Zero   RW         6976    .bss                bsp_can.o
    0x200063d4        -       0x000000c4   Zero   RW         6977    .bss                bsp_can.o
    0x20006498        -       0x0000000c   Zero   RW         7043    .bss                bsp_uart.o
    0x200064a4   COMPRESSED   0x00000004   PAD
    0x200064a8        -       0x000000b8   Zero   RW         7637    .bss                ins.o
    0x20006560        -       0x0000000c   Zero   RW         7729    .bss                bmi088driver.o
    0x2000656c        -       0x000008c0   Zero   RW         8633    .bss                chassis.o
    0x20006e2c        -       0x00000018   Zero   RW         8717    .bss                daemon.o
    0x20006e44        -       0x00000060   Zero   RW         9175    .bss                c_w.l(libspace.o)
    0x20006ea4   COMPRESSED   0x00000004   PAD
    0x20006ea8        -       0x00002000   Zero   RW            2    HEAP                startup_stm32f407xx.o
    0x20008ea8        -       0x00002000   Zero   RW            1    STACK               startup_stm32f407xx.o


    Execution Region RW_IRAM2 (Exec base: 0x2001c000, Load base: 0x0800c15c, Size: 0x00000000, Max: 0x00004000, ABSOLUTE)

    **** No section assigned to this execution region ****


==============================================================================

Image component sizes


      Code (inc. data)   RO Data    RW Data    ZI Data      Debug   Object Name

      2236        112          0         76         12      10980   bmi088driver.o
       100         30          0          4          0       3060   bmi088middleware.o
       588         26          0          8        392       7221   bsp_can.o
       508         76          0         64          0       4835   bsp_dwt.o
        80          0          0          0          0       1842   bsp_pwm.o
       754         28         51          0         12      11564   bsp_uart.o
       388         42          0          4         80       2402   can.o
       146          4          0          0          0      17564   cboard_chassis.o
      1990        118         72         12       2240      37450   chassis.o
       764         14          0          0          0      35220   cmsis_os.o
         0          0          0          0          0        928   comm.o
       170         14        768          2          0       3994   crc.o
       312         18          0         28         24       2257   daemon.o
       362         26          0          4          0       3641   dbus.o
       156          4          0          0          0        830   dma.o
         0          0          0          0          0      19656   event_groups.o
        80         14         40          4        596       3324   freertos.o
         0          0          0          0          0       4640   gm6020.o
       244         16          0          0          0       1095   gpio.o
       472         24          0         32      15360       7307   heap_4.o
       176         24          0         12        184       9706   ins.o
       120         10          0          8          0       1882   led.o
       138          0          0          0          0       3450   list.o
       266          6          0          0          0       3430   m3508.o
       238         14          0          0          0     756764   main.o
       316          4          0          0          0       4866   mf9025.o
       300         24          0          4          0       4532   nuc.o
       776          8          0          0          0       2962   pid.o
      1238         20          0          0          0       8293   pid_enhanced.o
       786         82          0         12          0      11665   port.o
        96         16          0          4          0       4093   power_ctrl.o
        84         14          0          0          0       2128   power_ctrl_param_get.o
      1956         18          0          0          0      19348   queue.o
       596         24          0          4          0       9412   referee.o
       172          4          0          0          0       2091   rls.o
       328         32          0          0        280       1847   spi.o
        64         26        392          0      16384        828   startup_stm32f407xx.o
       116         18          0         12          0       8618   stm32f4xx_hal.o
      1682          6          0          0          0      14749   stm32f4xx_hal_can.o
       158         14          0          0          0      32954   stm32f4xx_hal_cortex.o
      1084         16          8          0          0       7214   stm32f4xx_hal_dma.o
       506         46          0          0          0       2144   stm32f4xx_hal_gpio.o
        56          4          0          0          0        838   stm32f4xx_hal_msp.o
      2576         12          0          0          0      13332   stm32f4xx_hal_pcd.o
        78          0          0          0          0       2345   stm32f4xx_hal_pcd_ex.o
      1424         92          0          0          0       6277   stm32f4xx_hal_rcc.o
       980         16          0          0          0       4829   stm32f4xx_hal_spi.o
      2094        166          0          0          0      17391   stm32f4xx_hal_tim.o
       232         28          0          0          0       3229   stm32f4xx_hal_tim_ex.o
       152         20          0          0         72       1436   stm32f4xx_hal_timebase_tim.o
      1616         26          0          0          0      12008   stm32f4xx_hal_uart.o
       264         90          0          0          0       9773   stm32f4xx_it.o
      2708        116          0          0          0      22832   stm32f4xx_ll_usb.o
         0          0          0          0          0        384   stream_buffer.o
       146          8          0          0          0       3352   super_cap.o
        16          4         24          4          0       1079   system_stm32f4xx.o
        60          8         80          8          0      14648   task_init.o
      2404        172          0         60        240      27499   tasks.o
       952         86          0          0        288       4657   tim.o
       832         78          0          0        696       3591   usart.o
        84         18          0          0        732       2575   usb_device.o
      1210         34          0        139          0      13327   usbd_cdc.o
        72         16          0         20       4096       3118   usbd_cdc_if.o
       642         24          0          0       1796      16400   usbd_conf.o
       934          0          0          0          0      15039   usbd_core.o
      1360         28          0          1          0      15152   usbd_ctlreq.o
       288        104          0         78        512       7261   usbd_desc.o
       138          0          0          0          0       4428   usbd_ioreq.o
       782         46          0          0          0       8356   user_lib.o

    ----------------------------------------------------------------------
     42726       2188       1468        612      44000    1327942   Object Totals
         0          0         32          0          0          0   (incl. Generated)
        80          0          1          8          4          0   (incl. Padding)

    ----------------------------------------------------------------------

      Code (inc. data)   RO Data    RW Data    ZI Data      Debug   Library Member Name

        90          0          0          0          0          0   __dczerorl2.o
         8          0          0          0          0         68   __main.o
         0          0          0          0          0          0   __rtentry.o
        12          0          0          0          0          0   __rtentry2.o
         6          0          0          0          0          0   __rtentry4.o
        52          8          0          0          0          0   __scatter.o
        28          0          0          0          0          0   __scatter_zi.o
        22          0          0          0          0        100   _rserrno.o
        16          0          0          0          0         68   aeabi_memset.o
        18          0          0          0          0         80   exit.o
         6          0          0          0          0        152   heapauxi.o
         0          0          0          0          0          0   indicate_semi.o
         2          0          0          0          0          0   libinit.o
         6          0          0          0          0          0   libinit2.o
         2          0          0          0          0          0   libshutdown.o
         2          0          0          0          0          0   libshutdown2.o
         8          4          0          0         96         68   libspace.o
       238          0          0          0          0        100   lludivv7m.o
         8          4          0          0          0         68   rt_errno_addr_intlibspace.o
        68          0          0          0          0         68   rt_memclr.o
        78          0          0          0          0         80   rt_memclr_w.o
       138          0          0          0          0         68   rt_memcpy_v6.o
       100          0          0          0          0         80   rt_memcpy_w.o
         2          0          0          0          0          0   rtexit.o
        10          0          0          0          0          0   rtexit2.o
        12          4          0          0          0         68   sys_exit.o
        74          0          0          0          0         80   sys_stackheap_outer.o
         2          0          0          0          0         68   use_no_semi.o
       804         16          0          0          0        368   daddsub_clz.o
       688        140          0          0          0        256   ddiv.o
        94          4          0          0          0        140   dfix.o
       156          4          0          0          0        140   dnaninf.o
        12          0          0          0          0        116   dretinf.o
        86          4          0          0          0        132   f2d.o
        82          4          0          0          0        160   fcmp4.o
        24          0          0          0          0        116   fcmpi.o
       140          4          0          0          0        132   fnaninf.o
        10          0          0          0          0        116   fpinit.o
         0          0          0          0          0          0   usenofp.o
       592         90          0          0          0        184   atan2f.o
       336         56          0          0          0        136   cosf.o
        72          0          0          0          0        148   fminf.o
        38          0          0          0          0        116   fpclassifyf.o
        44         12          0          0          0        464   funder.o
       340         24         32          0          0        160   rredf.o
       400         56          0          0          0        212   sinf.o
        58          0          0          0          0        136   sqrtf.o

    ----------------------------------------------------------------------
      4998        434         32          0        100       4448   Library Totals
        14          0          0          0          4          0   (incl. Padding)

    ----------------------------------------------------------------------

      Code (inc. data)   RO Data    RW Data    ZI Data      Debug   Library Name

      1008         20          0          0         96       1216   c_w.l
      2096        176          0          0          0       1676   fz_wm.l
      1880        238         32          0          0       1556   m_wm.l

    ----------------------------------------------------------------------
      4998        434         32          0        100       4448   Library Totals

    ----------------------------------------------------------------------

==============================================================================


      Code (inc. data)   RO Data    RW Data    ZI Data      Debug   

     47724       2622       1500        612      44100    1286718   Grand Totals
     47724       2622       1500        276      44100    1286718   ELF Image Totals (compressed)
     47724       2622       1500        276          0          0   ROM Totals

==============================================================================

    Total RO  Size (Code + RO Data)                49224 (  48.07kB)
    Total RW  Size (RW Data + ZI Data)             44712 (  43.66kB)
    Total ROM Size (Code + RO Data + RW Data)      49500 (  48.34kB)

==============================================================================

